Archive member included to satisfy reference by file (symbol)

/opt/ST/STM32CubeCLT_1.16.0/GNU-tools-for-STM32/bin/../lib/gcc/arm-none-eabi/12.3.1/../../../../arm-none-eabi/lib/thumb/v7e-m+fp/hard/libc_nano.a(libc_a-exit.o)
                              /opt/ST/STM32CubeCLT_1.16.0/GNU-tools-for-STM32/bin/../lib/gcc/arm-none-eabi/12.3.1/../../../../arm-none-eabi/lib/thumb/v7e-m+fp/hard/crt0.o (exit)
/opt/ST/STM32CubeCLT_1.16.0/GNU-tools-for-STM32/bin/../lib/gcc/arm-none-eabi/12.3.1/../../../../arm-none-eabi/lib/thumb/v7e-m+fp/hard/libc_nano.a(libc_a-nano-vfprintf_float.o)
                              (_printf_float)
/opt/ST/STM32CubeCLT_1.16.0/GNU-tools-for-STM32/bin/../lib/gcc/arm-none-eabi/12.3.1/../../../../arm-none-eabi/lib/thumb/v7e-m+fp/hard/libc_nano.a(libc_a-nano-vfprintf_i.o)
                              /opt/ST/STM32CubeCLT_1.16.0/GNU-tools-for-STM32/bin/../lib/gcc/arm-none-eabi/12.3.1/../../../../arm-none-eabi/lib/thumb/v7e-m+fp/hard/libc_nano.a(libc_a-nano-vfprintf_float.o) (_printf_common)
/opt/ST/STM32CubeCLT_1.16.0/GNU-tools-for-STM32/bin/../lib/gcc/arm-none-eabi/12.3.1/../../../../arm-none-eabi/lib/thumb/v7e-m+fp/hard/libc_nano.a(libc_a-setbuf.o)
                              build/main.o (setbuf)
/opt/ST/STM32CubeCLT_1.16.0/GNU-tools-for-STM32/bin/../lib/gcc/arm-none-eabi/12.3.1/../../../../arm-none-eabi/lib/thumb/v7e-m+fp/hard/libc_nano.a(libc_a-setvbuf.o)
                              /opt/ST/STM32CubeCLT_1.16.0/GNU-tools-for-STM32/bin/../lib/gcc/arm-none-eabi/12.3.1/../../../../arm-none-eabi/lib/thumb/v7e-m+fp/hard/libc_nano.a(libc_a-setbuf.o) (setvbuf)
/opt/ST/STM32CubeCLT_1.16.0/GNU-tools-for-STM32/bin/../lib/gcc/arm-none-eabi/12.3.1/../../../../arm-none-eabi/lib/thumb/v7e-m+fp/hard/libc_nano.a(libc_a-findfp.o)
                              /opt/ST/STM32CubeCLT_1.16.0/GNU-tools-for-STM32/bin/../lib/gcc/arm-none-eabi/12.3.1/../../../../arm-none-eabi/lib/thumb/v7e-m+fp/hard/libc_nano.a(libc_a-exit.o) (__stdio_exit_handler)
/opt/ST/STM32CubeCLT_1.16.0/GNU-tools-for-STM32/bin/../lib/gcc/arm-none-eabi/12.3.1/../../../../arm-none-eabi/lib/thumb/v7e-m+fp/hard/libc_nano.a(libc_a-fwalk.o)
                              /opt/ST/STM32CubeCLT_1.16.0/GNU-tools-for-STM32/bin/../lib/gcc/arm-none-eabi/12.3.1/../../../../arm-none-eabi/lib/thumb/v7e-m+fp/hard/libc_nano.a(libc_a-findfp.o) (_fwalk_sglue)
/opt/ST/STM32CubeCLT_1.16.0/GNU-tools-for-STM32/bin/../lib/gcc/arm-none-eabi/12.3.1/../../../../arm-none-eabi/lib/thumb/v7e-m+fp/hard/libc_nano.a(libc_a-makebuf.o)
                              /opt/ST/STM32CubeCLT_1.16.0/GNU-tools-for-STM32/bin/../lib/gcc/arm-none-eabi/12.3.1/../../../../arm-none-eabi/lib/thumb/v7e-m+fp/hard/libc_nano.a(libc_a-setvbuf.o) (__swhatbuf_r)
/opt/ST/STM32CubeCLT_1.16.0/GNU-tools-for-STM32/bin/../lib/gcc/arm-none-eabi/12.3.1/../../../../arm-none-eabi/lib/thumb/v7e-m+fp/hard/libc_nano.a(libc_a-printf.o)
                              build/dma_ring.o (printf)
/opt/ST/STM32CubeCLT_1.16.0/GNU-tools-for-STM32/bin/../lib/gcc/arm-none-eabi/12.3.1/../../../../arm-none-eabi/lib/thumb/v7e-m+fp/hard/libc_nano.a(libc_a-puts.o)
                              build/dma_ring.o (puts)
/opt/ST/STM32CubeCLT_1.16.0/GNU-tools-for-STM32/bin/../lib/gcc/arm-none-eabi/12.3.1/../../../../arm-none-eabi/lib/thumb/v7e-m+fp/hard/libc_nano.a(libc_a-memset.o)
                              /opt/ST/STM32CubeCLT_1.16.0/GNU-tools-for-STM32/bin/../lib/gcc/arm-none-eabi/12.3.1/../../../../arm-none-eabi/lib/thumb/v7e-m+fp/hard/crt0.o (memset)
/opt/ST/STM32CubeCLT_1.16.0/GNU-tools-for-STM32/bin/../lib/gcc/arm-none-eabi/12.3.1/../../../../arm-none-eabi/lib/thumb/v7e-m+fp/hard/libc_nano.a(libc_a-localeconv.o)
                              /opt/ST/STM32CubeCLT_1.16.0/GNU-tools-for-STM32/bin/../lib/gcc/arm-none-eabi/12.3.1/../../../../arm-none-eabi/lib/thumb/v7e-m+fp/hard/libc_nano.a(libc_a-nano-vfprintf_float.o) (_localeconv_r)
/opt/ST/STM32CubeCLT_1.16.0/GNU-tools-for-STM32/bin/../lib/gcc/arm-none-eabi/12.3.1/../../../../arm-none-eabi/lib/thumb/v7e-m+fp/hard/libc_nano.a(libc_a-impure.o)
                              build/main.o (_impure_ptr)
/opt/ST/STM32CubeCLT_1.16.0/GNU-tools-for-STM32/bin/../lib/gcc/arm-none-eabi/12.3.1/../../../../arm-none-eabi/lib/thumb/v7e-m+fp/hard/libc_nano.a(libc_a-fstatr.o)
                              /opt/ST/STM32CubeCLT_1.16.0/GNU-tools-for-STM32/bin/../lib/gcc/arm-none-eabi/12.3.1/../../../../arm-none-eabi/lib/thumb/v7e-m+fp/hard/libc_nano.a(libc_a-makebuf.o) (_fstat_r)
/opt/ST/STM32CubeCLT_1.16.0/GNU-tools-for-STM32/bin/../lib/gcc/arm-none-eabi/12.3.1/../../../../arm-none-eabi/lib/thumb/v7e-m+fp/hard/libc_nano.a(libc_a-isattyr.o)
                              /opt/ST/STM32CubeCLT_1.16.0/GNU-tools-for-STM32/bin/../lib/gcc/arm-none-eabi/12.3.1/../../../../arm-none-eabi/lib/thumb/v7e-m+fp/hard/libc_nano.a(libc_a-makebuf.o) (_isatty_r)
[...]
Memory Configuration

Name             Origin             Length             Attributes
RAM              0x20000000         0x00003000         xrw
CCMRAM           0x10000000         0x00001000         xrw
FLASH            0x08000000         0x00010000         xr
*default*        0x00000000         0xffffffff

Linker script and memory map

LOAD /opt/ST/STM32CubeCLT_1.16.0/GNU-tools-for-STM32/bin/../lib/gcc/arm-none-eabi/12.3.1/thumb/v7e-m+fp/hard/crti.o
LOAD /opt/ST/STM32CubeCLT_1.16.0/GNU-tools-for-STM32/bin/../lib/gcc/arm-none-eabi/12.3.1/thumb/v7e-m+fp/hard/crtbegin.o
LOAD /opt/ST/STM32CubeCLT_1.16.0/GNU-tools-for-STM32/bin/../lib/gcc/arm-none-eabi/12.3.1/../../../../arm-none-eabi/lib/thumb/v7e-m+fp/hard/crt0.o
LOAD build/dma_printf.o
LOAD build/dma_scanf.o
LOAD build/dma_ring.o
LOAD build/main.o
LOAD build/gpio.o
LOAD build/tim.o
LOAD build/stm32f3xx_it.o
LOAD build/stm32f3xx_hal_msp.o
LOAD build/stm32f3xx_hal_tim.o
LOAD build/stm32f3xx_hal_tim_ex.o
LOAD build/stm32f3xx_hal.o
LOAD build/stm32f3xx_hal_rcc.o
LOAD build/stm32f3xx_hal_rcc_ex.o
LOAD build/stm32f3xx_hal_gpio.o
LOAD build/stm32f3xx_hal_dma.o
LOAD build/stm32f3xx_hal_cortex.o
LOAD build/stm32f3xx_hal_pwr.o
LOAD build/stm32f3xx_hal_pwr_ex.o
LOAD build/stm32f3xx_hal_flash.o
LOAD build/stm32f3xx_hal_flash_ex.o
LOAD build/stm32f3xx_hal_i2c.o
LOAD build/stm32f3xx_hal_i2c_ex.o
LOAD build/stm32f3xx_hal_exti.o
LOAD build/system_stm32f3xx.o
LOAD build/sysmem.o
LOAD build/syscalls.o
LOAD build/spi.o
LOAD build/stm32f3xx_hal_spi.o
LOAD build/stm32f3xx_hal_spi_ex.o
LOAD build/usart.o
LOAD build/stm32f3xx_hal_uart.o
LOAD build/stm32f3xx_hal_uart_ex.o
LOAD build/dma.o
LOAD build/startup_stm32f303x8.o
LOAD /opt/ST/STM32CubeCLT_1.16.0/GNU-tools-for-STM32/bin/../lib/gcc/arm-none-eabi/12.3.1/../../../../arm-none-eabi/lib/thumb/v7e-m+fp/hard/libc_nano.a
LOAD /opt/ST/STM32CubeCLT_1.16.0/GNU-tools-for-STM32/bin/../lib/gcc/arm-none-eabi/12.3.1/../../../../arm-none-eabi/lib/thumb/v7e-m+fp/hard/libm.a
LOAD /opt/ST/STM32CubeCLT_1.16.0/GNU-tools-for-STM32/bin/../lib/gcc/arm-none-eabi/12.3.1/../../../../arm-none-eabi/lib/thumb/v7e-m+fp/hard/libnosys.a
LOAD /opt/ST/STM32CubeCLT_1.16.0/GNU-tools-for-STM32/bin/../lib/gcc/arm-none-eabi/12.3.1/../../../../arm-none-eabi/lib/thumb/v7e-m+fp/hard/libstdc++_nano.a
START GROUP
LOAD /opt/ST/STM32CubeCLT_1.16.0/GNU-tools-for-STM32/bin/../lib/gcc/arm-none-eabi/12.3.1/thumb/v7e-m+fp/hard/libgcc.a
LOAD /opt/ST/STM32CubeCLT_1.16.0/GNU-tools-for-STM32/bin/../lib/gcc/arm-none-eabi/12.3.1/../../../../arm-none-eabi/lib/thumb/v7e-m+fp/hard/libc_nano.a
END GROUP
START GROUP
LOAD /opt/ST/STM32CubeCLT_1.16.0/GNU-tools-for-STM32/bin/../lib/gcc/arm-none-eabi/12.3.1/thumb/v7e-m+fp/hard/libgcc.a
LOAD /opt/ST/STM32CubeCLT_1.16.0/GNU-tools-for-STM32/bin/../lib/gcc/arm-none-eabi/12.3.1/../../../../arm-none-eabi/lib/thumb/v7e-m+fp/hard/libc_nano.a
END GROUP
LOAD /opt/ST/STM32CubeCLT_1.16.0/GNU-tools-for-STM32/bin/../lib/gcc/arm-none-eabi/12.3.1/thumb/v7e-m+fp/hard/crtend.o
LOAD /opt/ST/STM32CubeCLT_1.16.0/GNU-tools-for-STM32/bin/../lib/gcc/arm-none-eabi/12.3.1/thumb/v7e-m+fp/hard/crtn.o
                0x20003000                        _estack = (ORIGIN (RAM) + LENGTH (RAM))
                0x00000200                        _Min_Heap_Size = 0x200
                0x00000400                        _Min_Stack_Size = 0x400

.isr_vector     0x08000000      0x188
                0x08000000                        . = ALIGN (0x4)
 *(.isr_vector)
 .isr_vector    0x08000000      0x188 build/startup_stm32f303x8.o
                0x08000000                g_pfnVectors
                0x08000188                        . = ALIGN (0x4)

.text           0x08000190     0x85d0
                0x08000190                        . = ALIGN (0x4)
 *(.text)
 .text          0x08000190       0x40 /opt/ST/STM32CubeCLT_1.16.0/GNU-tools-for-STM32/bin/../lib/gcc/arm-none-eabi/12.3.1/thumb/v7e-m+fp/hard/crtbegin.o
 .text          0x080001d0       0xa0 /opt/ST/STM32CubeCLT_1.16.0/GNU-tools-for-STM32/bin/../lib/gcc/arm-none-eabi/12.3.1/../../../../arm-none-eabi/lib/thumb/v7e-m+fp/hard/libc_nano.a(libc_a-memchr.o)
                0x080001d0                memchr
 .text          0x08000270       0x10 /opt/ST/STM32CubeCLT_1.16.0/GNU-tools-for-STM32/bin/../lib/gcc/arm-none-eabi/12.3.1/../../../../arm-none-eabi/lib/thumb/v7e-m+fp/hard/libc_nano.a(libc_a-strlen.o)
                0x08000270                strlen
 .text          0x08000280      0x378 /opt/ST/STM32CubeCLT_1.16.0/GNU-tools-for-STM32/bin/../lib/gcc/arm-none-eabi/12.3.1/thumb/v7e-m+fp/hard/libgcc.a(_arm_addsubdf3.o)
                0x08000280                __aeabi_drsub
                0x08000288                __subdf3
                0x08000288                __aeabi_dsub
                0x0800028c                __aeabi_dadd
                0x0800028c                __adddf3
                0x08000504                __aeabi_ui2d
                0x08000504                __floatunsidf
                0x08000524                __floatsidf
                0x08000524                __aeabi_i2d
                0x08000548                __extendsfdf2
                0x08000548                __aeabi_f2d
                0x0800058c                __aeabi_ul2d
                0x0800058c                __floatundidf
                0x0800059c                __aeabi_l2d
                0x0800059c                __floatdidf
 .text          0x080005f8      0x424 /opt/ST/STM32CubeCLT_1.16.0/GNU-tools-for-STM32/bin/../lib/gcc/arm-none-eabi/12.3.1/thumb/v7e-m+fp/hard/libgcc.a(_arm_muldivdf3.o)
                0x080005f8                __aeabi_dmul
                0x080005f8                __muldf3
                0x0800084c                __aeabi_ddiv
                0x0800084c                __divdf3
 .text          0x08000a1c      0x110 /opt/ST/STM32CubeCLT_1.16.0/GNU-tools-for-STM32/bin/../lib/gcc/arm-none-eabi/12.3.1/thumb/v7e-m+fp/hard/libgcc.a(_arm_cmpdf2.o)
                0x08000a1c                __gedf2
                0x08000a1c                __gtdf2
                0x08000a24                __ledf2
                0x08000a24                __ltdf2
                0x08000a2c                __cmpdf2
                0x08000a2c                __eqdf2
                0x08000a2c                __nedf2
                0x08000aa8                __aeabi_cdrcmple
                0x08000ab8                __aeabi_cdcmple
                0x08000ab8                __aeabi_cdcmpeq
                0x08000ac8                __aeabi_dcmpeq
                0x08000adc                __aeabi_dcmplt
                0x08000af0                __aeabi_dcmple
                0x08000b04                __aeabi_dcmpge
                0x08000b18                __aeabi_dcmpgt
 .text          0x08000b2c       0x2c /opt/ST/STM32CubeCLT_1.16.0/GNU-tools-for-STM32/bin/../lib/gcc/arm-none-eabi/12.3.1/thumb/v7e-m+fp/hard/libgcc.a(_arm_unorddf2.o)
                0x08000b2c                __aeabi_dcmpun
                0x08000b2c                __unorddf2
 .text          0x08000b58       0x50 /opt/ST/STM32CubeCLT_1.16.0/GNU-tools-for-STM32/bin/../lib/gcc/arm-none-eabi/12.3.1/thumb/v7e-m+fp/hard/libgcc.a(_arm_fixdfsi.o)
                0x08000b58                __fixdfsi
                0x08000b58                __aeabi_d2iz
 .text          0x08000ba8       0xa0 /opt/ST/STM32CubeCLT_1.16.0/GNU-tools-for-STM32/bin/../lib/gcc/arm-none-eabi/12.3.1/thumb/v7e-m+fp/hard/libgcc.a(_arm_truncdfsf2.o)
                0x08000ba8                __aeabi_d2f
                0x08000ba8                __truncdfsf2
 *(.text*)
 .text.dma_printf_init
                0x08000c48       0x20 build/dma_printf.o
                0x08000c48                dma_printf_init
 .text.dma_printf_putc
                0x08000c68       0x40 build/dma_printf.o
                0x08000c68                dma_printf_putc
 .text.dma_printf_puts
                0x08000ca8       0x14 build/dma_printf.o
                0x08000ca8                dma_printf_puts
 .text.dma_printf_send_it
                0x08000cbc       0x54 build/dma_printf.o
                0x08000cbc                dma_printf_send_it
 .text.dma_scanf_init
                0x08000d10       0x24 build/dma_scanf.o
                0x08000d10                dma_scanf_init
 .text.dma_scanf_getc_blocking
                0x08000d34       0x40 build/dma_scanf.o
                0x08000d34                dma_scanf_getc_blocking
 .text.update_w_ptr
                0x08000d74       0x16 build/dma_ring.o
 .text.dma_ring_init
                0x08000d8a       0x1c build/dma_ring.o
                0x08000d8a                dma_ring_init
 .text.dma_ring_getc
                0x08000da6       0x34 build/dma_ring.o
                0x08000da6                dma_ring_getc
 .text.dma_ring_putc
                0x08000dda       0x32 build/dma_ring.o
                0x08000dda                dma_ring_putc
 .text.dma_ring_available
                0x08000e0c       0x22 build/dma_ring.o
                0x08000e0c                dma_ring_available
 .text.dma_ring_available_linear
                0x08000e2e       0x18 build/dma_ring.o
                0x08000e2e                dma_ring_available_linear
 .text.dma_ring_get_r_ptr
                0x08000e46        0x6 build/dma_ring.o
                0x08000e46                dma_ring_get_r_ptr
 .text.dma_ring_forward_r_ptr
                0x08000e4c       0x28 build/dma_ring.o
                0x08000e4c                dma_ring_forward_r_ptr
 .text.dma_ring_set_w_ptr
                0x08000e74        0x6 build/dma_ring.o
                0x08000e74                dma_ring_set_w_ptr
 .text.spiCalcEvenParity
                0x08000e7a       0x24 build/main.o
                0x08000e7a                spiCalcEvenParity
 *fill*         0x08000e9e        0x2 
 .text.AS5048A_read
                0x08000ea0       0x80 build/main.o
                0x08000ea0                AS5048A_read
 .text.getRotation
                0x08000f20        0xe build/main.o
                0x08000f20                getRotation
 *fill*         0x08000f2e        0x2 
 .text.electrical_angle
                0x08000f30       0x2c build/main.o
                0x08000f30                electrical_angle
 .text.setPhase
                0x08000f5c       0xc8 build/main.o
                0x08000f5c                setPhase
 .text.setVoltage
                0x08001024       0x6c build/main.o
                0x08001024                setVoltage
 .text.uint2char
                0x08001090       0x6c build/main.o
                0x08001090                uint2char
 .text.HAL_UART_TxCpltCallback
                0x080010fc        0x8 build/main.o
                0x080010fc                HAL_UART_TxCpltCallback
 .text.__io_putchar
                0x08001104        0xe build/main.o
                0x08001104                __io_putchar
 .text.__io_getchar
                0x08001112        0x8 build/main.o
                0x08001112                __io_getchar
 .text.Error_Handler
                0x0800111a        0x4 build/main.o
                0x0800111a                Error_Handler
 .text.SystemClock_Config
                0x0800111e       0x82 build/main.o
                0x0800111e                SystemClock_Config
 .text.main     0x080011a0      0x280 build/main.o
                0x080011a0                main
 .text.MX_GPIO_Init
                0x08001420       0x94 build/gpio.o
                0x08001420                MX_GPIO_Init
 .text.MX_TIM6_Init
                0x080014b4       0x50 build/tim.o
                0x080014b4                MX_TIM6_Init
 .text.HAL_TIM_PWM_MspInit
                0x08001504       0x4c build/tim.o
                0x08001504                HAL_TIM_PWM_MspInit
 .text.HAL_TIM_Base_MspInit
                0x08001550       0x6c build/tim.o
                0x08001550                HAL_TIM_Base_MspInit
 .text.HAL_TIM_MspPostInit
                0x080015bc      0x14c build/tim.o
                0x080015bc                HAL_TIM_MspPostInit
 .text.MX_TIM1_Init
                0x08001708       0xec build/tim.o
                0x08001708                MX_TIM1_Init
 .text.MX_TIM2_Init
                0x080017f4       0x80 build/tim.o
                0x080017f4                MX_TIM2_Init
 .text.MX_TIM3_Init
                0x08001874       0xb4 build/tim.o
                0x08001874                MX_TIM3_Init
 .text.MX_TIM16_Init
                0x08001928       0xa8 build/tim.o
                0x08001928                MX_TIM16_Init
 .text.NMI_Handler
                0x080019d0        0x2 build/stm32f3xx_it.o
                0x080019d0                NMI_Handler
 .text.HardFault_Handler
                0x080019d2        0x2 build/stm32f3xx_it.o
                0x080019d2                HardFault_Handler
 .text.MemManage_Handler
                0x080019d4        0x2 build/stm32f3xx_it.o
                0x080019d4                MemManage_Handler
 .text.BusFault_Handler
                0x080019d6        0x2 build/stm32f3xx_it.o
                0x080019d6                BusFault_Handler
 .text.UsageFault_Handler
                0x080019d8        0x2 build/stm32f3xx_it.o
                0x080019d8                UsageFault_Handler
 .text.SVC_Handler
                0x080019da        0x2 build/stm32f3xx_it.o
                0x080019da                SVC_Handler
 .text.DebugMon_Handler
                0x080019dc        0x2 build/stm32f3xx_it.o
                0x080019dc                DebugMon_Handler
 .text.PendSV_Handler
                0x080019de        0x2 build/stm32f3xx_it.o
                0x080019de                PendSV_Handler
 .text.SysTick_Handler
                0x080019e0        0x8 build/stm32f3xx_it.o
                0x080019e0                SysTick_Handler
 .text.DMA1_Channel4_IRQHandler
                0x080019e8       0x10 build/stm32f3xx_it.o
                0x080019e8                DMA1_Channel4_IRQHandler
 .text.DMA1_Channel5_IRQHandler
                0x080019f8       0x10 build/stm32f3xx_it.o
                0x080019f8                DMA1_Channel5_IRQHandler
 .text.USART1_IRQHandler
                0x08001a08       0x10 build/stm32f3xx_it.o
                0x08001a08                USART1_IRQHandler
 .text.HAL_MspInit
                0x08001a18       0x30 build/stm32f3xx_hal_msp.o
                0x08001a18                HAL_MspInit
 .text.TIM_OC1_SetConfig
                0x08001a48       0x8c build/stm32f3xx_hal_tim.o
 .text.TIM_OC3_SetConfig
                0x08001ad4       0x7c build/stm32f3xx_hal_tim.o
 .text.TIM_OC4_SetConfig
                0x08001b50       0x64 build/stm32f3xx_hal_tim.o
 .text.TIM_OC5_SetConfig
                0x08001bb4       0x60 build/stm32f3xx_hal_tim.o
 .text.TIM_OC6_SetConfig
                0x08001c14       0x64 build/stm32f3xx_hal_tim.o
 .text.TIM_TI1_ConfigInputStage
                0x08001c78       0x26 build/stm32f3xx_hal_tim.o
 .text.TIM_TI2_ConfigInputStage
                0x08001c9e       0x28 build/stm32f3xx_hal_tim.o
 *fill*         0x08001cc6        0x2 
 .text.HAL_TIM_Base_Start
                0x08001cc8       0x6c build/stm32f3xx_hal_tim.o
                0x08001cc8                HAL_TIM_Base_Start
 .text.TIM_Base_SetConfig
                0x08001d34       0xa0 build/stm32f3xx_hal_tim.o
                0x08001d34                TIM_Base_SetConfig
 .text.HAL_TIM_Base_Init
                0x08001dd4       0x60 build/stm32f3xx_hal_tim.o
                0x08001dd4                HAL_TIM_Base_Init
 .text.HAL_TIM_PWM_Init
                0x08001e34       0x60 build/stm32f3xx_hal_tim.o
                0x08001e34                HAL_TIM_PWM_Init
 .text.TIM_OC2_SetConfig
                0x08001e94       0x7c build/stm32f3xx_hal_tim.o
                0x08001e94                TIM_OC2_SetConfig
 .text.HAL_TIM_PWM_ConfigChannel
                0x08001f10      0x13a build/stm32f3xx_hal_tim.o
                0x08001f10                HAL_TIM_PWM_ConfigChannel
 .text.TIM_ETR_SetConfig
                0x0800204a       0x1a build/stm32f3xx_hal_tim.o
                0x0800204a                TIM_ETR_SetConfig
 .text.TIM_SlaveTimer_SetConfig
                0x08002064       0xbc build/stm32f3xx_hal_tim.o
 .text.HAL_TIM_SlaveConfigSynchro
                0x08002120       0x52 build/stm32f3xx_hal_tim.o
                0x08002120                HAL_TIM_SlaveConfigSynchro
 .text.TIM_CCxChannelCmd
                0x08002172       0x1e build/stm32f3xx_hal_tim.o
                0x08002172                TIM_CCxChannelCmd
 .text.HAL_TIM_PWM_Start
                0x08002190      0x148 build/stm32f3xx_hal_tim.o
                0x08002190                HAL_TIM_PWM_Start
 .text.TIM_CCxNChannelCmd
                0x080022d8       0x1e build/stm32f3xx_hal_tim_ex.o
 *fill*         0x080022f6        0x2 
 .text.HAL_TIMEx_PWMN_Start
                0x080022f8       0xe4 build/stm32f3xx_hal_tim_ex.o
                0x080022f8                HAL_TIMEx_PWMN_Start
 .text.HAL_TIMEx_MasterConfigSynchronization
                0x080023dc       0x78 build/stm32f3xx_hal_tim_ex.o
                0x080023dc                HAL_TIMEx_MasterConfigSynchronization
 .text.HAL_TIMEx_ConfigBreakDeadTime
                0x08002454       0x88 build/stm32f3xx_hal_tim_ex.o
                0x08002454                HAL_TIMEx_ConfigBreakDeadTime
 .text.HAL_InitTick
                0x080024dc       0x4c build/stm32f3xx_hal.o
                0x080024dc                HAL_InitTick
 .text.HAL_Init
                0x08002528       0x24 build/stm32f3xx_hal.o
                0x08002528                HAL_Init
 .text.HAL_IncTick
                0x0800254c       0x18 build/stm32f3xx_hal.o
                0x0800254c                HAL_IncTick
 .text.HAL_GetTick
                0x08002564        0xc build/stm32f3xx_hal.o
                0x08002564                HAL_GetTick
 .text.HAL_Delay
                0x08002570       0x28 build/stm32f3xx_hal.o
                0x08002570                HAL_Delay
 .text.HAL_RCC_OscConfig
                0x08002598      0x630 build/stm32f3xx_hal_rcc.o
                0x08002598                HAL_RCC_OscConfig
 .text.HAL_RCC_GetSysClockFreq
                0x08002bc8       0x54 build/stm32f3xx_hal_rcc.o
                0x08002bc8                HAL_RCC_GetSysClockFreq
 .text.HAL_RCC_ClockConfig
                0x08002c1c      0x1a8 build/stm32f3xx_hal_rcc.o
                0x08002c1c                HAL_RCC_ClockConfig
 .text.HAL_RCC_GetHCLKFreq
                0x08002dc4        0xc build/stm32f3xx_hal_rcc.o
                0x08002dc4                HAL_RCC_GetHCLKFreq
 .text.HAL_RCC_GetPCLK1Freq
                0x08002dd0       0x2c build/stm32f3xx_hal_rcc.o
                0x08002dd0                HAL_RCC_GetPCLK1Freq
 .text.HAL_RCC_GetPCLK2Freq
                0x08002dfc       0x2c build/stm32f3xx_hal_rcc.o
                0x08002dfc                HAL_RCC_GetPCLK2Freq
 .text.HAL_RCCEx_PeriphCLKConfig
                0x08002e28      0x18c build/stm32f3xx_hal_rcc_ex.o
                0x08002e28                HAL_RCCEx_PeriphCLKConfig
 .text.HAL_GPIO_Init
                0x08002fb4      0x1bc build/stm32f3xx_hal_gpio.o
                0x08002fb4                HAL_GPIO_Init
 .text.HAL_GPIO_WritePin
                0x08003170        0xa build/stm32f3xx_hal_gpio.o
                0x08003170                HAL_GPIO_WritePin
 .text.DMA_SetConfig
                0x0800317a       0x2c build/stm32f3xx_hal_dma.o
 *fill*         0x080031a6        0x2 
 .text.DMA_CalcBaseAndBitshift
                0x080031a8       0x24 build/stm32f3xx_hal_dma.o
 .text.HAL_DMA_Init
                0x080031cc       0x50 build/stm32f3xx_hal_dma.o
                0x080031cc                HAL_DMA_Init
 .text.HAL_DMA_Start_IT
                0x0800321c       0x74 build/stm32f3xx_hal_dma.o
                0x0800321c                HAL_DMA_Start_IT
 .text.HAL_DMA_Abort
                0x08003290       0x4a build/stm32f3xx_hal_dma.o
                0x08003290                HAL_DMA_Abort
 .text.HAL_DMA_Abort_IT
                0x080032da       0x4a build/stm32f3xx_hal_dma.o
                0x080032da                HAL_DMA_Abort_IT
 .text.HAL_DMA_IRQHandler
                0x08003324       0xb2 build/stm32f3xx_hal_dma.o
                0x08003324                HAL_DMA_IRQHandler
 *fill*         0x080033d6        0x2 
 .text.__NVIC_SetPriority
                0x080033d8       0x28 build/stm32f3xx_hal_cortex.o
 .text.NVIC_EncodePriority
                0x08003400       0x3e build/stm32f3xx_hal_cortex.o
 *fill*         0x0800343e        0x2 
 .text.HAL_NVIC_SetPriorityGrouping
                0x08003440       0x24 build/stm32f3xx_hal_cortex.o
                0x08003440                HAL_NVIC_SetPriorityGrouping
 .text.HAL_NVIC_SetPriority
                0x08003464       0x20 build/stm32f3xx_hal_cortex.o
                0x08003464                HAL_NVIC_SetPriority
 .text.HAL_NVIC_EnableIRQ
                0x08003484       0x1c build/stm32f3xx_hal_cortex.o
                0x08003484                HAL_NVIC_EnableIRQ
 .text.HAL_SYSTICK_Config
                0x080034a0       0x28 build/stm32f3xx_hal_cortex.o
                0x080034a0                HAL_SYSTICK_Config
 .text.SystemInit
                0x080034c8       0x14 build/system_stm32f3xx.o
                0x080034c8                SystemInit
 .text._sbrk    0x080034dc       0x48 build/sysmem.o
                0x080034dc                _sbrk
 .text._getpid  0x08003524        0x4 build/syscalls.o
                0x08003524                _getpid
 .text._kill    0x08003528       0x10 build/syscalls.o
                0x08003528                _kill
 .text._exit    0x08003538        0xc build/syscalls.o
                0x08003538                _exit
 .text._read    0x08003544       0x20 build/syscalls.o
                0x08003544                _read
 .text._write   0x08003564       0x1c build/syscalls.o
                0x08003564                _write
 .text._close   0x08003580        0x6 build/syscalls.o
                0x08003580                _close
 .text._fstat   0x08003586        0xa build/syscalls.o
                0x08003586                _fstat
 .text._isatty  0x08003590        0x4 build/syscalls.o
                0x08003590                _isatty
 .text._lseek   0x08003594        0x4 build/syscalls.o
                0x08003594                _lseek
 .text.MX_SPI1_Init
                0x08003598       0x50 build/spi.o
                0x08003598                MX_SPI1_Init
 .text.HAL_SPI_MspInit
                0x080035e8       0x68 build/spi.o
                0x080035e8                HAL_SPI_MspInit
 .text.SPI_WaitFlagStateUntilTimeout
                0x08003650       0xc8 build/stm32f3xx_hal_spi.o
 .text.SPI_WaitFifoStateUntilTimeout
                0x08003718       0xf0 build/stm32f3xx_hal_spi.o
 .text.SPI_EndRxTxTransaction
                0x08003808       0x62 build/stm32f3xx_hal_spi.o
 .text.SPI_EndRxTransaction
                0x0800386a       0x82 build/stm32f3xx_hal_spi.o
 .text.HAL_SPI_Init
                0x080038ec       0xde build/stm32f3xx_hal_spi.o
                0x080038ec                HAL_SPI_Init
 .text.HAL_SPI_Transmit
                0x080039ca      0x1fe build/stm32f3xx_hal_spi.o
                0x080039ca                HAL_SPI_Transmit
 .text.HAL_SPI_TransmitReceive
                0x08003bc8      0x2ec build/stm32f3xx_hal_spi.o
                0x08003bc8                HAL_SPI_TransmitReceive
 .text.HAL_SPI_Receive
                0x08003eb4      0x1a8 build/stm32f3xx_hal_spi.o
                0x08003eb4                HAL_SPI_Receive
 .text.MX_USART1_UART_Init
                0x0800405c       0x38 build/usart.o
                0x0800405c                MX_USART1_UART_Init
 .text.HAL_UART_MspInit
                0x08004094       0xe8 build/usart.o
                0x08004094                HAL_UART_MspInit
 .text.UART_EndTxTransfer
                0x0800417c       0x18 build/stm32f3xx_hal_uart.o
 .text.UART_EndRxTransfer
                0x08004194       0x52 build/stm32f3xx_hal_uart.o
 *fill*         0x080041e6        0x2 
 .text.HAL_UART_Transmit_DMA
                0x080041e8       0x98 build/stm32f3xx_hal_uart.o
                0x080041e8                HAL_UART_Transmit_DMA
 .text.UART_DMATransmitCplt
                0x08004280       0x44 build/stm32f3xx_hal_uart.o
 .text.UART_EndTransmit_IT
                0x080042c4       0x22 build/stm32f3xx_hal_uart.o
 .text.HAL_UART_TxHalfCpltCallback
                0x080042e6        0x2 build/stm32f3xx_hal_uart.o
                0x080042e6                HAL_UART_TxHalfCpltCallback
 .text.UART_DMATxHalfCplt
                0x080042e8        0xa build/stm32f3xx_hal_uart.o
 .text.HAL_UART_RxCpltCallback
                0x080042f2        0x2 build/stm32f3xx_hal_uart.o
                0x080042f2                HAL_UART_RxCpltCallback
 .text.HAL_UART_RxHalfCpltCallback
                0x080042f4        0x2 build/stm32f3xx_hal_uart.o
                0x080042f4                HAL_UART_RxHalfCpltCallback
 .text.HAL_UART_ErrorCallback
                0x080042f6        0x2 build/stm32f3xx_hal_uart.o
                0x080042f6                HAL_UART_ErrorCallback
 .text.UART_DMAError
                0x080042f8       0x56 build/stm32f3xx_hal_uart.o
 .text.UART_DMAAbortOnError
                0x0800434e       0x14 build/stm32f3xx_hal_uart.o
 .text.HAL_UARTEx_RxEventCallback
                0x08004362        0x2 build/stm32f3xx_hal_uart.o
                0x08004362                HAL_UARTEx_RxEventCallback
 .text.HAL_UART_IRQHandler
                0x08004364      0x2e8 build/stm32f3xx_hal_uart.o
                0x08004364                HAL_UART_IRQHandler
 .text.UART_DMARxHalfCplt
                0x0800464c       0x20 build/stm32f3xx_hal_uart.o
 .text.UART_DMAReceiveCplt
                0x0800466c       0x8e build/stm32f3xx_hal_uart.o
 *fill*         0x080046fa        0x2 
 .text.UART_SetConfig
                0x080046fc      0x164 build/stm32f3xx_hal_uart.o
                0x080046fc                UART_SetConfig
 .text.UART_AdvFeatureConfig
                0x08004860       0xca build/stm32f3xx_hal_uart.o
                0x08004860                UART_AdvFeatureConfig
 .text.UART_WaitOnFlagUntilTimeout
                0x0800492a       0x9e build/stm32f3xx_hal_uart.o
                0x0800492a                UART_WaitOnFlagUntilTimeout
 .text.UART_CheckIdleState
                0x080049c8       0xc6 build/stm32f3xx_hal_uart.o
                0x080049c8                UART_CheckIdleState
 .text.HAL_UART_Init
                0x08004a8e       0x62 build/stm32f3xx_hal_uart.o
                0x08004a8e                HAL_UART_Init
 .text.UART_Start_Receive_DMA
                0x08004af0       0xa8 build/stm32f3xx_hal_uart.o
                0x08004af0                UART_Start_Receive_DMA
 .text.HAL_UART_Receive_DMA
                0x08004b98       0x40 build/stm32f3xx_hal_uart.o
                0x08004b98                HAL_UART_Receive_DMA
 .text.HAL_UARTEx_WakeupCallback
                0x08004bd8        0x2 build/stm32f3xx_hal_uart_ex.o
                0x08004bd8                HAL_UARTEx_WakeupCallback
 *fill*         0x08004bda        0x2 
 .text.MX_DMA_Init
                0x08004bdc       0x44 build/dma.o
                0x08004bdc                MX_DMA_Init
 .text.Reset_Handler
                0x08004c20       0x50 build/startup_stm32f303x8.o
                0x08004c20                Reset_Handler
 .text.Default_Handler
                0x08004c70        0x2 build/startup_stm32f303x8.o
                0x08004c70                TIM1_BRK_TIM15_IRQHandler
                0x08004c70                TIM1_CC_IRQHandler
                0x08004c70                PVD_IRQHandler
                0x08004c70                TAMP_STAMP_IRQHandler
                0x08004c70                EXTI3_IRQHandler
                0x08004c70                EXTI0_IRQHandler
                0x08004c70                FPU_IRQHandler
                0x08004c70                CAN_TX_IRQHandler
                0x08004c70                TIM1_UP_TIM16_IRQHandler
                0x08004c70                ADC1_2_IRQHandler
                0x08004c70                SPI1_IRQHandler
                0x08004c70                CAN_SCE_IRQHandler
                0x08004c70                USART3_IRQHandler
                0x08004c70                DMA1_Channel7_IRQHandler
                0x08004c70                TIM7_DAC2_IRQHandler
                0x08004c70                CAN_RX1_IRQHandler
                0x08004c70                I2C1_EV_IRQHandler
                0x08004c70                DMA1_Channel6_IRQHandler
                0x08004c70                TIM3_IRQHandler
                0x08004c70                RCC_IRQHandler
                0x08004c70                DMA1_Channel1_IRQHandler
                0x08004c70                Default_Handler
                0x08004c70                EXTI15_10_IRQHandler
                0x08004c70                COMP2_IRQHandler
                0x08004c70                TIM6_DAC1_IRQHandler
                0x08004c70                EXTI9_5_IRQHandler
                0x08004c70                RTC_WKUP_IRQHandler
                0x08004c70                EXTI4_IRQHandler
                0x08004c70                TIM1_TRG_COM_TIM17_IRQHandler
                0x08004c70                DMA1_Channel3_IRQHandler
                0x08004c70                WWDG_IRQHandler
                0x08004c70                TIM2_IRQHandler
                0x08004c70                EXTI1_IRQHandler
                0x08004c70                COMP4_6_IRQHandler
                0x08004c70                USART2_IRQHandler
                0x08004c70                DMA1_Channel2_IRQHandler
                0x08004c70                FLASH_IRQHandler
                0x08004c70                CAN_RX0_IRQHandler
                0x08004c70                I2C1_ER_IRQHandler
                0x08004c70                EXTI2_TSC_IRQHandler
                0x08004c70                RTC_Alarm_IRQHandler
 .text.__cvt    0x08004c72       0xca /opt/ST/STM32CubeCLT_1.16.0/GNU-tools-for-STM32/bin/../lib/gcc/arm-none-eabi/12.3.1/../../../../arm-none-eabi/lib/thumb/v7e-m+fp/hard/libc_nano.a(libc_a-nano-vfprintf_float.o)
                0x08004c72                __cvt
 .text.__exponent
                0x08004d3c       0x74 /opt/ST/STM32CubeCLT_1.16.0/GNU-tools-for-STM32/bin/../lib/gcc/arm-none-eabi/12.3.1/../../../../arm-none-eabi/lib/thumb/v7e-m+fp/hard/libc_nano.a(libc_a-nano-vfprintf_float.o)
                0x08004d3c                __exponent
 .text._printf_float
                0x08004db0      0x454 /opt/ST/STM32CubeCLT_1.16.0/GNU-tools-for-STM32/bin/../lib/gcc/arm-none-eabi/12.3.1/../../../../arm-none-eabi/lib/thumb/v7e-m+fp/hard/libc_nano.a(libc_a-nano-vfprintf_float.o)
                0x08004db0                _printf_float
 .text._printf_common
                0x08005204       0xda /opt/ST/STM32CubeCLT_1.16.0/GNU-tools-for-STM32/bin/../lib/gcc/arm-none-eabi/12.3.1/../../../../arm-none-eabi/lib/thumb/v7e-m+fp/hard/libc_nano.a(libc_a-nano-vfprintf_i.o)
                0x08005204                _printf_common
 *fill*         0x080052de        0x2 
 .text._printf_i
                0x080052e0      0x240 /opt/ST/STM32CubeCLT_1.16.0/GNU-tools-for-STM32/bin/../lib/gcc/arm-none-eabi/12.3.1/../../../../arm-none-eabi/lib/thumb/v7e-m+fp/hard/libc_nano.a(libc_a-nano-vfprintf_i.o)
                0x080052e0                _printf_i
 .text.setbuf   0x08005520       0x10 /opt/ST/STM32CubeCLT_1.16.0/GNU-tools-for-STM32/bin/../lib/gcc/arm-none-eabi/12.3.1/../../../../arm-none-eabi/lib/thumb/v7e-m+fp/hard/libc_nano.a(libc_a-setbuf.o)
                0x08005520                setbuf
 .text.setvbuf  0x08005530      0x168 /opt/ST/STM32CubeCLT_1.16.0/GNU-tools-for-STM32/bin/../lib/gcc/arm-none-eabi/12.3.1/../../../../arm-none-eabi/lib/thumb/v7e-m+fp/hard/libc_nano.a(libc_a-setvbuf.o)
                0x08005530                setvbuf
 .text.std      0x08005698       0x6c /opt/ST/STM32CubeCLT_1.16.0/GNU-tools-for-STM32/bin/../lib/gcc/arm-none-eabi/12.3.1/../../../../arm-none-eabi/lib/thumb/v7e-m+fp/hard/libc_nano.a(libc_a-findfp.o)
 .text.stdio_exit_handler
                0x08005704       0x18 /opt/ST/STM32CubeCLT_1.16.0/GNU-tools-for-STM32/bin/../lib/gcc/arm-none-eabi/12.3.1/../../../../arm-none-eabi/lib/thumb/v7e-m+fp/hard/libc_nano.a(libc_a-findfp.o)
 .text.cleanup_stdio
                0x0800571c       0x40 /opt/ST/STM32CubeCLT_1.16.0/GNU-tools-for-STM32/bin/../lib/gcc/arm-none-eabi/12.3.1/../../../../arm-none-eabi/lib/thumb/v7e-m+fp/hard/libc_nano.a(libc_a-findfp.o)
 .text.global_stdio_init.part.0
                0x0800575c       0x3c /opt/ST/STM32CubeCLT_1.16.0/GNU-tools-for-STM32/bin/../lib/gcc/arm-none-eabi/12.3.1/../../../../arm-none-eabi/lib/thumb/v7e-m+fp/hard/libc_nano.a(libc_a-findfp.o)
 .text.__sfp_lock_acquire
                0x08005798        0xc /opt/ST/STM32CubeCLT_1.16.0/GNU-tools-for-STM32/bin/../lib/gcc/arm-none-eabi/12.3.1/../../../../arm-none-eabi/lib/thumb/v7e-m+fp/hard/libc_nano.a(libc_a-findfp.o)
                0x08005798                __sfp_lock_acquire
 .text.__sfp_lock_release
                0x080057a4        0xc /opt/ST/STM32CubeCLT_1.16.0/GNU-tools-for-STM32/bin/../lib/gcc/arm-none-eabi/12.3.1/../../../../arm-none-eabi/lib/thumb/v7e-m+fp/hard/libc_nano.a(libc_a-findfp.o)
                0x080057a4                __sfp_lock_release
 .text.__sinit  0x080057b0       0x30 /opt/ST/STM32CubeCLT_1.16.0/GNU-tools-for-STM32/bin/../lib/gcc/arm-none-eabi/12.3.1/../../../../arm-none-eabi/lib/thumb/v7e-m+fp/hard/libc_nano.a(libc_a-findfp.o)
                0x080057b0                __sinit
 .text._fwalk_sglue
                0x080057e0       0x3c /opt/ST/STM32CubeCLT_1.16.0/GNU-tools-for-STM32/bin/../lib/gcc/arm-none-eabi/12.3.1/../../../../arm-none-eabi/lib/thumb/v7e-m+fp/hard/libc_nano.a(libc_a-fwalk.o)
                0x080057e0                _fwalk_sglue
 .text.__swhatbuf_r
                0x0800581c       0x4c /opt/ST/STM32CubeCLT_1.16.0/GNU-tools-for-STM32/bin/../lib/gcc/arm-none-eabi/12.3.1/../../../../arm-none-eabi/lib/thumb/v7e-m+fp/hard/libc_nano.a(libc_a-makebuf.o)
                0x0800581c                __swhatbuf_r
 .text.__smakebuf_r
                0x08005868       0x78 /opt/ST/STM32CubeCLT_1.16.0/GNU-tools-for-STM32/bin/../lib/gcc/arm-none-eabi/12.3.1/../../../../arm-none-eabi/lib/thumb/v7e-m+fp/hard/libc_nano.a(libc_a-makebuf.o)
                0x08005868                __smakebuf_r
 .text.memset   0x080058e0       0x10 /opt/ST/STM32CubeCLT_1.16.0/GNU-tools-for-STM32/bin/../lib/gcc/arm-none-eabi/12.3.1/../../../../arm-none-eabi/lib/thumb/v7e-m+fp/hard/libc_nano.a(libc_a-memset.o)
                0x080058e0                memset
 .text._localeconv_r
                0x080058f0        0x8 /opt/ST/STM32CubeCLT_1.16.0/GNU-tools-for-STM32/bin/../lib/gcc/arm-none-eabi/12.3.1/../../../../arm-none-eabi/lib/thumb/v7e-m+fp/hard/libc_nano.a(libc_a-localeconv.o)
                0x080058f0                _localeconv_r
 .text._fstat_r
                0x080058f8       0x24 /opt/ST/STM32CubeCLT_1.16.0/GNU-tools-for-STM32/bin/../lib/gcc/arm-none-eabi/12.3.1/../../../../arm-none-eabi/lib/thumb/v7e-m+fp/hard/libc_nano.a(libc_a-fstatr.o)
                0x080058f8                _fstat_r
 .text._isatty_r
                0x0800591c       0x20 /opt/ST/STM32CubeCLT_1.16.0/GNU-tools-for-STM32/bin/../lib/gcc/arm-none-eabi/12.3.1/../../../../arm-none-eabi/lib/thumb/v7e-m+fp/hard/libc_nano.a(libc_a-isattyr.o)
                0x0800591c                _isatty_r
 .text.__errno  0x0800593c        0xc /opt/ST/STM32CubeCLT_1.16.0/GNU-tools-for-STM32/bin/../lib/gcc/arm-none-eabi/12.3.1/../../../../arm-none-eabi/lib/thumb/v7e-m+fp/hard/libc_nano.a(libc_a-errno.o)
                0x0800593c                __errno
 .text.__libc_init_array
                0x08005948       0x48 /opt/ST/STM32CubeCLT_1.16.0/GNU-tools-for-STM32/bin/../lib/gcc/arm-none-eabi/12.3.1/../../../../arm-none-eabi/lib/thumb/v7e-m+fp/hard/libc_nano.a(libc_a-init.o)
                0x08005948                __libc_init_array
 .text.__retarget_lock_init_recursive
                0x08005990        0x2 /opt/ST/STM32CubeCLT_1.16.0/GNU-tools-for-STM32/bin/../lib/gcc/arm-none-eabi/12.3.1/../../../../arm-none-eabi/lib/thumb/v7e-m+fp/hard/libc_nano.a(libc_a-lock.o)
                0x08005990                __retarget_lock_init_recursive
 .text.__retarget_lock_acquire_recursive
                0x08005992        0x2 /opt/ST/STM32CubeCLT_1.16.0/GNU-tools-for-STM32/bin/../lib/gcc/arm-none-eabi/12.3.1/../../../../arm-none-eabi/lib/thumb/v7e-m+fp/hard/libc_nano.a(libc_a-lock.o)
                0x08005992                __retarget_lock_acquire_recursive
 .text.__retarget_lock_release_recursive
                0x08005994        0x2 /opt/ST/STM32CubeCLT_1.16.0/GNU-tools-for-STM32/bin/../lib/gcc/arm-none-eabi/12.3.1/../../../../arm-none-eabi/lib/thumb/v7e-m+fp/hard/libc_nano.a(libc_a-lock.o)
                0x08005994                __retarget_lock_release_recursive
 .text.quorem   0x08005996      0x110 /opt/ST/STM32CubeCLT_1.16.0/GNU-tools-for-STM32/bin/../lib/gcc/arm-none-eabi/12.3.1/../../../../arm-none-eabi/lib/thumb/v7e-m+fp/hard/libc_nano.a(libc_a-dtoa.o)
 *fill*         0x08005aa6        0x2 
 .text._dtoa_r  0x08005aa8      0xb88 /opt/ST/STM32CubeCLT_1.16.0/GNU-tools-for-STM32/bin/../lib/gcc/arm-none-eabi/12.3.1/../../../../arm-none-eabi/lib/thumb/v7e-m+fp/hard/libc_nano.a(libc_a-dtoa.o)
                0x08005aa8                _dtoa_r
 .text._free_r  0x08006630       0x94 /opt/ST/STM32CubeCLT_1.16.0/GNU-tools-for-STM32/bin/../lib/gcc/arm-none-eabi/12.3.1/../../../../arm-none-eabi/lib/thumb/v7e-m+fp/hard/libc_nano.a(libc_a-freer.o)
                0x08006630                _free_r
 .text.__sfputc_r
                0x080066c4       0x2e /opt/ST/STM32CubeCLT_1.16.0/GNU-tools-for-STM32/bin/../lib/gcc/arm-none-eabi/12.3.1/../../../../arm-none-eabi/lib/thumb/v7e-m+fp/hard/libc_nano.a(libc_a-nano-vfprintf.o)
 .text.__sfputs_r
                0x080066f2       0x24 /opt/ST/STM32CubeCLT_1.16.0/GNU-tools-for-STM32/bin/../lib/gcc/arm-none-eabi/12.3.1/../../../../arm-none-eabi/lib/thumb/v7e-m+fp/hard/libc_nano.a(libc_a-nano-vfprintf.o)
                0x080066f2                __sfputs_r
 *fill*         0x08006716        0x2 
 .text._vfprintf_r
                0x08006718      0x230 /opt/ST/STM32CubeCLT_1.16.0/GNU-tools-for-STM32/bin/../lib/gcc/arm-none-eabi/12.3.1/../../../../arm-none-eabi/lib/thumb/v7e-m+fp/hard/libc_nano.a(libc_a-nano-vfprintf.o)
                0x08006718                _vfiprintf_r
                0x08006718                _vfprintf_r
 .text.malloc   0x08006948       0x10 /opt/ST/STM32CubeCLT_1.16.0/GNU-tools-for-STM32/bin/../lib/gcc/arm-none-eabi/12.3.1/../../../../arm-none-eabi/lib/thumb/v7e-m+fp/hard/libc_nano.a(libc_a-malloc.o)
                0x08006948                malloc
 .text.sbrk_aligned
                0x08006958       0x44 /opt/ST/STM32CubeCLT_1.16.0/GNU-tools-for-STM32/bin/../lib/gcc/arm-none-eabi/12.3.1/../../../../arm-none-eabi/lib/thumb/v7e-m+fp/hard/libc_nano.a(libc_a-mallocr.o)
 .text._malloc_r
                0x0800699c      0x100 /opt/ST/STM32CubeCLT_1.16.0/GNU-tools-for-STM32/bin/../lib/gcc/arm-none-eabi/12.3.1/../../../../arm-none-eabi/lib/thumb/v7e-m+fp/hard/libc_nano.a(libc_a-mallocr.o)
                0x0800699c                _malloc_r
 .text.__sflush_r
                0x08006a9c      0x108 /opt/ST/STM32CubeCLT_1.16.0/GNU-tools-for-STM32/bin/../lib/gcc/arm-none-eabi/12.3.1/../../../../arm-none-eabi/lib/thumb/v7e-m+fp/hard/libc_nano.a(libc_a-fflush.o)
                0x08006a9c                __sflush_r
 .text._fflush_r
                0x08006ba4       0x50 /opt/ST/STM32CubeCLT_1.16.0/GNU-tools-for-STM32/bin/../lib/gcc/arm-none-eabi/12.3.1/../../../../arm-none-eabi/lib/thumb/v7e-m+fp/hard/libc_nano.a(libc_a-fflush.o)
                0x08006ba4                _fflush_r
 .text.__malloc_lock
                0x08006bf4        0xc /opt/ST/STM32CubeCLT_1.16.0/GNU-tools-for-STM32/bin/../lib/gcc/arm-none-eabi/12.3.1/../../../../arm-none-eabi/lib/thumb/v7e-m+fp/hard/libc_nano.a(libc_a-mlock.o)
                0x08006bf4                __malloc_lock
 .text.__malloc_unlock
                0x08006c00        0xc /opt/ST/STM32CubeCLT_1.16.0/GNU-tools-for-STM32/bin/../lib/gcc/arm-none-eabi/12.3.1/../../../../arm-none-eabi/lib/thumb/v7e-m+fp/hard/libc_nano.a(libc_a-mlock.o)
                0x08006c00                __malloc_unlock
 .text._Balloc  0x08006c0c       0x80 /opt/ST/STM32CubeCLT_1.16.0/GNU-tools-for-STM32/bin/../lib/gcc/arm-none-eabi/12.3.1/../../../../arm-none-eabi/lib/thumb/v7e-m+fp/hard/libc_nano.a(libc_a-mprec.o)
                0x08006c0c                _Balloc
 .text._Bfree   0x08006c8c       0x44 /opt/ST/STM32CubeCLT_1.16.0/GNU-tools-for-STM32/bin/../lib/gcc/arm-none-eabi/12.3.1/../../../../arm-none-eabi/lib/thumb/v7e-m+fp/hard/libc_nano.a(libc_a-mprec.o)
                0x08006c8c                _Bfree
 .text.__multadd
                0x08006cd0       0x8c /opt/ST/STM32CubeCLT_1.16.0/GNU-tools-for-STM32/bin/../lib/gcc/arm-none-eabi/12.3.1/../../../../arm-none-eabi/lib/thumb/v7e-m+fp/hard/libc_nano.a(libc_a-mprec.o)
                0x08006cd0                __multadd
 .text.__hi0bits
                0x08006d5c       0x3e /opt/ST/STM32CubeCLT_1.16.0/GNU-tools-for-STM32/bin/../lib/gcc/arm-none-eabi/12.3.1/../../../../arm-none-eabi/lib/thumb/v7e-m+fp/hard/libc_nano.a(libc_a-mprec.o)
                0x08006d5c                __hi0bits
 .text.__lo0bits
                0x08006d9a       0x5a /opt/ST/STM32CubeCLT_1.16.0/GNU-tools-for-STM32/bin/../lib/gcc/arm-none-eabi/12.3.1/../../../../arm-none-eabi/lib/thumb/v7e-m+fp/hard/libc_nano.a(libc_a-mprec.o)
                0x08006d9a                __lo0bits
 .text.__i2b    0x08006df4       0x2c /opt/ST/STM32CubeCLT_1.16.0/GNU-tools-for-STM32/bin/../lib/gcc/arm-none-eabi/12.3.1/../../../../arm-none-eabi/lib/thumb/v7e-m+fp/hard/libc_nano.a(libc_a-mprec.o)
                0x08006df4                __i2b
 .text.__multiply
                0x08006e20      0x154 /opt/ST/STM32CubeCLT_1.16.0/GNU-tools-for-STM32/bin/../lib/gcc/arm-none-eabi/12.3.1/../../../../arm-none-eabi/lib/thumb/v7e-m+fp/hard/libc_nano.a(libc_a-mprec.o)
                0x08006e20                __multiply
 .text.__pow5mult
                0x08006f74       0xb4 /opt/ST/STM32CubeCLT_1.16.0/GNU-tools-for-STM32/bin/../lib/gcc/arm-none-eabi/12.3.1/../../../../arm-none-eabi/lib/thumb/v7e-m+fp/hard/libc_nano.a(libc_a-mprec.o)
                0x08006f74                __pow5mult
 .text.__lshift
                0x08007028       0xd8 /opt/ST/STM32CubeCLT_1.16.0/GNU-tools-for-STM32/bin/../lib/gcc/arm-none-eabi/12.3.1/../../../../arm-none-eabi/lib/thumb/v7e-m+fp/hard/libc_nano.a(libc_a-mprec.o)
                0x08007028                __lshift
 .text.__mcmp   0x08007100       0x36 /opt/ST/STM32CubeCLT_1.16.0/GNU-tools-for-STM32/bin/../lib/gcc/arm-none-eabi/12.3.1/../../../../arm-none-eabi/lib/thumb/v7e-m+fp/hard/libc_nano.a(libc_a-mprec.o)
                0x08007100                __mcmp
 *fill*         0x08007136        0x2 
 .text.__mdiff  0x08007138      0x128 /opt/ST/STM32CubeCLT_1.16.0/GNU-tools-for-STM32/bin/../lib/gcc/arm-none-eabi/12.3.1/../../../../arm-none-eabi/lib/thumb/v7e-m+fp/hard/libc_nano.a(libc_a-mprec.o)
                0x08007138                __mdiff
 .text.__d2b    0x08007260       0xb0 /opt/ST/STM32CubeCLT_1.16.0/GNU-tools-for-STM32/bin/../lib/gcc/arm-none-eabi/12.3.1/../../../../arm-none-eabi/lib/thumb/v7e-m+fp/hard/libc_nano.a(libc_a-mprec.o)
                0x08007260                __d2b
 .text.__sread  0x08007310       0x22 /opt/ST/STM32CubeCLT_1.16.0/GNU-tools-for-STM32/bin/../lib/gcc/arm-none-eabi/12.3.1/../../../../arm-none-eabi/lib/thumb/v7e-m+fp/hard/libc_nano.a(libc_a-stdio.o)
                0x08007310                __sread
 .text.__swrite
                0x08007332       0x38 /opt/ST/STM32CubeCLT_1.16.0/GNU-tools-for-STM32/bin/../lib/gcc/arm-none-eabi/12.3.1/../../../../arm-none-eabi/lib/thumb/v7e-m+fp/hard/libc_nano.a(libc_a-stdio.o)
                0x08007332                __swrite
 .text.__sseek  0x0800736a       0x24 /opt/ST/STM32CubeCLT_1.16.0/GNU-tools-for-STM32/bin/../lib/gcc/arm-none-eabi/12.3.1/../../../../arm-none-eabi/lib/thumb/v7e-m+fp/hard/libc_nano.a(libc_a-stdio.o)
                0x0800736a                __sseek
 .text.__sclose
                0x0800738e        0x8 /opt/ST/STM32CubeCLT_1.16.0/GNU-tools-for-STM32/bin/../lib/gcc/arm-none-eabi/12.3.1/../../../../arm-none-eabi/lib/thumb/v7e-m+fp/hard/libc_nano.a(libc_a-stdio.o)
                0x0800738e                __sclose
 .text.__swbuf_r
                0x08007396       0x7c /opt/ST/STM32CubeCLT_1.16.0/GNU-tools-for-STM32/bin/../lib/gcc/arm-none-eabi/12.3.1/../../../../arm-none-eabi/lib/thumb/v7e-m+fp/hard/libc_nano.a(libc_a-wbuf.o)
                0x08007396                __swbuf_r
 *fill*         0x08007412        0x2 
 .text.__swsetup_r
                0x08007414       0xac /opt/ST/STM32CubeCLT_1.16.0/GNU-tools-for-STM32/bin/../lib/gcc/arm-none-eabi/12.3.1/../../../../arm-none-eabi/lib/thumb/v7e-m+fp/hard/libc_nano.a(libc_a-wsetup.o)
                0x08007414                __swsetup_r
 .text._close_r
                0x080074c0       0x20 /opt/ST/STM32CubeCLT_1.16.0/GNU-tools-for-STM32/bin/../lib/gcc/arm-none-eabi/12.3.1/../../../../arm-none-eabi/lib/thumb/v7e-m+fp/hard/libc_nano.a(libc_a-closer.o)
                0x080074c0                _close_r
 .text._lseek_r
                0x080074e0       0x24 /opt/ST/STM32CubeCLT_1.16.0/GNU-tools-for-STM32/bin/../lib/gcc/arm-none-eabi/12.3.1/../../../../arm-none-eabi/lib/thumb/v7e-m+fp/hard/libc_nano.a(libc_a-lseekr.o)
                0x080074e0                _lseek_r
 .text._read_r  0x08007504       0x24 /opt/ST/STM32CubeCLT_1.16.0/GNU-tools-for-STM32/bin/../lib/gcc/arm-none-eabi/12.3.1/../../../../arm-none-eabi/lib/thumb/v7e-m+fp/hard/libc_nano.a(libc_a-readr.o)
                0x08007504                _read_r
 .text._sbrk_r  0x08007528       0x20 /opt/ST/STM32CubeCLT_1.16.0/GNU-tools-for-STM32/bin/../lib/gcc/arm-none-eabi/12.3.1/../../../../arm-none-eabi/lib/thumb/v7e-m+fp/hard/libc_nano.a(libc_a-sbrkr.o)
                0x08007528                _sbrk_r
 .text._write_r
                0x08007548       0x24 /opt/ST/STM32CubeCLT_1.16.0/GNU-tools-for-STM32/bin/../lib/gcc/arm-none-eabi/12.3.1/../../../../arm-none-eabi/lib/thumb/v7e-m+fp/hard/libc_nano.a(libc_a-writer.o)
                0x08007548                _write_r
 .text.memcpy   0x0800756c       0x1c /opt/ST/STM32CubeCLT_1.16.0/GNU-tools-for-STM32/bin/../lib/gcc/arm-none-eabi/12.3.1/../../../../arm-none-eabi/lib/thumb/v7e-m+fp/hard/libc_nano.a(libc_a-memcpy-stub.o)
                0x0800756c                memcpy
 .text.__assert_func
                0x08007588       0x3c /opt/ST/STM32CubeCLT_1.16.0/GNU-tools-for-STM32/bin/../lib/gcc/arm-none-eabi/12.3.1/../../../../arm-none-eabi/lib/thumb/v7e-m+fp/hard/libc_nano.a(libc_a-assert.o)
                0x08007588                __assert_func
 .text._calloc_r
                0x080075c4       0x28 /opt/ST/STM32CubeCLT_1.16.0/GNU-tools-for-STM32/bin/../lib/gcc/arm-none-eabi/12.3.1/../../../../arm-none-eabi/lib/thumb/v7e-m+fp/hard/libc_nano.a(libc_a-callocr.o)
                0x080075c4                _calloc_r
 .text.__ascii_mbtowc
                0x080075ec       0x24 /opt/ST/STM32CubeCLT_1.16.0/GNU-tools-for-STM32/bin/../lib/gcc/arm-none-eabi/12.3.1/../../../../arm-none-eabi/lib/thumb/v7e-m+fp/hard/libc_nano.a(libc_a-mbtowc_r.o)
                0x080075ec                __ascii_mbtowc
 .text.fprintf  0x08007610       0x24 /opt/ST/STM32CubeCLT_1.16.0/GNU-tools-for-STM32/bin/../lib/gcc/arm-none-eabi/12.3.1/../../../../arm-none-eabi/lib/thumb/v7e-m+fp/hard/libc_nano.a(libc_a-fprintf.o)
                0x08007610                fprintf
                0x08007610                fiprintf
 .text.__ascii_wctomb
                0x08007634       0x1a /opt/ST/STM32CubeCLT_1.16.0/GNU-tools-for-STM32/bin/../lib/gcc/arm-none-eabi/12.3.1/../../../../arm-none-eabi/lib/thumb/v7e-m+fp/hard/libc_nano.a(libc_a-wctomb_r.o)
                0x08007634                __ascii_wctomb
 .text.abort    0x0800764e        0xe /opt/ST/STM32CubeCLT_1.16.0/GNU-tools-for-STM32/bin/../lib/gcc/arm-none-eabi/12.3.1/../../../../arm-none-eabi/lib/thumb/v7e-m+fp/hard/libc_nano.a(libc_a-abort.o)
                0x0800764e                abort
 .text._raise_r
                0x0800765c       0x50 /opt/ST/STM32CubeCLT_1.16.0/GNU-tools-for-STM32/bin/../lib/gcc/arm-none-eabi/12.3.1/../../../../arm-none-eabi/lib/thumb/v7e-m+fp/hard/libc_nano.a(libc_a-signal.o)
                0x0800765c                _raise_r
 .text.raise    0x080076ac       0x10 /opt/ST/STM32CubeCLT_1.16.0/GNU-tools-for-STM32/bin/../lib/gcc/arm-none-eabi/12.3.1/../../../../arm-none-eabi/lib/thumb/v7e-m+fp/hard/libc_nano.a(libc_a-signal.o)
                0x080076ac                raise
 .text._kill_r  0x080076bc       0x24 /opt/ST/STM32CubeCLT_1.16.0/GNU-tools-for-STM32/bin/../lib/gcc/arm-none-eabi/12.3.1/../../../../arm-none-eabi/lib/thumb/v7e-m+fp/hard/libc_nano.a(libc_a-signalr.o)
                0x080076bc                _kill_r
 .text._getpid_r
                0x080076e0        0x4 /opt/ST/STM32CubeCLT_1.16.0/GNU-tools-for-STM32/bin/../lib/gcc/arm-none-eabi/12.3.1/../../../../arm-none-eabi/lib/thumb/v7e-m+fp/hard/libc_nano.a(libc_a-signalr.o)
                0x080076e0                _getpid_r
 *fill*         0x080076e4        0x4 
 .text.cos      0x080076e8       0xa8 /opt/ST/STM32CubeCLT_1.16.0/GNU-tools-for-STM32/bin/../lib/gcc/arm-none-eabi/12.3.1/../../../../arm-none-eabi/lib/thumb/v7e-m+fp/hard/libm.a(libm_a-s_cos.o)
                0x080076e8                cos
 .text.__ieee754_rem_pio2
                0x08007790      0x3f8 /opt/ST/STM32CubeCLT_1.16.0/GNU-tools-for-STM32/bin/../lib/gcc/arm-none-eabi/12.3.1/../../../../arm-none-eabi/lib/thumb/v7e-m+fp/hard/libm.a(libm_a-e_rem_pio2.o)
                0x08007790                __ieee754_rem_pio2
 .text.__kernel_rem_pio2
                0x08007b88      0x6b0 /opt/ST/STM32CubeCLT_1.16.0/GNU-tools-for-STM32/bin/../lib/gcc/arm-none-eabi/12.3.1/../../../../arm-none-eabi/lib/thumb/v7e-m+fp/hard/libm.a(libm_a-k_rem_pio2.o)
                0x08007b88                __kernel_rem_pio2
 .text.__kernel_cos
                0x08008238      0x18c /opt/ST/STM32CubeCLT_1.16.0/GNU-tools-for-STM32/bin/../lib/gcc/arm-none-eabi/12.3.1/../../../../arm-none-eabi/lib/thumb/v7e-m+fp/hard/libm.a(libm_a-k_cos.o)
                0x08008238                __kernel_cos
 *fill*         0x080083c4        0x4 
 .text.__kernel_sin
                0x080083c8      0x174 /opt/ST/STM32CubeCLT_1.16.0/GNU-tools-for-STM32/bin/../lib/gcc/arm-none-eabi/12.3.1/../../../../arm-none-eabi/lib/thumb/v7e-m+fp/hard/libm.a(libm_a-k_sin.o)
                0x080083c8                __kernel_sin
 .text.fabs     0x0800853c       0x10 /opt/ST/STM32CubeCLT_1.16.0/GNU-tools-for-STM32/bin/../lib/gcc/arm-none-eabi/12.3.1/../../../../arm-none-eabi/lib/thumb/v7e-m+fp/hard/libm.a(libm_a-s_fabs.o)
                0x0800853c                fabs
 *fill*         0x0800854c        0x4 
 .text.scalbn   0x08008550       0xfc /opt/ST/STM32CubeCLT_1.16.0/GNU-tools-for-STM32/bin/../lib/gcc/arm-none-eabi/12.3.1/../../../../arm-none-eabi/lib/thumb/v7e-m+fp/hard/libm.a(libm_a-s_scalbn.o)
                0x08008550                scalbn
 *fill*         0x0800864c        0x4 
 .text.floor    0x08008650       0xf8 /opt/ST/STM32CubeCLT_1.16.0/GNU-tools-for-STM32/bin/../lib/gcc/arm-none-eabi/12.3.1/../../../../arm-none-eabi/lib/thumb/v7e-m+fp/hard/libm.a(libm_a-s_floor.o)
                0x08008650                floor
 *(.glue_7)
 .glue_7        0x08008748        0x0 linker stubs
 *(.glue_7t)
 .glue_7t       0x08008748        0x0 linker stubs
 *(.eh_frame)
 .eh_frame      0x08008748        0x0 /opt/ST/STM32CubeCLT_1.16.0/GNU-tools-for-STM32/bin/../lib/gcc/arm-none-eabi/12.3.1/thumb/v7e-m+fp/hard/crtbegin.o
 *(.init)
 .init          0x08008748        0x4 /opt/ST/STM32CubeCLT_1.16.0/GNU-tools-for-STM32/bin/../lib/gcc/arm-none-eabi/12.3.1/thumb/v7e-m+fp/hard/crti.o
                0x08008748                _init
 .init          0x0800874c        0x8 /opt/ST/STM32CubeCLT_1.16.0/GNU-tools-for-STM32/bin/../lib/gcc/arm-none-eabi/12.3.1/thumb/v7e-m+fp/hard/crtn.o
 *(.fini)
 .fini          0x08008754        0x4 /opt/ST/STM32CubeCLT_1.16.0/GNU-tools-for-STM32/bin/../lib/gcc/arm-none-eabi/12.3.1/thumb/v7e-m+fp/hard/crti.o
                0x08008754                _fini
 .fini          0x08008758        0x8 /opt/ST/STM32CubeCLT_1.16.0/GNU-tools-for-STM32/bin/../lib/gcc/arm-none-eabi/12.3.1/thumb/v7e-m+fp/hard/crtn.o
                0x08008760                        . = ALIGN (0x4)
                0x08008760                        _etext = .

.vfp11_veneer   0x08008760        0x0
 .vfp11_veneer  0x08008760        0x0 linker stubs

.v4_bx          0x08008760        0x0
 .v4_bx         0x08008760        0x0 linker stubs

.iplt           0x08008760        0x0
 .iplt          0x08008760        0x0 /opt/ST/STM32CubeCLT_1.16.0/GNU-tools-for-STM32/bin/../lib/gcc/arm-none-eabi/12.3.1/thumb/v7e-m+fp/hard/crtbegin.o

.rodata         0x08008760      0x5c8
                0x08008760                        . = ALIGN (0x4)
 *(.rodata)
 *(.rodata*)
 .rodata.main.str1.4
                0x08008760       0x46 build/main.o
 *fill*         0x080087a6        0x2 
 .rodata.aPredivFactorTable
                0x080087a8       0x10 build/stm32f3xx_hal_rcc.o
 .rodata.aPLLMULFactorTable
                0x080087b8       0x10 build/stm32f3xx_hal_rcc.o
 .rodata.APBPrescTable
                0x080087c8        0x8 build/system_stm32f3xx.o
                0x080087c8                APBPrescTable
 .rodata.AHBPrescTable
                0x080087d0       0x10 build/system_stm32f3xx.o
                0x080087d0                AHBPrescTable
 .rodata._printf_float.str1.1
                0x080087e0       0x12 /opt/ST/STM32CubeCLT_1.16.0/GNU-tools-for-STM32/bin/../lib/gcc/arm-none-eabi/12.3.1/../../../../arm-none-eabi/lib/thumb/v7e-m+fp/hard/libc_nano.a(libc_a-nano-vfprintf_float.o)
 .rodata._printf_i.str1.1
                0x080087f2       0x22 /opt/ST/STM32CubeCLT_1.16.0/GNU-tools-for-STM32/bin/../lib/gcc/arm-none-eabi/12.3.1/../../../../arm-none-eabi/lib/thumb/v7e-m+fp/hard/libc_nano.a(libc_a-nano-vfprintf_i.o)
 .rodata._dtoa_r.str1.1
                0x08008814       0x8d /opt/ST/STM32CubeCLT_1.16.0/GNU-tools-for-STM32/bin/../lib/gcc/arm-none-eabi/12.3.1/../../../../arm-none-eabi/lib/thumb/v7e-m+fp/hard/libc_nano.a(libc_a-dtoa.o)
                                 0x8f (size before relaxing)
 .rodata._vfprintf_r.str1.1
                0x080088a1       0x11 /opt/ST/STM32CubeCLT_1.16.0/GNU-tools-for-STM32/bin/../lib/gcc/arm-none-eabi/12.3.1/../../../../arm-none-eabi/lib/thumb/v7e-m+fp/hard/libc_nano.a(libc_a-nano-vfprintf.o)
 .rodata._Balloc.str1.1
                0x080088b2       0x59 /opt/ST/STM32CubeCLT_1.16.0/GNU-tools-for-STM32/bin/../lib/gcc/arm-none-eabi/12.3.1/../../../../arm-none-eabi/lib/thumb/v7e-m+fp/hard/libc_nano.a(libc_a-mprec.o)
                                 0x70 (size before relaxing)
 .rodata.__multadd.str1.1
                0x0800890b       0x11 /opt/ST/STM32CubeCLT_1.16.0/GNU-tools-for-STM32/bin/../lib/gcc/arm-none-eabi/12.3.1/../../../../arm-none-eabi/lib/thumb/v7e-m+fp/hard/libc_nano.a(libc_a-mprec.o)
 *fill*         0x0800890b        0x1 
 .rodata.p05.0  0x0800890c        0xc /opt/ST/STM32CubeCLT_1.16.0/GNU-tools-for-STM32/bin/../lib/gcc/arm-none-eabi/12.3.1/../../../../arm-none-eabi/lib/thumb/v7e-m+fp/hard/libc_nano.a(libc_a-mprec.o)
 .rodata.__mprec_bigtens
                0x08008918       0x28 /opt/ST/STM32CubeCLT_1.16.0/GNU-tools-for-STM32/bin/../lib/gcc/arm-none-eabi/12.3.1/../../../../arm-none-eabi/lib/thumb/v7e-m+fp/hard/libc_nano.a(libc_a-mprec.o)
                0x08008918                __mprec_bigtens
 .rodata.__mprec_tens
                0x08008940       0xc8 /opt/ST/STM32CubeCLT_1.16.0/GNU-tools-for-STM32/bin/../lib/gcc/arm-none-eabi/12.3.1/../../../../arm-none-eabi/lib/thumb/v7e-m+fp/hard/libc_nano.a(libc_a-mprec.o)
                0x08008940                __mprec_tens
 .rodata._setlocale_r.str1.1
                0x08008a08        0x8 /opt/ST/STM32CubeCLT_1.16.0/GNU-tools-for-STM32/bin/../lib/gcc/arm-none-eabi/12.3.1/../../../../arm-none-eabi/lib/thumb/v7e-m+fp/hard/libc_nano.a(libc_a-locale.o)
                                  0x9 (size before relaxing)
 .rodata.str1.1
                0x08008a10        0x2 /opt/ST/STM32CubeCLT_1.16.0/GNU-tools-for-STM32/bin/../lib/gcc/arm-none-eabi/12.3.1/../../../../arm-none-eabi/lib/thumb/v7e-m+fp/hard/libc_nano.a(libc_a-locale.o)
 .rodata._ctype_
                0x08008a12      0x101 /opt/ST/STM32CubeCLT_1.16.0/GNU-tools-for-STM32/bin/../lib/gcc/arm-none-eabi/12.3.1/../../../../arm-none-eabi/lib/thumb/v7e-m+fp/hard/libc_nano.a(libc_a-ctype_.o)
                0x08008a12                _ctype_
 .rodata.__assert_func.str1.1
                0x08008b13       0x3c /opt/ST/STM32CubeCLT_1.16.0/GNU-tools-for-STM32/bin/../lib/gcc/arm-none-eabi/12.3.1/../../../../arm-none-eabi/lib/thumb/v7e-m+fp/hard/libc_nano.a(libc_a-assert.o)
                                 0x3d (size before relaxing)
 *fill*         0x08008b4f        0x1 
 .rodata.npio2_hw
                0x08008b50       0x80 /opt/ST/STM32CubeCLT_1.16.0/GNU-tools-for-STM32/bin/../lib/gcc/arm-none-eabi/12.3.1/../../../../arm-none-eabi/lib/thumb/v7e-m+fp/hard/libm.a(libm_a-e_rem_pio2.o)
 .rodata.two_over_pi
                0x08008bd0      0x108 /opt/ST/STM32CubeCLT_1.16.0/GNU-tools-for-STM32/bin/../lib/gcc/arm-none-eabi/12.3.1/../../../../arm-none-eabi/lib/thumb/v7e-m+fp/hard/libm.a(libm_a-e_rem_pio2.o)
 .rodata.PIo2   0x08008cd8       0x40 /opt/ST/STM32CubeCLT_1.16.0/GNU-tools-for-STM32/bin/../lib/gcc/arm-none-eabi/12.3.1/../../../../arm-none-eabi/lib/thumb/v7e-m+fp/hard/libm.a(libm_a-k_rem_pio2.o)
 .rodata.init_jk
                0x08008d18       0x10 /opt/ST/STM32CubeCLT_1.16.0/GNU-tools-for-STM32/bin/../lib/gcc/arm-none-eabi/12.3.1/../../../../arm-none-eabi/lib/thumb/v7e-m+fp/hard/libm.a(libm_a-k_rem_pio2.o)
                0x08008d28                        . = ALIGN (0x4)

.ARM.extab
 *(.ARM.extab* .gnu.linkonce.armextab.*)

.ARM            0x08008d28        0x8
                0x08008d28                        __exidx_start = .
 *(.ARM.exidx*)
 .ARM.exidx     0x08008d28        0x8 /opt/ST/STM32CubeCLT_1.16.0/GNU-tools-for-STM32/bin/../lib/gcc/arm-none-eabi/12.3.1/../../../../arm-none-eabi/lib/thumb/v7e-m+fp/hard/libc_nano.a(libc_a-memchr.o)
 .ARM.exidx     0x08008d30        0x0 /opt/ST/STM32CubeCLT_1.16.0/GNU-tools-for-STM32/bin/../lib/gcc/arm-none-eabi/12.3.1/../../../../arm-none-eabi/lib/thumb/v7e-m+fp/hard/libc_nano.a(libc_a-strlen.o)
                                  0x8 (size before relaxing)
                0x08008d30                        __exidx_end = .

.rel.dyn        0x08008d30        0x0
 .rel.iplt      0x08008d30        0x0 /opt/ST/STM32CubeCLT_1.16.0/GNU-tools-for-STM32/bin/../lib/gcc/arm-none-eabi/12.3.1/thumb/v7e-m+fp/hard/crtbegin.o

.preinit_array  0x08008d30        0x0
                0x08008d30                        PROVIDE (__preinit_array_start = .)
 *(.preinit_array*)
                0x08008d30                        PROVIDE (__preinit_array_end = .)

.init_array     0x08008d30        0x4
                0x08008d30                        PROVIDE (__init_array_start = .)
 *(SORT_BY_NAME(.init_array.*))
 *(.init_array*)
 .init_array    0x08008d30        0x4 /opt/ST/STM32CubeCLT_1.16.0/GNU-tools-for-STM32/bin/../lib/gcc/arm-none-eabi/12.3.1/thumb/v7e-m+fp/hard/crtbegin.o
                0x08008d34                        PROVIDE (__init_array_end = .)

.fini_array     0x08008d34        0x4
                [!provide]                        PROVIDE (__fini_array_start = .)
 *(SORT_BY_NAME(.fini_array.*))
 *(.fini_array*)
 .fini_array    0x08008d34        0x4 /opt/ST/STM32CubeCLT_1.16.0/GNU-tools-for-STM32/bin/../lib/gcc/arm-none-eabi/12.3.1/thumb/v7e-m+fp/hard/crtbegin.o
                [!provide]                        PROVIDE (__fini_array_end = .)
                0x08008d38                        _sidata = LOADADDR (.data)

.data           0x20000000      0x1d4 load address 0x08008d38
                0x20000000                        . = ALIGN (0x4)
                0x20000000                        _sdata = .
 *(.data)
 *(.data*)
 .data.uwTickFreq
                0x20000000        0x1 build/stm32f3xx_hal.o
                0x20000000                uwTickFreq
 *fill*         0x20000001        0x3 
 .data.uwTickPrio
                0x20000004        0x4 build/stm32f3xx_hal.o
                0x20000004                uwTickPrio
 .data.SystemCoreClock
                0x20000008        0x4 build/system_stm32f3xx.o
                0x20000008                SystemCoreClock
 .data.__sglue  0x2000000c        0xc /opt/ST/STM32CubeCLT_1.16.0/GNU-tools-for-STM32/bin/../lib/gcc/arm-none-eabi/12.3.1/../../../../arm-none-eabi/lib/thumb/v7e-m+fp/hard/libc_nano.a(libc_a-findfp.o)
                0x2000000c                __sglue
 .data._impure_ptr
                0x20000018        0x4 /opt/ST/STM32CubeCLT_1.16.0/GNU-tools-for-STM32/bin/../lib/gcc/arm-none-eabi/12.3.1/../../../../arm-none-eabi/lib/thumb/v7e-m+fp/hard/libc_nano.a(libc_a-impure.o)
                0x20000018                _impure_ptr
 .data._impure_data
                0x2000001c       0x4c /opt/ST/STM32CubeCLT_1.16.0/GNU-tools-for-STM32/bin/../lib/gcc/arm-none-eabi/12.3.1/../../../../arm-none-eabi/lib/thumb/v7e-m+fp/hard/libc_nano.a(libc_a-impure.o)
                0x2000001c                _impure_data
 .data.__global_locale
                0x20000068      0x16c /opt/ST/STM32CubeCLT_1.16.0/GNU-tools-for-STM32/bin/../lib/gcc/arm-none-eabi/12.3.1/../../../../arm-none-eabi/lib/thumb/v7e-m+fp/hard/libc_nano.a(libc_a-locale.o)
                0x20000068                __global_locale
                0x200001d4                        . = ALIGN (0x4)
                0x200001d4                        _edata = .
                0x08008f0c                        _siccmram = LOADADDR (.ccmram)

.igot.plt       0x200001d4        0x0 load address 0x08008f0c
 .igot.plt      0x200001d4        0x0 /opt/ST/STM32CubeCLT_1.16.0/GNU-tools-for-STM32/bin/../lib/gcc/arm-none-eabi/12.3.1/thumb/v7e-m+fp/hard/crtbegin.o

.ccmram         0x10000000        0x0 load address 0x08008f0c
                0x10000000                        . = ALIGN (0x4)
                0x10000000                        _sccmram = .
 *(.ccmram)
 *(.ccmram*)
                0x10000000                        . = ALIGN (0x4)
                0x10000000                        _eccmram = .
                0x10000000                        . = ALIGN (0x4)

.bss            0x200001d4     0x1ed8
                0x200001d4                        _sbss = .
                0x200001d4                        __bss_start__ = _sbss
 *(.bss)
 .bss           0x200001d4       0x1c /opt/ST/STM32CubeCLT_1.16.0/GNU-tools-for-STM32/bin/../lib/gcc/arm-none-eabi/12.3.1/thumb/v7e-m+fp/hard/crtbegin.o
 *(.bss*)
 .bss.dmi       0x200001f0      0x418 build/dma_printf.o
                0x200001f0                dmi
 .bss.dsi       0x20000608      0x410 build/dma_scanf.o
                0x20000608                dsi
 .bss.str.0     0x20000a18        0x5 build/main.o
 *fill*         0x20000a1d        0x3 
 .bss.cos_table
                0x20000a20     0x1248 build/main.o
                0x20000a20                cos_table
 .bss.htim16    0x20001c68       0x4c build/tim.o
                0x20001c68                htim16
 .bss.htim6     0x20001cb4       0x4c build/tim.o
                0x20001cb4                htim6
 .bss.htim3     0x20001d00       0x4c build/tim.o
                0x20001d00                htim3
 .bss.htim2     0x20001d4c       0x4c build/tim.o
                0x20001d4c                htim2
 .bss.htim1     0x20001d98       0x4c build/tim.o
                0x20001d98                htim1
 .bss.uwTick    0x20001de4        0x4 build/stm32f3xx_hal.o
                0x20001de4                uwTick
 .bss.__sbrk_heap_end
                0x20001de8        0x4 build/sysmem.o
 .bss.hspi1     0x20001dec       0x64 build/spi.o
                0x20001dec                hspi1
 .bss.hdma_usart1_tx
                0x20001e50       0x44 build/usart.o
                0x20001e50                hdma_usart1_tx
 .bss.hdma_usart1_rx
                0x20001e94       0x44 build/usart.o
                0x20001e94                hdma_usart1_rx
 .bss.huart1    0x20001ed8       0x88 build/usart.o
                0x20001ed8                huart1
 .bss.__sf      0x20001f60      0x138 /opt/ST/STM32CubeCLT_1.16.0/GNU-tools-for-STM32/bin/../lib/gcc/arm-none-eabi/12.3.1/../../../../arm-none-eabi/lib/thumb/v7e-m+fp/hard/libc_nano.a(libc_a-findfp.o)
                0x20001f60                __sf
 .bss.__stdio_exit_handler
                0x20002098        0x4 /opt/ST/STM32CubeCLT_1.16.0/GNU-tools-for-STM32/bin/../lib/gcc/arm-none-eabi/12.3.1/../../../../arm-none-eabi/lib/thumb/v7e-m+fp/hard/libc_nano.a(libc_a-findfp.o)
                0x20002098                __stdio_exit_handler
 .bss.__lock___malloc_recursive_mutex
                0x2000209c        0x1 /opt/ST/STM32CubeCLT_1.16.0/GNU-tools-for-STM32/bin/../lib/gcc/arm-none-eabi/12.3.1/../../../../arm-none-eabi/lib/thumb/v7e-m+fp/hard/libc_nano.a(libc_a-lock.o)
                0x2000209c                __lock___malloc_recursive_mutex
 .bss.__lock___sfp_recursive_mutex
                0x2000209d        0x1 /opt/ST/STM32CubeCLT_1.16.0/GNU-tools-for-STM32/bin/../lib/gcc/arm-none-eabi/12.3.1/../../../../arm-none-eabi/lib/thumb/v7e-m+fp/hard/libc_nano.a(libc_a-lock.o)
                0x2000209d                __lock___sfp_recursive_mutex
 *fill*         0x2000209e        0x2 
 .bss.__malloc_sbrk_start
                0x200020a0        0x4 /opt/ST/STM32CubeCLT_1.16.0/GNU-tools-for-STM32/bin/../lib/gcc/arm-none-eabi/12.3.1/../../../../arm-none-eabi/lib/thumb/v7e-m+fp/hard/libc_nano.a(libc_a-mallocr.o)
                0x200020a0                __malloc_sbrk_start
 .bss.__malloc_free_list
                0x200020a4        0x4 /opt/ST/STM32CubeCLT_1.16.0/GNU-tools-for-STM32/bin/../lib/gcc/arm-none-eabi/12.3.1/../../../../arm-none-eabi/lib/thumb/v7e-m+fp/hard/libc_nano.a(libc_a-mallocr.o)
                0x200020a4                __malloc_free_list
 .bss.errno     0x200020a8        0x4 /opt/ST/STM32CubeCLT_1.16.0/GNU-tools-for-STM32/bin/../lib/gcc/arm-none-eabi/12.3.1/../../../../arm-none-eabi/lib/thumb/v7e-m+fp/hard/libc_nano.a(libc_a-reent.o)
                0x200020a8                errno
 *(COMMON)
                0x200020ac                        . = ALIGN (0x4)
                0x200020ac                        _ebss = .
                0x200020ac                        __bss_end__ = _ebss

._user_heap_stack
                0x200020ac      0x604
                0x200020b0                        . = ALIGN (0x8)
 *fill*         0x200020ac        0x4 
                [!provide]                        PROVIDE (end = .)
                0x200020b0                        PROVIDE (_end = .)
                0x200022b0                        . = (. + _Min_Heap_Size)
 *fill*         0x200020b0      0x200 
                0x200026b0                        . = (. + _Min_Stack_Size)
 *fill*         0x200022b0      0x400 
                0x200026b0                        . = ALIGN (0x8)

/DISCARD/
 libc.a(*)
 libm.a(*)
 libgcc.a(*)

.ARM.attributes
                0x00000000       0x30
 *(.ARM.attributes)
 .ARM.attributes
                0x00000000       0x22 /opt/ST/STM32CubeCLT_1.16.0/GNU-tools-for-STM32/bin/../lib/gcc/arm-none-eabi/12.3.1/thumb/v7e-m+fp/hard/crti.o
 .ARM.attributes
                0x00000022       0x34 /opt/ST/STM32CubeCLT_1.16.0/GNU-tools-for-STM32/bin/../lib/gcc/arm-none-eabi/12.3.1/thumb/v7e-m+fp/hard/crtbegin.o
 .ARM.attributes
                0x00000056       0x34 build/dma_printf.o
 .ARM.attributes
                0x0000008a       0x34 build/dma_scanf.o
 .ARM.attributes
                0x000000be       0x34 build/dma_ring.o
 .ARM.attributes
                0x000000f2       0x34 build/main.o
 .ARM.attributes
                0x00000126       0x34 build/gpio.o
 .ARM.attributes
                0x0000015a       0x34 build/tim.o
 .ARM.attributes
                0x0000018e       0x34 build/stm32f3xx_it.o
 .ARM.attributes
                0x000001c2       0x34 build/stm32f3xx_hal_msp.o
 .ARM.attributes
                0x000001f6       0x34 build/stm32f3xx_hal_tim.o
 .ARM.attributes
                0x0000022a       0x34 build/stm32f3xx_hal_tim_ex.o
 .ARM.attributes
                0x0000025e       0x34 build/stm32f3xx_hal.o
 .ARM.attributes
                0x00000292       0x34 build/stm32f3xx_hal_rcc.o
 .ARM.attributes
                0x000002c6       0x34 build/stm32f3xx_hal_rcc_ex.o
 .ARM.attributes
                0x000002fa       0x34 build/stm32f3xx_hal_gpio.o
 .ARM.attributes
                0x0000032e       0x34 build/stm32f3xx_hal_dma.o
 .ARM.attributes
                0x00000362       0x34 build/stm32f3xx_hal_cortex.o
 .ARM.attributes
                0x00000396       0x34 build/system_stm32f3xx.o
 .ARM.attributes
                0x000003ca       0x34 build/sysmem.o
 .ARM.attributes
                0x000003fe       0x34 build/syscalls.o
 .ARM.attributes
                0x00000432       0x34 build/spi.o
 .ARM.attributes
                0x00000466       0x34 build/stm32f3xx_hal_spi.o
 .ARM.attributes
                0x0000049a       0x34 build/usart.o
 .ARM.attributes
                0x000004ce       0x34 build/stm32f3xx_hal_uart.o
 .ARM.attributes
                0x00000502       0x34 build/stm32f3xx_hal_uart_ex.o
 .ARM.attributes
                0x00000536       0x34 build/dma.o
 .ARM.attributes
                0x0000056a       0x21 build/startup_stm32f303x8.o
 .ARM.attributes
                0x0000058b       0x34 /opt/ST/STM32CubeCLT_1.16.0/GNU-tools-for-STM32/bin/../lib/gcc/arm-none-eabi/12.3.1/../../../../arm-none-eabi/lib/thumb/v7e-m+fp/hard/libc_nano.a(libc_a-nano-vfprintf_float.o)
 .ARM.attributes
                0x000005bf       0x34 /opt/ST/STM32CubeCLT_1.16.0/GNU-tools-for-STM32/bin/../lib/gcc/arm-none-eabi/12.3.1/../../../../arm-none-eabi/lib/thumb/v7e-m+fp/hard/libc_nano.a(libc_a-nano-vfprintf_i.o)
 .ARM.attributes
                0x000005f3       0x34 /opt/ST/STM32CubeCLT_1.16.0/GNU-tools-for-STM32/bin/../lib/gcc/arm-none-eabi/12.3.1/../../../../arm-none-eabi/lib/thumb/v7e-m+fp/hard/libc_nano.a(libc_a-setbuf.o)
 .ARM.attributes
                0x00000627       0x34 /opt/ST/STM32CubeCLT_1.16.0/GNU-tools-for-STM32/bin/../lib/gcc/arm-none-eabi/12.3.1/../../../../arm-none-eabi/lib/thumb/v7e-m+fp/hard/libc_nano.a(libc_a-setvbuf.o)
 .ARM.attributes
                0x0000065b       0x34 /opt/ST/STM32CubeCLT_1.16.0/GNU-tools-for-STM32/bin/../lib/gcc/arm-none-eabi/12.3.1/../../../../arm-none-eabi/lib/thumb/v7e-m+fp/hard/libc_nano.a(libc_a-findfp.o)
 .ARM.attributes
                0x0000068f       0x34 /opt/ST/STM32CubeCLT_1.16.0/GNU-tools-for-STM32/bin/../lib/gcc/arm-none-eabi/12.3.1/../../../../arm-none-eabi/lib/thumb/v7e-m+fp/hard/libc_nano.a(libc_a-fwalk.o)
 .ARM.attributes
                0x000006c3       0x34 /opt/ST/STM32CubeCLT_1.16.0/GNU-tools-for-STM32/bin/../lib/gcc/arm-none-eabi/12.3.1/../../../../arm-none-eabi/lib/thumb/v7e-m+fp/hard/libc_nano.a(libc_a-makebuf.o)
 .ARM.attributes
                0x000006f7       0x34 /opt/ST/STM32CubeCLT_1.16.0/GNU-tools-for-STM32/bin/../lib/gcc/arm-none-eabi/12.3.1/../../../../arm-none-eabi/lib/thumb/v7e-m+fp/hard/libc_nano.a(libc_a-memset.o)
 .ARM.attributes
                0x0000072b       0x34 /opt/ST/STM32CubeCLT_1.16.0/GNU-tools-for-STM32/bin/../lib/gcc/arm-none-eabi/12.3.1/../../../../arm-none-eabi/lib/thumb/v7e-m+fp/hard/libc_nano.a(libc_a-localeconv.o)
 .ARM.attributes
                0x0000075f       0x34 /opt/ST/STM32CubeCLT_1.16.0/GNU-tools-for-STM32/bin/../lib/gcc/arm-none-eabi/12.3.1/../../../../arm-none-eabi/lib/thumb/v7e-m+fp/hard/libc_nano.a(libc_a-impure.o)
 .ARM.attributes
                0x00000793       0x34 /opt/ST/STM32CubeCLT_1.16.0/GNU-tools-for-STM32/bin/../lib/gcc/arm-none-eabi/12.3.1/../../../../arm-none-eabi/lib/thumb/v7e-m+fp/hard/libc_nano.a(libc_a-fstatr.o)
 .ARM.attributes
                0x000007c7       0x34 /opt/ST/STM32CubeCLT_1.16.0/GNU-tools-for-STM32/bin/../lib/gcc/arm-none-eabi/12.3.1/../../../../arm-none-eabi/lib/thumb/v7e-m+fp/hard/libc_nano.a(libc_a-isattyr.o)
 .ARM.attributes
                0x000007fb       0x34 /opt/ST/STM32CubeCLT_1.16.0/GNU-tools-for-STM32/bin/../lib/gcc/arm-none-eabi/12.3.1/../../../../arm-none-eabi/lib/thumb/v7e-m+fp/hard/libc_nano.a(libc_a-errno.o)
 .ARM.attributes
                0x0000082f       0x34 /opt/ST/STM32CubeCLT_1.16.0/GNU-tools-for-STM32/bin/../lib/gcc/arm-none-eabi/12.3.1/../../../../arm-none-eabi/lib/thumb/v7e-m+fp/hard/libc_nano.a(libc_a-init.o)
 .ARM.attributes
                0x00000863       0x34 /opt/ST/STM32CubeCLT_1.16.0/GNU-tools-for-STM32/bin/../lib/gcc/arm-none-eabi/12.3.1/../../../../arm-none-eabi/lib/thumb/v7e-m+fp/hard/libc_nano.a(libc_a-lock.o)
 .ARM.attributes
                0x00000897       0x1c /opt/ST/STM32CubeCLT_1.16.0/GNU-tools-for-STM32/bin/../lib/gcc/arm-none-eabi/12.3.1/../../../../arm-none-eabi/lib/thumb/v7e-m+fp/hard/libc_nano.a(libc_a-memchr.o)
 .ARM.attributes
                0x000008b3       0x17 /opt/ST/STM32CubeCLT_1.16.0/GNU-tools-for-STM32/bin/../lib/gcc/arm-none-eabi/12.3.1/../../../../arm-none-eabi/lib/thumb/v7e-m+fp/hard/libc_nano.a(libc_a-strlen.o)
 .ARM.attributes
                0x000008ca       0x34 /opt/ST/STM32CubeCLT_1.16.0/GNU-tools-for-STM32/bin/../lib/gcc/arm-none-eabi/12.3.1/../../../../arm-none-eabi/lib/thumb/v7e-m+fp/hard/libc_nano.a(libc_a-dtoa.o)
 .ARM.attributes
                0x000008fe       0x34 /opt/ST/STM32CubeCLT_1.16.0/GNU-tools-for-STM32/bin/../lib/gcc/arm-none-eabi/12.3.1/../../../../arm-none-eabi/lib/thumb/v7e-m+fp/hard/libc_nano.a(libc_a-freer.o)
 .ARM.attributes
                0x00000932       0x34 /opt/ST/STM32CubeCLT_1.16.0/GNU-tools-for-STM32/bin/../lib/gcc/arm-none-eabi/12.3.1/../../../../arm-none-eabi/lib/thumb/v7e-m+fp/hard/libc_nano.a(libc_a-nano-vfprintf.o)
 .ARM.attributes
                0x00000966       0x34 /opt/ST/STM32CubeCLT_1.16.0/GNU-tools-for-STM32/bin/../lib/gcc/arm-none-eabi/12.3.1/../../../../arm-none-eabi/lib/thumb/v7e-m+fp/hard/libc_nano.a(libc_a-malloc.o)
 .ARM.attributes
                0x0000099a       0x34 /opt/ST/STM32CubeCLT_1.16.0/GNU-tools-for-STM32/bin/../lib/gcc/arm-none-eabi/12.3.1/../../../../arm-none-eabi/lib/thumb/v7e-m+fp/hard/libc_nano.a(libc_a-mallocr.o)
 .ARM.attributes
                0x000009ce       0x34 /opt/ST/STM32CubeCLT_1.16.0/GNU-tools-for-STM32/bin/../lib/gcc/arm-none-eabi/12.3.1/../../../../arm-none-eabi/lib/thumb/v7e-m+fp/hard/libc_nano.a(libc_a-fflush.o)
 .ARM.attributes
                0x00000a02       0x34 /opt/ST/STM32CubeCLT_1.16.0/GNU-tools-for-STM32/bin/../lib/gcc/arm-none-eabi/12.3.1/../../../../arm-none-eabi/lib/thumb/v7e-m+fp/hard/libc_nano.a(libc_a-mlock.o)
 .ARM.attributes
                0x00000a36       0x34 /opt/ST/STM32CubeCLT_1.16.0/GNU-tools-for-STM32/bin/../lib/gcc/arm-none-eabi/12.3.1/../../../../arm-none-eabi/lib/thumb/v7e-m+fp/hard/libc_nano.a(libc_a-mprec.o)
 .ARM.attributes
                0x00000a6a       0x34 /opt/ST/STM32CubeCLT_1.16.0/GNU-tools-for-STM32/bin/../lib/gcc/arm-none-eabi/12.3.1/../../../../arm-none-eabi/lib/thumb/v7e-m+fp/hard/libc_nano.a(libc_a-stdio.o)
 .ARM.attributes
                0x00000a9e       0x34 /opt/ST/STM32CubeCLT_1.16.0/GNU-tools-for-STM32/bin/../lib/gcc/arm-none-eabi/12.3.1/../../../../arm-none-eabi/lib/thumb/v7e-m+fp/hard/libc_nano.a(libc_a-wbuf.o)
 .ARM.attributes
                0x00000ad2       0x34 /opt/ST/STM32CubeCLT_1.16.0/GNU-tools-for-STM32/bin/../lib/gcc/arm-none-eabi/12.3.1/../../../../arm-none-eabi/lib/thumb/v7e-m+fp/hard/libc_nano.a(libc_a-wsetup.o)
 .ARM.attributes
                0x00000b06       0x34 /opt/ST/STM32CubeCLT_1.16.0/GNU-tools-for-STM32/bin/../lib/gcc/arm-none-eabi/12.3.1/../../../../arm-none-eabi/lib/thumb/v7e-m+fp/hard/libc_nano.a(libc_a-locale.o)
 .ARM.attributes
                0x00000b3a       0x34 /opt/ST/STM32CubeCLT_1.16.0/GNU-tools-for-STM32/bin/../lib/gcc/arm-none-eabi/12.3.1/../../../../arm-none-eabi/lib/thumb/v7e-m+fp/hard/libc_nano.a(libc_a-closer.o)
 .ARM.attributes
                0x00000b6e       0x34 /opt/ST/STM32CubeCLT_1.16.0/GNU-tools-for-STM32/bin/../lib/gcc/arm-none-eabi/12.3.1/../../../../arm-none-eabi/lib/thumb/v7e-m+fp/hard/libc_nano.a(libc_a-reent.o)
 .ARM.attributes
                0x00000ba2       0x34 /opt/ST/STM32CubeCLT_1.16.0/GNU-tools-for-STM32/bin/../lib/gcc/arm-none-eabi/12.3.1/../../../../arm-none-eabi/lib/thumb/v7e-m+fp/hard/libc_nano.a(libc_a-lseekr.o)
 .ARM.attributes
                0x00000bd6       0x34 /opt/ST/STM32CubeCLT_1.16.0/GNU-tools-for-STM32/bin/../lib/gcc/arm-none-eabi/12.3.1/../../../../arm-none-eabi/lib/thumb/v7e-m+fp/hard/libc_nano.a(libc_a-readr.o)
 .ARM.attributes
                0x00000c0a       0x34 /opt/ST/STM32CubeCLT_1.16.0/GNU-tools-for-STM32/bin/../lib/gcc/arm-none-eabi/12.3.1/../../../../arm-none-eabi/lib/thumb/v7e-m+fp/hard/libc_nano.a(libc_a-sbrkr.o)
 .ARM.attributes
                0x00000c3e       0x34 /opt/ST/STM32CubeCLT_1.16.0/GNU-tools-for-STM32/bin/../lib/gcc/arm-none-eabi/12.3.1/../../../../arm-none-eabi/lib/thumb/v7e-m+fp/hard/libc_nano.a(libc_a-writer.o)
 .ARM.attributes
                0x00000c72       0x34 /opt/ST/STM32CubeCLT_1.16.0/GNU-tools-for-STM32/bin/../lib/gcc/arm-none-eabi/12.3.1/../../../../arm-none-eabi/lib/thumb/v7e-m+fp/hard/libc_nano.a(libc_a-memcpy-stub.o)
 .ARM.attributes
                0x00000ca6       0x34 /opt/ST/STM32CubeCLT_1.16.0/GNU-tools-for-STM32/bin/../lib/gcc/arm-none-eabi/12.3.1/../../../../arm-none-eabi/lib/thumb/v7e-m+fp/hard/libc_nano.a(libc_a-ctype_.o)
 .ARM.attributes
                0x00000cda       0x34 /opt/ST/STM32CubeCLT_1.16.0/GNU-tools-for-STM32/bin/../lib/gcc/arm-none-eabi/12.3.1/../../../../arm-none-eabi/lib/thumb/v7e-m+fp/hard/libc_nano.a(libc_a-assert.o)
 .ARM.attributes
                0x00000d0e       0x34 /opt/ST/STM32CubeCLT_1.16.0/GNU-tools-for-STM32/bin/../lib/gcc/arm-none-eabi/12.3.1/../../../../arm-none-eabi/lib/thumb/v7e-m+fp/hard/libc_nano.a(libc_a-callocr.o)
 .ARM.attributes
                0x00000d42       0x34 /opt/ST/STM32CubeCLT_1.16.0/GNU-tools-for-STM32/bin/../lib/gcc/arm-none-eabi/12.3.1/../../../../arm-none-eabi/lib/thumb/v7e-m+fp/hard/libc_nano.a(libc_a-mbtowc_r.o)
 .ARM.attributes
                0x00000d76       0x34 /opt/ST/STM32CubeCLT_1.16.0/GNU-tools-for-STM32/bin/../lib/gcc/arm-none-eabi/12.3.1/../../../../arm-none-eabi/lib/thumb/v7e-m+fp/hard/libc_nano.a(libc_a-fprintf.o)
 .ARM.attributes
                0x00000daa       0x34 /opt/ST/STM32CubeCLT_1.16.0/GNU-tools-for-STM32/bin/../lib/gcc/arm-none-eabi/12.3.1/../../../../arm-none-eabi/lib/thumb/v7e-m+fp/hard/libc_nano.a(libc_a-wctomb_r.o)
 .ARM.attributes
                0x00000dde       0x34 /opt/ST/STM32CubeCLT_1.16.0/GNU-tools-for-STM32/bin/../lib/gcc/arm-none-eabi/12.3.1/../../../../arm-none-eabi/lib/thumb/v7e-m+fp/hard/libc_nano.a(libc_a-abort.o)
 .ARM.attributes
                0x00000e12       0x34 /opt/ST/STM32CubeCLT_1.16.0/GNU-tools-for-STM32/bin/../lib/gcc/arm-none-eabi/12.3.1/../../../../arm-none-eabi/lib/thumb/v7e-m+fp/hard/libc_nano.a(libc_a-signal.o)
 .ARM.attributes
                0x00000e46       0x34 /opt/ST/STM32CubeCLT_1.16.0/GNU-tools-for-STM32/bin/../lib/gcc/arm-none-eabi/12.3.1/../../../../arm-none-eabi/lib/thumb/v7e-m+fp/hard/libc_nano.a(libc_a-signalr.o)
 .ARM.attributes
                0x00000e7a       0x34 /opt/ST/STM32CubeCLT_1.16.0/GNU-tools-for-STM32/bin/../lib/gcc/arm-none-eabi/12.3.1/../../../../arm-none-eabi/lib/thumb/v7e-m+fp/hard/libm.a(libm_a-s_cos.o)
 .ARM.attributes
                0x00000eae       0x34 /opt/ST/STM32CubeCLT_1.16.0/GNU-tools-for-STM32/bin/../lib/gcc/arm-none-eabi/12.3.1/../../../../arm-none-eabi/lib/thumb/v7e-m+fp/hard/libm.a(libm_a-e_rem_pio2.o)
 .ARM.attributes
                0x00000ee2       0x34 /opt/ST/STM32CubeCLT_1.16.0/GNU-tools-for-STM32/bin/../lib/gcc/arm-none-eabi/12.3.1/../../../../arm-none-eabi/lib/thumb/v7e-m+fp/hard/libm.a(libm_a-k_rem_pio2.o)
 .ARM.attributes
                0x00000f16       0x34 /opt/ST/STM32CubeCLT_1.16.0/GNU-tools-for-STM32/bin/../lib/gcc/arm-none-eabi/12.3.1/../../../../arm-none-eabi/lib/thumb/v7e-m+fp/hard/libm.a(libm_a-k_cos.o)
 .ARM.attributes
                0x00000f4a       0x34 /opt/ST/STM32CubeCLT_1.16.0/GNU-tools-for-STM32/bin/../lib/gcc/arm-none-eabi/12.3.1/../../../../arm-none-eabi/lib/thumb/v7e-m+fp/hard/libm.a(libm_a-k_sin.o)
 .ARM.attributes
                0x00000f7e       0x34 /opt/ST/STM32CubeCLT_1.16.0/GNU-tools-for-STM32/bin/../lib/gcc/arm-none-eabi/12.3.1/../../../../arm-none-eabi/lib/thumb/v7e-m+fp/hard/libm.a(libm_a-s_fabs.o)
 .ARM.attributes
                0x00000fb2       0x34 /opt/ST/STM32CubeCLT_1.16.0/GNU-tools-for-STM32/bin/../lib/gcc/arm-none-eabi/12.3.1/../../../../arm-none-eabi/lib/thumb/v7e-m+fp/hard/libm.a(libm_a-s_scalbn.o)
 .ARM.attributes
                0x00000fe6       0x34 /opt/ST/STM32CubeCLT_1.16.0/GNU-tools-for-STM32/bin/../lib/gcc/arm-none-eabi/12.3.1/../../../../arm-none-eabi/lib/thumb/v7e-m+fp/hard/libm.a(libm_a-s_floor.o)
 .ARM.attributes
                0x0000101a       0x22 /opt/ST/STM32CubeCLT_1.16.0/GNU-tools-for-STM32/bin/../lib/gcc/arm-none-eabi/12.3.1/thumb/v7e-m+fp/hard/libgcc.a(_arm_addsubdf3.o)
 .ARM.attributes
                0x0000103c       0x22 /opt/ST/STM32CubeCLT_1.16.0/GNU-tools-for-STM32/bin/../lib/gcc/arm-none-eabi/12.3.1/thumb/v7e-m+fp/hard/libgcc.a(_arm_muldivdf3.o)
 .ARM.attributes
                0x0000105e       0x22 /opt/ST/STM32CubeCLT_1.16.0/GNU-tools-for-STM32/bin/../lib/gcc/arm-none-eabi/12.3.1/thumb/v7e-m+fp/hard/libgcc.a(_arm_cmpdf2.o)
 .ARM.attributes
                0x00001080       0x22 /opt/ST/STM32CubeCLT_1.16.0/GNU-tools-for-STM32/bin/../lib/gcc/arm-none-eabi/12.3.1/thumb/v7e-m+fp/hard/libgcc.a(_arm_unorddf2.o)
 .ARM.attributes
                0x000010a2       0x22 /opt/ST/STM32CubeCLT_1.16.0/GNU-tools-for-STM32/bin/../lib/gcc/arm-none-eabi/12.3.1/thumb/v7e-m+fp/hard/libgcc.a(_arm_fixdfsi.o)
 .ARM.attributes
                0x000010c4       0x22 /opt/ST/STM32CubeCLT_1.16.0/GNU-tools-for-STM32/bin/../lib/gcc/arm-none-eabi/12.3.1/thumb/v7e-m+fp/hard/libgcc.a(_arm_truncdfsf2.o)
 .ARM.attributes
                0x000010e6       0x22 /opt/ST/STM32CubeCLT_1.16.0/GNU-tools-for-STM32/bin/../lib/gcc/arm-none-eabi/12.3.1/thumb/v7e-m+fp/hard/crtn.o
OUTPUT(build/BLDRV_Gen2_Firmware.elf elf32-littlearm)
LOAD linker stubs
LOAD /opt/ST/STM32CubeCLT_1.16.0/GNU-tools-for-STM32/bin/../lib/gcc/arm-none-eabi/12.3.1/../../../../arm-none-eabi/lib/thumb/v7e-m+fp/hard/libc.a
LOAD /opt/ST/STM32CubeCLT_1.16.0/GNU-tools-for-STM32/bin/../lib/gcc/arm-none-eabi/12.3.1/../../../../arm-none-eabi/lib/thumb/v7e-m+fp/hard/libm.a
LOAD /opt/ST/STM32CubeCLT_1.16.0/GNU-tools-for-STM32/bin/../lib/gcc/arm-none-eabi/12.3.1/thumb/v7e-m+fp/hard/libgcc.a

.debug_info     0x00000000    0x1bb2b
 .debug_info    0x00000000      0xa80 build/dma_printf.o
 .debug_info    0x00000a80      0x958 build/dma_scanf.o
 .debug_info    0x000013d8      0xac9 build/dma_ring.o
 .debug_info    0x00001ea1     0x252f build/main.o
 .debug_info    0x000043d0      0x41d build/gpio.o
 .debug_info    0x000047ed     0x145a build/tim.o
 .debug_info    0x00005c47      0x8a5 build/stm32f3xx_it.o
 .debug_info    0x000064ec      0x1c9 build/stm32f3xx_hal_msp.o
 .debug_info    0x000066b5     0x41ec build/stm32f3xx_hal_tim.o
 .debug_info    0x0000a8a1     0x1e27 build/stm32f3xx_hal_tim_ex.o
 .debug_info    0x0000c6c8      0x8d3 build/stm32f3xx_hal.o
 .debug_info    0x0000cf9b     0x1661 build/stm32f3xx_hal_rcc.o
 .debug_info    0x0000e5fc      0x66e build/stm32f3xx_hal_rcc_ex.o
 .debug_info    0x0000ec6a      0x824 build/stm32f3xx_hal_gpio.o
 .debug_info    0x0000f48e      0x8f4 build/stm32f3xx_hal_dma.o
 .debug_info    0x0000fd82      0xe14 build/stm32f3xx_hal_cortex.o
 .debug_info    0x00010b96      0x47d build/system_stm32f3xx.o
 .debug_info    0x00011013      0x18c build/sysmem.o
 .debug_info    0x0001119f      0x842 build/syscalls.o
 .debug_info    0x000119e1      0x9e9 build/spi.o
 .debug_info    0x000123ca     0x231d build/stm32f3xx_hal_spi.o
 .debug_info    0x000146e7      0xd6f build/usart.o
 .debug_info    0x00015456     0x52f1 build/stm32f3xx_hal_uart.o
 .debug_info    0x0001a747     0x101f build/stm32f3xx_hal_uart_ex.o
 .debug_info    0x0001b766      0x395 build/dma.o
 .debug_info    0x0001bafb       0x30 build/startup_stm32f303x8.o

.debug_abbrev   0x00000000     0x39c2
 .debug_abbrev  0x00000000      0x22c build/dma_printf.o
 .debug_abbrev  0x0000022c      0x1ff build/dma_scanf.o
 .debug_abbrev  0x0000042b      0x268 build/dma_ring.o
 .debug_abbrev  0x00000693      0x506 build/main.o
 .debug_abbrev  0x00000b99      0x160 build/gpio.o
 .debug_abbrev  0x00000cf9      0x27d build/tim.o
 .debug_abbrev  0x00000f76      0x172 build/stm32f3xx_it.o
 .debug_abbrev  0x000010e8       0xc1 build/stm32f3xx_hal_msp.o
 .debug_abbrev  0x000011a9      0x2bd build/stm32f3xx_hal_tim.o
 .debug_abbrev  0x00001466      0x2b7 build/stm32f3xx_hal_tim_ex.o
 .debug_abbrev  0x0000171d      0x245 build/stm32f3xx_hal.o
 .debug_abbrev  0x00001962      0x353 build/stm32f3xx_hal_rcc.o
 .debug_abbrev  0x00001cb5      0x266 build/stm32f3xx_hal_rcc_ex.o
 .debug_abbrev  0x00001f1b      0x222 build/stm32f3xx_hal_gpio.o
 .debug_abbrev  0x0000213d      0x26a build/stm32f3xx_hal_dma.o
 .debug_abbrev  0x000023a7      0x3aa build/stm32f3xx_hal_cortex.o
 .debug_abbrev  0x00002751      0x11b build/system_stm32f3xx.o
 .debug_abbrev  0x0000286c       0xeb build/sysmem.o
 .debug_abbrev  0x00002957      0x1e3 build/syscalls.o
 .debug_abbrev  0x00002b3a      0x208 build/spi.o
 .debug_abbrev  0x00002d42      0x2b9 build/stm32f3xx_hal_spi.o
 .debug_abbrev  0x00002ffb      0x22b build/usart.o
 .debug_abbrev  0x00003226      0x334 build/stm32f3xx_hal_uart.o
 .debug_abbrev  0x0000355a      0x32e build/stm32f3xx_hal_uart_ex.o
 .debug_abbrev  0x00003888      0x11d build/dma.o
 .debug_abbrev  0x000039a5       0x1d build/startup_stm32f303x8.o

.debug_loc      0x00000000    0x14e56
 .debug_loc     0x00000000      0x148 build/dma_printf.o
 .debug_loc     0x00000148       0x8a build/dma_scanf.o
 .debug_loc     0x000001d2      0x212 build/dma_ring.o
 .debug_loc     0x000003e4      0x52f build/main.o
 .debug_loc     0x00000913       0x38 build/gpio.o
 .debug_loc     0x0000094b      0x2a9 build/tim.o
 .debug_loc     0x00000bf4       0x80 build/stm32f3xx_it.o
 .debug_loc     0x00000c74       0x2c build/stm32f3xx_hal_msp.o
 .debug_loc     0x00000ca0     0x60ef build/stm32f3xx_hal_tim.o
 .debug_loc     0x00006d8f     0x2561 build/stm32f3xx_hal_tim_ex.o
 .debug_loc     0x000092f0      0x1e1 build/stm32f3xx_hal.o
 .debug_loc     0x000094d1      0xed5 build/stm32f3xx_hal_rcc.o
 .debug_loc     0x0000a3a6      0x795 build/stm32f3xx_hal_rcc_ex.o
 .debug_loc     0x0000ab3b      0x46f build/stm32f3xx_hal_gpio.o
 .debug_loc     0x0000afaa      0x93c build/stm32f3xx_hal_dma.o
 .debug_loc     0x0000b8e6      0x782 build/stm32f3xx_hal_cortex.o
 .debug_loc     0x0000c068      0x123 build/system_stm32f3xx.o
 .debug_loc     0x0000c18b       0x84 build/sysmem.o
 .debug_loc     0x0000c20f      0x511 build/syscalls.o
 .debug_loc     0x0000c720      0x108 build/spi.o
 .debug_loc     0x0000c828     0x2970 build/stm32f3xx_hal_spi.o
 .debug_loc     0x0000f198       0xf5 build/usart.o
 .debug_loc     0x0000f28d     0x500a build/stm32f3xx_hal_uart.o
 .debug_loc     0x00014297      0xb87 build/stm32f3xx_hal_uart_ex.o
 .debug_loc     0x00014e1e       0x38 build/dma.o

.debug_aranges  0x00000000     0x1110
 .debug_aranges
                0x00000000       0x38 build/dma_printf.o
 .debug_aranges
                0x00000038       0x28 build/dma_scanf.o
 .debug_aranges
                0x00000060       0x70 build/dma_ring.o
 .debug_aranges
                0x000000d0       0x80 build/main.o
 .debug_aranges
                0x00000150       0x20 build/gpio.o
 .debug_aranges
                0x00000170       0x68 build/tim.o
 .debug_aranges
                0x000001d8       0x78 build/stm32f3xx_it.o
 .debug_aranges
                0x00000250       0x20 build/stm32f3xx_hal_msp.o
 .debug_aranges
                0x00000270      0x3e0 build/stm32f3xx_hal_tim.o
 .debug_aranges
                0x00000650      0x178 build/stm32f3xx_hal_tim_ex.o
 .debug_aranges
                0x000007c8       0xe0 build/stm32f3xx_hal.o
 .debug_aranges
                0x000008a8       0x88 build/stm32f3xx_hal_rcc.o
 .debug_aranges
                0x00000930       0x38 build/stm32f3xx_hal_rcc_ex.o
 .debug_aranges
                0x00000968       0x58 build/stm32f3xx_hal_gpio.o
 .debug_aranges
                0x000009c0       0x88 build/stm32f3xx_hal_dma.o
 .debug_aranges
                0x00000a48       0xc0 build/stm32f3xx_hal_cortex.o
 .debug_aranges
                0x00000b08       0x28 build/system_stm32f3xx.o
 .debug_aranges
                0x00000b30       0x20 build/sysmem.o
 .debug_aranges
                0x00000b50       0xa8 build/syscalls.o
 .debug_aranges
                0x00000bf8       0x30 build/spi.o
 .debug_aranges
                0x00000c28      0x1d8 build/stm32f3xx_hal_spi.o
 .debug_aranges
                0x00000e00       0x30 build/usart.o
 .debug_aranges
                0x00000e30      0x228 build/stm32f3xx_hal_uart.o
 .debug_aranges
                0x00001058       0x70 build/stm32f3xx_hal_uart_ex.o
 .debug_aranges
                0x000010c8       0x20 build/dma.o
 .debug_aranges
                0x000010e8       0x28 build/startup_stm32f303x8.o

.debug_ranges   0x00000000      0xfe0
 .debug_ranges  0x00000000       0x28 build/dma_printf.o
 .debug_ranges  0x00000028       0x18 build/dma_scanf.o
 .debug_ranges  0x00000040       0x60 build/dma_ring.o
 .debug_ranges  0x000000a0       0x88 build/main.o
 .debug_ranges  0x00000128       0x10 build/gpio.o
 .debug_ranges  0x00000138       0x58 build/tim.o
 .debug_ranges  0x00000190       0x68 build/stm32f3xx_it.o
 .debug_ranges  0x000001f8       0x10 build/stm32f3xx_hal_msp.o
 .debug_ranges  0x00000208      0x3d0 build/stm32f3xx_hal_tim.o
 .debug_ranges  0x000005d8      0x168 build/stm32f3xx_hal_tim_ex.o
 .debug_ranges  0x00000740       0xd0 build/stm32f3xx_hal.o
 .debug_ranges  0x00000810       0x98 build/stm32f3xx_hal_rcc.o
 .debug_ranges  0x000008a8       0x28 build/stm32f3xx_hal_rcc_ex.o
 .debug_ranges  0x000008d0       0x48 build/stm32f3xx_hal_gpio.o
 .debug_ranges  0x00000918       0x78 build/stm32f3xx_hal_dma.o
 .debug_ranges  0x00000990       0xb0 build/stm32f3xx_hal_cortex.o
 .debug_ranges  0x00000a40       0x18 build/system_stm32f3xx.o
 .debug_ranges  0x00000a58       0x10 build/sysmem.o
 .debug_ranges  0x00000a68       0x98 build/syscalls.o
 .debug_ranges  0x00000b00       0x20 build/spi.o
 .debug_ranges  0x00000b20      0x1c8 build/stm32f3xx_hal_spi.o
 .debug_ranges  0x00000ce8       0x20 build/usart.o
 .debug_ranges  0x00000d08      0x230 build/stm32f3xx_hal_uart.o
 .debug_ranges  0x00000f38       0x78 build/stm32f3xx_hal_uart_ex.o
 .debug_ranges  0x00000fb0       0x10 build/dma.o
 .debug_ranges  0x00000fc0       0x20 build/startup_stm32f303x8.o

.debug_line     0x00000000    0x153a3
 .debug_line    0x00000000      0x2c2 build/dma_printf.o
 .debug_line    0x000002c2      0x218 build/dma_scanf.o
 .debug_line    0x000004da      0x44a build/dma_ring.o
 .debug_line    0x00000924      0x874 build/main.o
 .debug_line    0x00001198      0x1d2 build/gpio.o
 .debug_line    0x0000136a      0x8ce build/tim.o
 .debug_line    0x00001c38      0x2fe build/stm32f3xx_it.o
 .debug_line    0x00001f36      0x155 build/stm32f3xx_hal_msp.o
 .debug_line    0x0000208b     0x4dd7 build/stm32f3xx_hal_tim.o
 .debug_line    0x00006e62     0x1d74 build/stm32f3xx_hal_tim_ex.o
 .debug_line    0x00008bd6      0x518 build/stm32f3xx_hal.o
 .debug_line    0x000090ee     0x114f build/stm32f3xx_hal_rcc.o
 .debug_line    0x0000a23d      0x69f build/stm32f3xx_hal_rcc_ex.o
 .debug_line    0x0000a8dc      0x66e build/stm32f3xx_hal_gpio.o
 .debug_line    0x0000af4a      0x9ec build/stm32f3xx_hal_dma.o
 .debug_line    0x0000b936      0x6ab build/stm32f3xx_hal_cortex.o
 .debug_line    0x0000bfe1      0x238 build/system_stm32f3xx.o
 .debug_line    0x0000c219      0x1b9 build/sysmem.o
 .debug_line    0x0000c3d2      0x3de build/syscalls.o
 .debug_line    0x0000c7b0      0x2eb build/spi.o
 .debug_line    0x0000ca9b     0x29cf build/stm32f3xx_hal_spi.o
 .debug_line    0x0000f46a      0x394 build/usart.o
 .debug_line    0x0000f7fe     0x505a build/stm32f3xx_hal_uart.o
 .debug_line    0x00014858      0x956 build/stm32f3xx_hal_uart_ex.o
 .debug_line    0x000151ae      0x17f build/dma.o
 .debug_line    0x0001532d       0x76 build/startup_stm32f303x8.o

.debug_str      0x00000000     0x4d33
 .debug_str     0x00000000      0x66c build/dma_printf.o
                                0x73f (size before relaxing)
 .debug_str     0x0000066c       0xa8 build/dma_scanf.o
                                0x6e7 (size before relaxing)
 .debug_str     0x00000714       0x62 build/dma_ring.o
                                0x6f9 (size before relaxing)
 .debug_str     0x00000776      0xc95 build/main.o
                               0x13af (size before relaxing)
 .debug_str     0x0000140b       0xae build/gpio.o
                                0x2c6 (size before relaxing)
 .debug_str     0x000014b9      0x31c build/tim.o
                                0xb5e (size before relaxing)
 .debug_str     0x000017d5      0x13d build/stm32f3xx_it.o
                                0x702 (size before relaxing)
 .debug_str     0x00001912       0x29 build/stm32f3xx_hal_msp.o
                                0x207 (size before relaxing)
 .debug_str     0x0000193b      0xe2b build/stm32f3xx_hal_tim.o
                               0x1706 (size before relaxing)
 .debug_str     0x00002766      0x445 build/stm32f3xx_hal_tim_ex.o
                                0xf4c (size before relaxing)
 .debug_str     0x00002bab      0x601 build/stm32f3xx_hal.o
                                0x861 (size before relaxing)
 .debug_str     0x000031ac      0x1ff build/stm32f3xx_hal_rcc.o
                                0x677 (size before relaxing)
 .debug_str     0x000033ab       0xc5 build/stm32f3xx_hal_rcc_ex.o
                                0x46e (size before relaxing)