Archive member included to satisfy reference by file (symbol)

/opt/ST/STM32CubeCLT_1.16.0/GNU-tools-for-STM32/bin/../lib/gcc/arm-none-eabi/12.3.1/../../../../arm-none-eabi/lib/thumb/v7e-m+fp/hard/libc_nano.a(libc_a-exit.o)
                              /opt/ST/STM32CubeCLT_1.16.0/GNU-tools-for-STM32/bin/../lib/gcc/arm-none-eabi/12.3.1/../../../../arm-none-eabi/lib/thumb/v7e-m+fp/hard/crt0.o (exit)
/opt/ST/STM32CubeCLT_1.16.0/GNU-tools-for-STM32/bin/../lib/gcc/arm-none-eabi/12.3.1/../../../../arm-none-eabi/lib/thumb/v7e-m+fp/hard/libc_nano.a(libc_a-nano-vfprintf_float.o)
                              (_printf_float)
/opt/ST/STM32CubeCLT_1.16.0/GNU-tools-for-STM32/bin/../lib/gcc/arm-none-eabi/12.3.1/../../../../arm-none-eabi/lib/thumb/v7e-m+fp/hard/libc_nano.a(libc_a-nano-vfprintf_i.o)
                              /opt/ST/STM32CubeCLT_1.16.0/GNU-tools-for-STM32/bin/../lib/gcc/arm-none-eabi/12.3.1/../../../../arm-none-eabi/lib/thumb/v7e-m+fp/hard/libc_nano.a(libc_a-nano-vfprintf_float.o) (_printf_common)
/opt/ST/STM32CubeCLT_1.16.0/GNU-tools-for-STM32/bin/../lib/gcc/arm-none-eabi/12.3.1/../../../../arm-none-eabi/lib/thumb/v7e-m+fp/hard/libc_nano.a(libc_a-setbuf.o)
                              build/main.o (setbuf)
/opt/ST/STM32CubeCLT_1.16.0/GNU-tools-for-STM32/bin/../lib/gcc/arm-none-eabi/12.3.1/../../../../arm-none-eabi/lib/thumb/v7e-m+fp/hard/libc_nano.a(libc_a-setvbuf.o)
                              /opt/ST/STM32CubeCLT_1.16.0/GNU-tools-for-STM32/bin/../lib/gcc/arm-none-eabi/12.3.1/../../../../arm-none-eabi/lib/thumb/v7e-m+fp/hard/libc_nano.a(libc_a-setbuf.o) (setvbuf)
/opt/ST/STM32CubeCLT_1.16.0/GNU-tools-for-STM32/bin/../lib/gcc/arm-none-eabi/12.3.1/../../../../arm-none-eabi/lib/thumb/v7e-m+fp/hard/libc_nano.a(libc_a-findfp.o)
                              /opt/ST/STM32CubeCLT_1.16.0/GNU-tools-for-STM32/bin/../lib/gcc/arm-none-eabi/12.3.1/../../../../arm-none-eabi/lib/thumb/v7e-m+fp/hard/libc_nano.a(libc_a-exit.o) (__stdio_exit_handler)
/opt/ST/STM32CubeCLT_1.16.0/GNU-tools-for-STM32/bin/../lib/gcc/arm-none-eabi/12.3.1/../../../../arm-none-eabi/lib/thumb/v7e-m+fp/hard/libc_nano.a(libc_a-fwalk.o)
                              /opt/ST/STM32CubeCLT_1.16.0/GNU-tools-for-STM32/bin/../lib/gcc/arm-none-eabi/12.3.1/../../../../arm-none-eabi/lib/thumb/v7e-m+fp/hard/libc_nano.a(libc_a-findfp.o) (_fwalk_sglue)
/opt/ST/STM32CubeCLT_1.16.0/GNU-tools-for-STM32/bin/../lib/gcc/arm-none-eabi/12.3.1/../../../../arm-none-eabi/lib/thumb/v7e-m+fp/hard/libc_nano.a(libc_a-makebuf.o)
                              /opt/ST/STM32CubeCLT_1.16.0/GNU-tools-for-STM32/bin/../lib/gcc/arm-none-eabi/12.3.1/../../../../arm-none-eabi/lib/thumb/v7e-m+fp/hard/libc_nano.a(libc_a-setvbuf.o) (__swhatbuf_r)
/opt/ST/STM32CubeCLT_1.16.0/GNU-tools-for-STM32/bin/../lib/gcc/arm-none-eabi/12.3.1/../../../../arm-none-eabi/lib/thumb/v7e-m+fp/hard/libc_nano.a(libc_a-printf.o)
                              build/dma_ring.o (printf)
/opt/ST/STM32CubeCLT_1.16.0/GNU-tools-for-STM32/bin/../lib/gcc/arm-none-eabi/12.3.1/../../../../arm-none-eabi/lib/thumb/v7e-m+fp/hard/libc_nano.a(libc_a-puts.o)
                              build/dma_ring.o (puts)
/opt/ST/STM32CubeCLT_1.16.0/GNU-tools-for-STM32/bin/../lib/gcc/arm-none-eabi/12.3.1/../../../../arm-none-eabi/lib/thumb/v7e-m+fp/hard/libc_nano.a(libc_a-memset.o)
                              /opt/ST/STM32CubeCLT_1.16.0/GNU-tools-for-STM32/bin/../lib/gcc/arm-none-eabi/12.3.1/../../../../arm-none-eabi/lib/thumb/v7e-m+fp/hard/crt0.o (memset)
/opt/ST/STM32CubeCLT_1.16.0/GNU-tools-for-STM32/bin/../lib/gcc/arm-none-eabi/12.3.1/../../../../arm-none-eabi/lib/thumb/v7e-m+fp/hard/libc_nano.a(libc_a-localeconv.o)
                              /opt/ST/STM32CubeCLT_1.16.0/GNU-tools-for-STM32/bin/../lib/gcc/arm-none-eabi/12.3.1/../../../../arm-none-eabi/lib/thumb/v7e-m+fp/hard/libc_nano.a(libc_a-nano-vfprintf_float.o) (_localeconv_r)
/opt/ST/STM32CubeCLT_1.16.0/GNU-tools-for-STM32/bin/../lib/gcc/arm-none-eabi/12.3.1/../../../../arm-none-eabi/lib/thumb/v7e-m+fp/hard/libc_nano.a(libc_a-impure.o)
                              build/main.o (_impure_ptr)
/opt/ST/STM32CubeCLT_1.16.0/GNU-tools-for-STM32/bin/../lib/gcc/arm-none-eabi/12.3.1/../../../../arm-none-eabi/lib/thumb/v7e-m+fp/hard/libc_nano.a(libc_a-fstatr.o)
                              /opt/ST/STM32CubeCLT_1.16.0/GNU-tools-for-STM32/bin/../lib/gcc/arm-none-eabi/12.3.1/../../../../arm-none-eabi/lib/thumb/v7e-m+fp/hard/libc_nano.a(libc_a-makebuf.o) (_fstat_r)
/opt/ST/STM32CubeCLT_1.16.0/GNU-tools-for-STM32/bin/../lib/gcc/arm-none-eabi/12.3.1/../../../../arm-none-eabi/lib/thumb/v7e-m+fp/hard/libc_nano.a(libc_a-isattyr.o)
                              /opt/ST/STM32CubeCLT_1.16.0/GNU-tools-for-STM32/bin/../lib/gcc/arm-none-eabi/12.3.1/../../../../arm-none-eabi/lib/thumb/v7e-m+fp/hard/libc_nano.a(libc_a-makebuf.o) (_isatty_r)
[...]
Memory Configuration

Name             Origin             Length             Attributes
RAM              0x20000000         0x00003000         xrw
CCMRAM           0x10000000         0x00001000         xrw
FLASH            0x08000000         0x00010000         xr
*default*        0x00000000         0xffffffff

Linker script and memory map

LOAD /opt/ST/STM32CubeCLT_1.16.0/GNU-tools-for-STM32/bin/../lib/gcc/arm-none-eabi/12.3.1/thumb/v7e-m+fp/hard/crti.o
LOAD /opt/ST/STM32CubeCLT_1.16.0/GNU-tools-for-STM32/bin/../lib/gcc/arm-none-eabi/12.3.1/thumb/v7e-m+fp/hard/crtbegin.o
LOAD /opt/ST/STM32CubeCLT_1.16.0/GNU-tools-for-STM32/bin/../lib/gcc/arm-none-eabi/12.3.1/../../../../arm-none-eabi/lib/thumb/v7e-m+fp/hard/crt0.o
LOAD build/dma_printf.o
LOAD build/dma_scanf.o
LOAD build/dma_ring.o
LOAD build/main.o
LOAD build/gpio.o
LOAD build/tim.o
LOAD build/stm32f3xx_it.o
LOAD build/stm32f3xx_hal_msp.o
LOAD build/stm32f3xx_hal_tim.o
LOAD build/stm32f3xx_hal_tim_ex.o
LOAD build/stm32f3xx_hal.o
LOAD build/stm32f3xx_hal_rcc.o
LOAD build/stm32f3xx_hal_rcc_ex.o
LOAD build/stm32f3xx_hal_gpio.o
LOAD build/stm32f3xx_hal_dma.o
LOAD build/stm32f3xx_hal_cortex.o
LOAD build/stm32f3xx_hal_pwr.o
LOAD build/stm32f3xx_hal_pwr_ex.o
LOAD build/stm32f3xx_hal_flash.o
LOAD build/stm32f3xx_hal_flash_ex.o
LOAD build/stm32f3xx_hal_i2c.o
LOAD build/stm32f3xx_hal_i2c_ex.o
LOAD build/stm32f3xx_hal_exti.o
LOAD build/system_stm32f3xx.o
LOAD build/sysmem.o
LOAD build/syscalls.o
LOAD build/spi.o
LOAD build/stm32f3xx_hal_spi.o
LOAD build/stm32f3xx_hal_spi_ex.o
LOAD build/usart.o
LOAD build/stm32f3xx_hal_uart.o
LOAD build/stm32f3xx_hal_uart_ex.o
LOAD build/dma.o
LOAD build/adc.o
LOAD build/stm32f3xx_hal_adc.o
LOAD build/stm32f3xx_hal_adc_ex.o
LOAD build/startup_stm32f303x8.o
LOAD /opt/ST/STM32CubeCLT_1.16.0/GNU-tools-for-STM32/bin/../lib/gcc/arm-none-eabi/12.3.1/../../../../arm-none-eabi/lib/thumb/v7e-m+fp/hard/libc_nano.a
LOAD /opt/ST/STM32CubeCLT_1.16.0/GNU-tools-for-STM32/bin/../lib/gcc/arm-none-eabi/12.3.1/../../../../arm-none-eabi/lib/thumb/v7e-m+fp/hard/libm.a
LOAD /opt/ST/STM32CubeCLT_1.16.0/GNU-tools-for-STM32/bin/../lib/gcc/arm-none-eabi/12.3.1/../../../../arm-none-eabi/lib/thumb/v7e-m+fp/hard/libnosys.a
LOAD /opt/ST/STM32CubeCLT_1.16.0/GNU-tools-for-STM32/bin/../lib/gcc/arm-none-eabi/12.3.1/../../../../arm-none-eabi/lib/thumb/v7e-m+fp/hard/libstdc++_nano.a
START GROUP
LOAD /opt/ST/STM32CubeCLT_1.16.0/GNU-tools-for-STM32/bin/../lib/gcc/arm-none-eabi/12.3.1/thumb/v7e-m+fp/hard/libgcc.a
LOAD /opt/ST/STM32CubeCLT_1.16.0/GNU-tools-for-STM32/bin/../lib/gcc/arm-none-eabi/12.3.1/../../../../arm-none-eabi/lib/thumb/v7e-m+fp/hard/libc_nano.a
END GROUP
START GROUP
LOAD /opt/ST/STM32CubeCLT_1.16.0/GNU-tools-for-STM32/bin/../lib/gcc/arm-none-eabi/12.3.1/thumb/v7e-m+fp/hard/libgcc.a
LOAD /opt/ST/STM32CubeCLT_1.16.0/GNU-tools-for-STM32/bin/../lib/gcc/arm-none-eabi/12.3.1/../../../../arm-none-eabi/lib/thumb/v7e-m+fp/hard/libc_nano.a
END GROUP
LOAD /opt/ST/STM32CubeCLT_1.16.0/GNU-tools-for-STM32/bin/../lib/gcc/arm-none-eabi/12.3.1/thumb/v7e-m+fp/hard/crtend.o
LOAD /opt/ST/STM32CubeCLT_1.16.0/GNU-tools-for-STM32/bin/../lib/gcc/arm-none-eabi/12.3.1/thumb/v7e-m+fp/hard/crtn.o
                0x20003000                        _estack = (ORIGIN (RAM) + LENGTH (RAM))
                0x00000200                        _Min_Heap_Size = 0x200
                0x00000400                        _Min_Stack_Size = 0x400

.isr_vector     0x08000000      0x188
                0x08000000                        . = ALIGN (0x4)
 *(.isr_vector)
 .isr_vector    0x08000000      0x188 build/startup_stm32f303x8.o
                0x08000000                g_pfnVectors
                0x08000188                        . = ALIGN (0x4)

.text           0x08000190     0x9518
                0x08000190                        . = ALIGN (0x4)
 *(.text)
 .text          0x08000190       0x40 /opt/ST/STM32CubeCLT_1.16.0/GNU-tools-for-STM32/bin/../lib/gcc/arm-none-eabi/12.3.1/thumb/v7e-m+fp/hard/crtbegin.o
 .text          0x080001d0       0xa0 /opt/ST/STM32CubeCLT_1.16.0/GNU-tools-for-STM32/bin/../lib/gcc/arm-none-eabi/12.3.1/../../../../arm-none-eabi/lib/thumb/v7e-m+fp/hard/libc_nano.a(libc_a-memchr.o)
                0x080001d0                memchr
 .text          0x08000270       0x10 /opt/ST/STM32CubeCLT_1.16.0/GNU-tools-for-STM32/bin/../lib/gcc/arm-none-eabi/12.3.1/../../../../arm-none-eabi/lib/thumb/v7e-m+fp/hard/libc_nano.a(libc_a-strlen.o)
                0x08000270                strlen
 .text          0x08000280      0x378 /opt/ST/STM32CubeCLT_1.16.0/GNU-tools-for-STM32/bin/../lib/gcc/arm-none-eabi/12.3.1/thumb/v7e-m+fp/hard/libgcc.a(_arm_addsubdf3.o)
                0x08000280                __aeabi_drsub
                0x08000288                __subdf3
                0x08000288                __aeabi_dsub
                0x0800028c                __aeabi_dadd
                0x0800028c                __adddf3
                0x08000504                __aeabi_ui2d
                0x08000504                __floatunsidf
                0x08000524                __floatsidf
                0x08000524                __aeabi_i2d
                0x08000548                __extendsfdf2
                0x08000548                __aeabi_f2d
                0x0800058c                __aeabi_ul2d
                0x0800058c                __floatundidf
                0x0800059c                __aeabi_l2d
                0x0800059c                __floatdidf
 .text          0x080005f8      0x424 /opt/ST/STM32CubeCLT_1.16.0/GNU-tools-for-STM32/bin/../lib/gcc/arm-none-eabi/12.3.1/thumb/v7e-m+fp/hard/libgcc.a(_arm_muldivdf3.o)
                0x080005f8                __aeabi_dmul
                0x080005f8                __muldf3
                0x0800084c                __aeabi_ddiv
                0x0800084c                __divdf3
 .text          0x08000a1c      0x110 /opt/ST/STM32CubeCLT_1.16.0/GNU-tools-for-STM32/bin/../lib/gcc/arm-none-eabi/12.3.1/thumb/v7e-m+fp/hard/libgcc.a(_arm_cmpdf2.o)
                0x08000a1c                __gedf2
                0x08000a1c                __gtdf2
                0x08000a24                __ledf2
                0x08000a24                __ltdf2
                0x08000a2c                __cmpdf2
                0x08000a2c                __eqdf2
                0x08000a2c                __nedf2
                0x08000aa8                __aeabi_cdrcmple
                0x08000ab8                __aeabi_cdcmple
                0x08000ab8                __aeabi_cdcmpeq
                0x08000ac8                __aeabi_dcmpeq
                0x08000adc                __aeabi_dcmplt
                0x08000af0                __aeabi_dcmple
                0x08000b04                __aeabi_dcmpge
                0x08000b18                __aeabi_dcmpgt
 .text          0x08000b2c       0x2c /opt/ST/STM32CubeCLT_1.16.0/GNU-tools-for-STM32/bin/../lib/gcc/arm-none-eabi/12.3.1/thumb/v7e-m+fp/hard/libgcc.a(_arm_unorddf2.o)
                0x08000b2c                __aeabi_dcmpun
                0x08000b2c                __unorddf2
 .text          0x08000b58       0x50 /opt/ST/STM32CubeCLT_1.16.0/GNU-tools-for-STM32/bin/../lib/gcc/arm-none-eabi/12.3.1/thumb/v7e-m+fp/hard/libgcc.a(_arm_fixdfsi.o)
                0x08000b58                __fixdfsi
                0x08000b58                __aeabi_d2iz
 .text          0x08000ba8       0xa0 /opt/ST/STM32CubeCLT_1.16.0/GNU-tools-for-STM32/bin/../lib/gcc/arm-none-eabi/12.3.1/thumb/v7e-m+fp/hard/libgcc.a(_arm_truncdfsf2.o)
                0x08000ba8                __aeabi_d2f
                0x08000ba8                __truncdfsf2
 *(.text*)
 .text.dma_printf_init
                0x08000c48       0x20 build/dma_printf.o
                0x08000c48                dma_printf_init
 .text.dma_printf_putc
                0x08000c68       0x40 build/dma_printf.o
                0x08000c68                dma_printf_putc
 .text.dma_printf_send_it
                0x08000ca8       0x54 build/dma_printf.o
                0x08000ca8                dma_printf_send_it
 .text.dma_scanf_getc_blocking
                0x08000cfc       0x40 build/dma_scanf.o
                0x08000cfc                dma_scanf_getc_blocking
 .text.update_w_ptr
                0x08000d3c       0x16 build/dma_ring.o
 .text.dma_ring_init
                0x08000d52       0x1c build/dma_ring.o
                0x08000d52                dma_ring_init
 .text.dma_ring_getc
                0x08000d6e       0x34 build/dma_ring.o
                0x08000d6e                dma_ring_getc
 .text.dma_ring_putc
                0x08000da2       0x32 build/dma_ring.o
                0x08000da2                dma_ring_putc
 .text.dma_ring_available
                0x08000dd4       0x22 build/dma_ring.o
                0x08000dd4                dma_ring_available
 .text.dma_ring_available_linear
                0x08000df6       0x18 build/dma_ring.o
                0x08000df6                dma_ring_available_linear
 .text.dma_ring_get_r_ptr
                0x08000e0e        0x6 build/dma_ring.o
                0x08000e0e                dma_ring_get_r_ptr
 .text.dma_ring_forward_r_ptr
                0x08000e14       0x28 build/dma_ring.o
                0x08000e14                dma_ring_forward_r_ptr
 .text.dma_ring_set_w_ptr
                0x08000e3c        0x6 build/dma_ring.o
                0x08000e3c                dma_ring_set_w_ptr
 .text.spiCalcEvenParity
                0x08000e42       0x24 build/main.o
                0x08000e42                spiCalcEvenParity
 *fill*         0x08000e66        0x2 
 .text.AS5048A_read
                0x08000e68       0x80 build/main.o
                0x08000e68                AS5048A_read
 .text.getRotation
                0x08000ee8        0xe build/main.o
                0x08000ee8                getRotation
 *fill*         0x08000ef6        0x2 
 .text.electrical_angle
                0x08000ef8       0x1c build/main.o
                0x08000ef8                electrical_angle
 .text.setPhase
                0x08000f14       0xd0 build/main.o
                0x08000f14                setPhase
 .text.HAL_UART_TxCpltCallback
                0x08000fe4        0x8 build/main.o
                0x08000fe4                HAL_UART_TxCpltCallback
 .text.__io_putchar
                0x08000fec        0xe build/main.o
                0x08000fec                __io_putchar
 .text.__io_getchar
                0x08000ffa        0x8 build/main.o
                0x08000ffa                __io_getchar
 *fill*         0x08001002        0x2 
 .text.HAL_TIM_PeriodElapsedCallback
                0x08001004      0x19c build/main.o
                0x08001004                HAL_TIM_PeriodElapsedCallback
 .text.Error_Handler
                0x080011a0        0x4 build/main.o
                0x080011a0                Error_Handler
 .text.SystemClock_Config
                0x080011a4       0x82 build/main.o
                0x080011a4                SystemClock_Config
 *fill*         0x08001226        0x2 
 .text.main     0x08001228      0x24c build/main.o
                0x08001228                main
 .text.MX_GPIO_Init
                0x08001474       0x94 build/gpio.o
                0x08001474                MX_GPIO_Init
 .text.HAL_TIM_PWM_MspInit
                0x08001508       0x60 build/tim.o
                0x08001508                HAL_TIM_PWM_MspInit
 .text.HAL_TIM_Base_MspInit
                0x08001568       0x4c build/tim.o
                0x08001568                HAL_TIM_Base_MspInit
 .text.HAL_TIM_MspPostInit
                0x080015b4      0x15c build/tim.o
                0x080015b4                HAL_TIM_MspPostInit
 .text.MX_TIM1_Init
                0x08001710       0xe8 build/tim.o
                0x08001710                MX_TIM1_Init
 .text.MX_TIM2_Init
                0x080017f8       0x80 build/tim.o
                0x080017f8                MX_TIM2_Init
 .text.MX_TIM3_Init
                0x08001878       0xb8 build/tim.o
                0x08001878                MX_TIM3_Init
 .text.MX_TIM16_Init
                0x08001930       0xac build/tim.o
                0x08001930                MX_TIM16_Init
 .text.NMI_Handler
                0x080019dc        0x2 build/stm32f3xx_it.o
                0x080019dc                NMI_Handler
 .text.HardFault_Handler
                0x080019de        0x2 build/stm32f3xx_it.o
                0x080019de                HardFault_Handler
 .text.MemManage_Handler
                0x080019e0        0x2 build/stm32f3xx_it.o
                0x080019e0                MemManage_Handler
 .text.BusFault_Handler
                0x080019e2        0x2 build/stm32f3xx_it.o
                0x080019e2                BusFault_Handler
 .text.UsageFault_Handler
                0x080019e4        0x2 build/stm32f3xx_it.o
                0x080019e4                UsageFault_Handler
 .text.SVC_Handler
                0x080019e6        0x2 build/stm32f3xx_it.o
                0x080019e6                SVC_Handler
 .text.DebugMon_Handler
                0x080019e8        0x2 build/stm32f3xx_it.o
                0x080019e8                DebugMon_Handler
 .text.PendSV_Handler
                0x080019ea        0x2 build/stm32f3xx_it.o
                0x080019ea                PendSV_Handler
 .text.SysTick_Handler
                0x080019ec        0x8 build/stm32f3xx_it.o
                0x080019ec                SysTick_Handler
 .text.DMA1_Channel1_IRQHandler
                0x080019f4       0x10 build/stm32f3xx_it.o
                0x080019f4                DMA1_Channel1_IRQHandler
 .text.DMA1_Channel4_IRQHandler
                0x08001a04       0x10 build/stm32f3xx_it.o
                0x08001a04                DMA1_Channel4_IRQHandler
 .text.DMA1_Channel5_IRQHandler
                0x08001a14       0x10 build/stm32f3xx_it.o
                0x08001a14                DMA1_Channel5_IRQHandler
 .text.DMA1_Channel6_IRQHandler
                0x08001a24       0x10 build/stm32f3xx_it.o
                0x08001a24                DMA1_Channel6_IRQHandler
 .text.DMA1_Channel7_IRQHandler
                0x08001a34       0x10 build/stm32f3xx_it.o
                0x08001a34                DMA1_Channel7_IRQHandler
 .text.TIM2_IRQHandler
                0x08001a44       0x10 build/stm32f3xx_it.o
                0x08001a44                TIM2_IRQHandler
 .text.USART1_IRQHandler
                0x08001a54       0x10 build/stm32f3xx_it.o
                0x08001a54                USART1_IRQHandler
 .text.USART2_IRQHandler
                0x08001a64       0x10 build/stm32f3xx_it.o
                0x08001a64                USART2_IRQHandler
 .text.HAL_MspInit
                0x08001a74       0x30 build/stm32f3xx_hal_msp.o
                0x08001a74                HAL_MspInit
 .text.TIM_OC1_SetConfig
                0x08001aa4       0x8c build/stm32f3xx_hal_tim.o
 .text.TIM_OC3_SetConfig
                0x08001b30       0x7c build/stm32f3xx_hal_tim.o
 .text.TIM_OC4_SetConfig
                0x08001bac       0x64 build/stm32f3xx_hal_tim.o
 .text.TIM_OC5_SetConfig
                0x08001c10       0x60 build/stm32f3xx_hal_tim.o
 .text.TIM_OC6_SetConfig
                0x08001c70       0x64 build/stm32f3xx_hal_tim.o
 .text.TIM_TI1_ConfigInputStage
                0x08001cd4       0x26 build/stm32f3xx_hal_tim.o
 .text.TIM_TI2_ConfigInputStage
                0x08001cfa       0x28 build/stm32f3xx_hal_tim.o
 *fill*         0x08001d22        0x2 
 .text.HAL_TIM_Base_Start_IT
                0x08001d24       0x74 build/stm32f3xx_hal_tim.o
                0x08001d24                HAL_TIM_Base_Start_IT
 .text.HAL_TIM_OC_DelayElapsedCallback
                0x08001d98        0x2 build/stm32f3xx_hal_tim.o
                0x08001d98                HAL_TIM_OC_DelayElapsedCallback
 .text.HAL_TIM_IC_CaptureCallback
                0x08001d9a        0x2 build/stm32f3xx_hal_tim.o
                0x08001d9a                HAL_TIM_IC_CaptureCallback
 .text.HAL_TIM_PWM_PulseFinishedCallback
                0x08001d9c        0x2 build/stm32f3xx_hal_tim.o
                0x08001d9c                HAL_TIM_PWM_PulseFinishedCallback
 .text.HAL_TIM_TriggerCallback
                0x08001d9e        0x2 build/stm32f3xx_hal_tim.o
                0x08001d9e                HAL_TIM_TriggerCallback
 .text.HAL_TIM_IRQHandler
                0x08001da0      0x17a build/stm32f3xx_hal_tim.o
                0x08001da0                HAL_TIM_IRQHandler
 *fill*         0x08001f1a        0x2 
 .text.TIM_Base_SetConfig
                0x08001f1c       0xa0 build/stm32f3xx_hal_tim.o
                0x08001f1c                TIM_Base_SetConfig
 .text.HAL_TIM_Base_Init
                0x08001fbc       0x60 build/stm32f3xx_hal_tim.o
                0x08001fbc                HAL_TIM_Base_Init
 .text.HAL_TIM_PWM_Init
                0x0800201c       0x60 build/stm32f3xx_hal_tim.o
                0x0800201c                HAL_TIM_PWM_Init
 .text.TIM_OC2_SetConfig
                0x0800207c       0x7c build/stm32f3xx_hal_tim.o
                0x0800207c                TIM_OC2_SetConfig
 .text.HAL_TIM_PWM_ConfigChannel
                0x080020f8      0x13a build/stm32f3xx_hal_tim.o
                0x080020f8                HAL_TIM_PWM_ConfigChannel
 .text.TIM_ETR_SetConfig
                0x08002232       0x1a build/stm32f3xx_hal_tim.o
                0x08002232                TIM_ETR_SetConfig
 .text.TIM_SlaveTimer_SetConfig
                0x0800224c       0xbc build/stm32f3xx_hal_tim.o
 .text.HAL_TIM_SlaveConfigSynchro
                0x08002308       0x52 build/stm32f3xx_hal_tim.o
                0x08002308                HAL_TIM_SlaveConfigSynchro
 .text.TIM_CCxChannelCmd
                0x0800235a       0x1e build/stm32f3xx_hal_tim.o
                0x0800235a                TIM_CCxChannelCmd
 .text.HAL_TIM_PWM_Start
                0x08002378      0x148 build/stm32f3xx_hal_tim.o
                0x08002378                HAL_TIM_PWM_Start
 .text.TIM_CCxNChannelCmd
                0x080024c0       0x1e build/stm32f3xx_hal_tim_ex.o
 *fill*         0x080024de        0x2 
 .text.HAL_TIMEx_PWMN_Start
                0x080024e0       0xe4 build/stm32f3xx_hal_tim_ex.o
                0x080024e0                HAL_TIMEx_PWMN_Start
 .text.HAL_TIMEx_MasterConfigSynchronization
                0x080025c4       0x78 build/stm32f3xx_hal_tim_ex.o
                0x080025c4                HAL_TIMEx_MasterConfigSynchronization
 .text.HAL_TIMEx_ConfigBreakDeadTime
                0x0800263c       0x88 build/stm32f3xx_hal_tim_ex.o
                0x0800263c                HAL_TIMEx_ConfigBreakDeadTime
 .text.HAL_TIMEx_CommutCallback
                0x080026c4        0x2 build/stm32f3xx_hal_tim_ex.o
                0x080026c4                HAL_TIMEx_CommutCallback
 .text.HAL_TIMEx_BreakCallback
                0x080026c6        0x2 build/stm32f3xx_hal_tim_ex.o
                0x080026c6                HAL_TIMEx_BreakCallback
 .text.HAL_TIMEx_Break2Callback
                0x080026c8        0x2 build/stm32f3xx_hal_tim_ex.o
                0x080026c8                HAL_TIMEx_Break2Callback
 *fill*         0x080026ca        0x2 
 .text.HAL_InitTick
                0x080026cc       0x4c build/stm32f3xx_hal.o
                0x080026cc                HAL_InitTick
 .text.HAL_Init
                0x08002718       0x24 build/stm32f3xx_hal.o
                0x08002718                HAL_Init
 .text.HAL_IncTick
                0x0800273c       0x18 build/stm32f3xx_hal.o
                0x0800273c                HAL_IncTick
 .text.HAL_GetTick
                0x08002754        0xc build/stm32f3xx_hal.o
                0x08002754                HAL_GetTick
 .text.HAL_RCC_OscConfig
                0x08002760      0x630 build/stm32f3xx_hal_rcc.o
                0x08002760                HAL_RCC_OscConfig
 .text.HAL_RCC_GetSysClockFreq
                0x08002d90       0x54 build/stm32f3xx_hal_rcc.o
                0x08002d90                HAL_RCC_GetSysClockFreq
 .text.HAL_RCC_ClockConfig
                0x08002de4      0x1a8 build/stm32f3xx_hal_rcc.o
                0x08002de4                HAL_RCC_ClockConfig
 .text.HAL_RCC_GetHCLKFreq
                0x08002f8c        0xc build/stm32f3xx_hal_rcc.o
                0x08002f8c                HAL_RCC_GetHCLKFreq
 .text.HAL_RCC_GetPCLK1Freq
                0x08002f98       0x2c build/stm32f3xx_hal_rcc.o
                0x08002f98                HAL_RCC_GetPCLK1Freq
 .text.HAL_RCC_GetPCLK2Freq
                0x08002fc4       0x2c build/stm32f3xx_hal_rcc.o
                0x08002fc4                HAL_RCC_GetPCLK2Freq
 .text.HAL_RCCEx_PeriphCLKConfig
                0x08002ff0      0x18c build/stm32f3xx_hal_rcc_ex.o
                0x08002ff0                HAL_RCCEx_PeriphCLKConfig
 .text.HAL_GPIO_Init
                0x0800317c      0x1bc build/stm32f3xx_hal_gpio.o
                0x0800317c                HAL_GPIO_Init
 .text.HAL_GPIO_WritePin
                0x08003338        0xa build/stm32f3xx_hal_gpio.o
                0x08003338                HAL_GPIO_WritePin
 .text.DMA_SetConfig
                0x08003342       0x2c build/stm32f3xx_hal_dma.o
 *fill*         0x0800336e        0x2 
 .text.DMA_CalcBaseAndBitshift
                0x08003370       0x24 build/stm32f3xx_hal_dma.o
 .text.HAL_DMA_Init
                0x08003394       0x50 build/stm32f3xx_hal_dma.o
                0x08003394                HAL_DMA_Init
 .text.HAL_DMA_Start_IT
                0x080033e4       0x74 build/stm32f3xx_hal_dma.o
                0x080033e4                HAL_DMA_Start_IT
 .text.HAL_DMA_Abort
                0x08003458       0x4a build/stm32f3xx_hal_dma.o
                0x08003458                HAL_DMA_Abort
 .text.HAL_DMA_Abort_IT
                0x080034a2       0x4a build/stm32f3xx_hal_dma.o
                0x080034a2                HAL_DMA_Abort_IT
 .text.HAL_DMA_IRQHandler
                0x080034ec       0xb2 build/stm32f3xx_hal_dma.o
                0x080034ec                HAL_DMA_IRQHandler
 *fill*         0x0800359e        0x2 
 .text.__NVIC_SetPriority
                0x080035a0       0x28 build/stm32f3xx_hal_cortex.o
 .text.NVIC_EncodePriority
                0x080035c8       0x3e build/stm32f3xx_hal_cortex.o
 *fill*         0x08003606        0x2 
 .text.HAL_NVIC_SetPriorityGrouping
                0x08003608       0x24 build/stm32f3xx_hal_cortex.o
                0x08003608                HAL_NVIC_SetPriorityGrouping
 .text.HAL_NVIC_SetPriority
                0x0800362c       0x20 build/stm32f3xx_hal_cortex.o
                0x0800362c                HAL_NVIC_SetPriority
 .text.HAL_NVIC_EnableIRQ
                0x0800364c       0x1c build/stm32f3xx_hal_cortex.o
                0x0800364c                HAL_NVIC_EnableIRQ
 .text.HAL_SYSTICK_Config
                0x08003668       0x28 build/stm32f3xx_hal_cortex.o
                0x08003668                HAL_SYSTICK_Config
 .text.HAL_I2CEx_EnableFastModePlus
                0x08003690       0x2c build/stm32f3xx_hal_i2c_ex.o
                0x08003690                HAL_I2CEx_EnableFastModePlus
 .text.SystemInit
                0x080036bc       0x14 build/system_stm32f3xx.o
                0x080036bc                SystemInit
 .text._sbrk    0x080036d0       0x48 build/sysmem.o
                0x080036d0                _sbrk
 .text._getpid  0x08003718        0x4 build/syscalls.o
                0x08003718                _getpid
 .text._kill    0x0800371c       0x10 build/syscalls.o
                0x0800371c                _kill
 .text._exit    0x0800372c        0xc build/syscalls.o
                0x0800372c                _exit
 .text._read    0x08003738       0x20 build/syscalls.o
                0x08003738                _read
 .text._write   0x08003758       0x1c build/syscalls.o
                0x08003758                _write
 .text._close   0x08003774        0x6 build/syscalls.o
                0x08003774                _close
 .text._fstat   0x0800377a        0xa build/syscalls.o
                0x0800377a                _fstat
 .text._isatty  0x08003784        0x4 build/syscalls.o
                0x08003784                _isatty
 .text._lseek   0x08003788        0x4 build/syscalls.o
                0x08003788                _lseek
 .text.MX_SPI1_Init
                0x0800378c       0x50 build/spi.o
                0x0800378c                MX_SPI1_Init
 .text.HAL_SPI_MspInit
                0x080037dc       0x68 build/spi.o
                0x080037dc                HAL_SPI_MspInit
 .text.SPI_WaitFlagStateUntilTimeout
                0x08003844       0xc8 build/stm32f3xx_hal_spi.o
 .text.SPI_WaitFifoStateUntilTimeout
                0x0800390c       0xf0 build/stm32f3xx_hal_spi.o
 .text.SPI_EndRxTxTransaction
                0x080039fc       0x62 build/stm32f3xx_hal_spi.o
 .text.SPI_EndRxTransaction
                0x08003a5e       0x82 build/stm32f3xx_hal_spi.o
 .text.HAL_SPI_Init
                0x08003ae0       0xde build/stm32f3xx_hal_spi.o
                0x08003ae0                HAL_SPI_Init
 .text.HAL_SPI_Transmit
                0x08003bbe      0x1fe build/stm32f3xx_hal_spi.o
                0x08003bbe                HAL_SPI_Transmit
 .text.HAL_SPI_TransmitReceive
                0x08003dbc      0x2ec build/stm32f3xx_hal_spi.o
                0x08003dbc                HAL_SPI_TransmitReceive
 .text.HAL_SPI_Receive
                0x080040a8      0x1a8 build/stm32f3xx_hal_spi.o
                0x080040a8                HAL_SPI_Receive
 .text.MX_USART1_UART_Init
                0x08004250       0x38 build/usart.o
                0x08004250                MX_USART1_UART_Init
 .text.MX_USART2_UART_Init
                0x08004288       0x38 build/usart.o
                0x08004288                MX_USART2_UART_Init
 .text.HAL_UART_MspInit
                0x080042c0      0x1b8 build/usart.o
                0x080042c0                HAL_UART_MspInit
 .text.UART_EndTxTransfer
                0x08004478       0x18 build/stm32f3xx_hal_uart.o
 .text.UART_EndRxTransfer
                0x08004490       0x52 build/stm32f3xx_hal_uart.o
 *fill*         0x080044e2        0x2 
 .text.HAL_UART_Transmit_DMA
                0x080044e4       0x98 build/stm32f3xx_hal_uart.o
                0x080044e4                HAL_UART_Transmit_DMA
 .text.UART_DMATransmitCplt
                0x0800457c       0x44 build/stm32f3xx_hal_uart.o
 .text.UART_EndTransmit_IT
                0x080045c0       0x22 build/stm32f3xx_hal_uart.o
 .text.HAL_UART_TxHalfCpltCallback
                0x080045e2        0x2 build/stm32f3xx_hal_uart.o
                0x080045e2                HAL_UART_TxHalfCpltCallback
 .text.UART_DMATxHalfCplt
                0x080045e4        0xa build/stm32f3xx_hal_uart.o
 .text.HAL_UART_RxCpltCallback
                0x080045ee        0x2 build/stm32f3xx_hal_uart.o
                0x080045ee                HAL_UART_RxCpltCallback
 .text.HAL_UART_RxHalfCpltCallback
                0x080045f0        0x2 build/stm32f3xx_hal_uart.o
                0x080045f0                HAL_UART_RxHalfCpltCallback
 .text.HAL_UART_ErrorCallback
                0x080045f2        0x2 build/stm32f3xx_hal_uart.o
                0x080045f2                HAL_UART_ErrorCallback
 .text.UART_DMAError
                0x080045f4       0x56 build/stm32f3xx_hal_uart.o
 .text.UART_DMAAbortOnError
                0x0800464a       0x14 build/stm32f3xx_hal_uart.o
 .text.HAL_UARTEx_RxEventCallback
                0x0800465e        0x2 build/stm32f3xx_hal_uart.o
                0x0800465e                HAL_UARTEx_RxEventCallback
 .text.HAL_UART_IRQHandler
                0x08004660      0x2e8 build/stm32f3xx_hal_uart.o
                0x08004660                HAL_UART_IRQHandler
 .text.UART_DMARxHalfCplt
                0x08004948       0x20 build/stm32f3xx_hal_uart.o
 .text.UART_DMAReceiveCplt
                0x08004968       0x8e build/stm32f3xx_hal_uart.o
 *fill*         0x080049f6        0x2 
 .text.UART_SetConfig
                0x080049f8      0x164 build/stm32f3xx_hal_uart.o
                0x080049f8                UART_SetConfig
 .text.UART_AdvFeatureConfig
                0x08004b5c       0xca build/stm32f3xx_hal_uart.o
                0x08004b5c                UART_AdvFeatureConfig
 .text.UART_WaitOnFlagUntilTimeout
                0x08004c26       0x9e build/stm32f3xx_hal_uart.o
                0x08004c26                UART_WaitOnFlagUntilTimeout
 .text.UART_CheckIdleState
                0x08004cc4       0xc6 build/stm32f3xx_hal_uart.o
                0x08004cc4                UART_CheckIdleState
 .text.HAL_UART_Init
                0x08004d8a       0x62 build/stm32f3xx_hal_uart.o
                0x08004d8a                HAL_UART_Init
 .text.UART_Start_Receive_DMA
                0x08004dec       0xa8 build/stm32f3xx_hal_uart.o
                0x08004dec                UART_Start_Receive_DMA
 .text.HAL_UART_Receive_DMA
                0x08004e94       0x40 build/stm32f3xx_hal_uart.o
                0x08004e94                HAL_UART_Receive_DMA
 .text.HAL_UARTEx_WakeupCallback
                0x08004ed4        0x2 build/stm32f3xx_hal_uart_ex.o
                0x08004ed4                HAL_UARTEx_WakeupCallback
 *fill*         0x08004ed6        0x2 
 .text.MX_DMA_Init
                0x08004ed8       0x74 build/dma.o
                0x08004ed8                MX_DMA_Init
 .text.MX_ADC1_Init
                0x08004f4c       0xc0 build/adc.o
                0x08004f4c                MX_ADC1_Init
 .text.HAL_ADC_MspInit
                0x0800500c       0x94 build/adc.o
                0x0800500c                HAL_ADC_MspInit
 .text.HAL_ADC_ConvCpltCallback
                0x080050a0        0x2 build/stm32f3xx_hal_adc.o
                0x080050a0                HAL_ADC_ConvCpltCallback
 .text.HAL_ADC_ConvHalfCpltCallback
                0x080050a2        0x2 build/stm32f3xx_hal_adc.o
                0x080050a2                HAL_ADC_ConvHalfCpltCallback
 .text.HAL_ADC_ErrorCallback
                0x080050a4        0x2 build/stm32f3xx_hal_adc.o
                0x080050a4                HAL_ADC_ErrorCallback
 .text.ADC_Disable
                0x080050a6       0x88 build/stm32f3xx_hal_adc_ex.o
 *fill*         0x0800512e        0x2 
 .text.ADC_Enable
                0x08005130       0x80 build/stm32f3xx_hal_adc_ex.o
 .text.ADC_DMAError
                0x080051b0       0x1a build/stm32f3xx_hal_adc_ex.o
 .text.ADC_DMAHalfConvCplt
                0x080051ca        0xa build/stm32f3xx_hal_adc_ex.o
 .text.ADC_DMAConvCplt
                0x080051d4       0x4a build/stm32f3xx_hal_adc_ex.o
 *fill*         0x0800521e        0x2 
 .text.HAL_ADC_Init
                0x08005220      0x214 build/stm32f3xx_hal_adc_ex.o
                0x08005220                HAL_ADC_Init
 .text.HAL_ADC_Start_DMA
                0x08005434      0x134 build/stm32f3xx_hal_adc_ex.o
                0x08005434                HAL_ADC_Start_DMA
 .text.HAL_ADCEx_Calibration_Start
                0x08005568       0x96 build/stm32f3xx_hal_adc_ex.o
                0x08005568                HAL_ADCEx_Calibration_Start
 *fill*         0x080055fe        0x2 
 .text.HAL_ADC_ConfigChannel
                0x08005600      0x370 build/stm32f3xx_hal_adc_ex.o
                0x08005600                HAL_ADC_ConfigChannel
 .text.HAL_ADCEx_MultiModeConfigChannel
                0x08005970      0x118 build/stm32f3xx_hal_adc_ex.o
                0x08005970                HAL_ADCEx_MultiModeConfigChannel
 .text.Reset_Handler
                0x08005a88       0x50 build/startup_stm32f303x8.o
                0x08005a88                Reset_Handler
 .text.Default_Handler
                0x08005ad8        0x2 build/startup_stm32f303x8.o
                0x08005ad8                TIM1_BRK_TIM15_IRQHandler
                0x08005ad8                TIM1_CC_IRQHandler
                0x08005ad8                PVD_IRQHandler
                0x08005ad8                TAMP_STAMP_IRQHandler
                0x08005ad8                EXTI3_IRQHandler
                0x08005ad8                EXTI0_IRQHandler
                0x08005ad8                FPU_IRQHandler
                0x08005ad8                CAN_TX_IRQHandler
                0x08005ad8                TIM1_UP_TIM16_IRQHandler
                0x08005ad8                ADC1_2_IRQHandler
                0x08005ad8                SPI1_IRQHandler
                0x08005ad8                CAN_SCE_IRQHandler
                0x08005ad8                USART3_IRQHandler
                0x08005ad8                TIM7_DAC2_IRQHandler
                0x08005ad8                CAN_RX1_IRQHandler
                0x08005ad8                I2C1_EV_IRQHandler
                0x08005ad8                TIM3_IRQHandler
                0x08005ad8                RCC_IRQHandler
                0x08005ad8                Default_Handler
                0x08005ad8                EXTI15_10_IRQHandler
                0x08005ad8                COMP2_IRQHandler
                0x08005ad8                TIM6_DAC1_IRQHandler
                0x08005ad8                EXTI9_5_IRQHandler
                0x08005ad8                RTC_WKUP_IRQHandler
                0x08005ad8                EXTI4_IRQHandler
                0x08005ad8                TIM1_TRG_COM_TIM17_IRQHandler
                0x08005ad8                DMA1_Channel3_IRQHandler
                0x08005ad8                WWDG_IRQHandler
                0x08005ad8                EXTI1_IRQHandler
                0x08005ad8                COMP4_6_IRQHandler
                0x08005ad8                DMA1_Channel2_IRQHandler
                0x08005ad8                FLASH_IRQHandler
                0x08005ad8                CAN_RX0_IRQHandler
                0x08005ad8                I2C1_ER_IRQHandler
                0x08005ad8                EXTI2_TSC_IRQHandler
                0x08005ad8                RTC_Alarm_IRQHandler
 .text.__cvt    0x08005ada       0xca /opt/ST/STM32CubeCLT_1.16.0/GNU-tools-for-STM32/bin/../lib/gcc/arm-none-eabi/12.3.1/../../../../arm-none-eabi/lib/thumb/v7e-m+fp/hard/libc_nano.a(libc_a-nano-vfprintf_float.o)
                0x08005ada                __cvt
 .text.__exponent
                0x08005ba4       0x74 /opt/ST/STM32CubeCLT_1.16.0/GNU-tools-for-STM32/bin/../lib/gcc/arm-none-eabi/12.3.1/../../../../arm-none-eabi/lib/thumb/v7e-m+fp/hard/libc_nano.a(libc_a-nano-vfprintf_float.o)
                0x08005ba4                __exponent
 .text._printf_float
                0x08005c18      0x454 /opt/ST/STM32CubeCLT_1.16.0/GNU-tools-for-STM32/bin/../lib/gcc/arm-none-eabi/12.3.1/../../../../arm-none-eabi/lib/thumb/v7e-m+fp/hard/libc_nano.a(libc_a-nano-vfprintf_float.o)
                0x08005c18                _printf_float
 .text._printf_common
                0x0800606c       0xda /opt/ST/STM32CubeCLT_1.16.0/GNU-tools-for-STM32/bin/../lib/gcc/arm-none-eabi/12.3.1/../../../../arm-none-eabi/lib/thumb/v7e-m+fp/hard/libc_nano.a(libc_a-nano-vfprintf_i.o)
                0x0800606c                _printf_common
 *fill*         0x08006146        0x2 
 .text._printf_i
                0x08006148      0x240 /opt/ST/STM32CubeCLT_1.16.0/GNU-tools-for-STM32/bin/../lib/gcc/arm-none-eabi/12.3.1/../../../../arm-none-eabi/lib/thumb/v7e-m+fp/hard/libc_nano.a(libc_a-nano-vfprintf_i.o)
                0x08006148                _printf_i
 .text.setbuf   0x08006388       0x10 /opt/ST/STM32CubeCLT_1.16.0/GNU-tools-for-STM32/bin/../lib/gcc/arm-none-eabi/12.3.1/../../../../arm-none-eabi/lib/thumb/v7e-m+fp/hard/libc_nano.a(libc_a-setbuf.o)
                0x08006388                setbuf
 .text.setvbuf  0x08006398      0x168 /opt/ST/STM32CubeCLT_1.16.0/GNU-tools-for-STM32/bin/../lib/gcc/arm-none-eabi/12.3.1/../../../../arm-none-eabi/lib/thumb/v7e-m+fp/hard/libc_nano.a(libc_a-setvbuf.o)
                0x08006398                setvbuf
 .text.std      0x08006500       0x6c /opt/ST/STM32CubeCLT_1.16.0/GNU-tools-for-STM32/bin/../lib/gcc/arm-none-eabi/12.3.1/../../../../arm-none-eabi/lib/thumb/v7e-m+fp/hard/libc_nano.a(libc_a-findfp.o)
 .text.stdio_exit_handler
                0x0800656c       0x18 /opt/ST/STM32CubeCLT_1.16.0/GNU-tools-for-STM32/bin/../lib/gcc/arm-none-eabi/12.3.1/../../../../arm-none-eabi/lib/thumb/v7e-m+fp/hard/libc_nano.a(libc_a-findfp.o)
 .text.cleanup_stdio
                0x08006584       0x40 /opt/ST/STM32CubeCLT_1.16.0/GNU-tools-for-STM32/bin/../lib/gcc/arm-none-eabi/12.3.1/../../../../arm-none-eabi/lib/thumb/v7e-m+fp/hard/libc_nano.a(libc_a-findfp.o)
 .text.global_stdio_init.part.0
                0x080065c4       0x3c /opt/ST/STM32CubeCLT_1.16.0/GNU-tools-for-STM32/bin/../lib/gcc/arm-none-eabi/12.3.1/../../../../arm-none-eabi/lib/thumb/v7e-m+fp/hard/libc_nano.a(libc_a-findfp.o)
 .text.__sfp_lock_acquire
                0x08006600        0xc /opt/ST/STM32CubeCLT_1.16.0/GNU-tools-for-STM32/bin/../lib/gcc/arm-none-eabi/12.3.1/../../../../arm-none-eabi/lib/thumb/v7e-m+fp/hard/libc_nano.a(libc_a-findfp.o)
                0x08006600                __sfp_lock_acquire
 .text.__sfp_lock_release
                0x0800660c        0xc /opt/ST/STM32CubeCLT_1.16.0/GNU-tools-for-STM32/bin/../lib/gcc/arm-none-eabi/12.3.1/../../../../arm-none-eabi/lib/thumb/v7e-m+fp/hard/libc_nano.a(libc_a-findfp.o)
                0x0800660c                __sfp_lock_release
 .text.__sinit  0x08006618       0x30 /opt/ST/STM32CubeCLT_1.16.0/GNU-tools-for-STM32/bin/../lib/gcc/arm-none-eabi/12.3.1/../../../../arm-none-eabi/lib/thumb/v7e-m+fp/hard/libc_nano.a(libc_a-findfp.o)
                0x08006618                __sinit
 .text._fwalk_sglue
                0x08006648       0x3c /opt/ST/STM32CubeCLT_1.16.0/GNU-tools-for-STM32/bin/../lib/gcc/arm-none-eabi/12.3.1/../../../../arm-none-eabi/lib/thumb/v7e-m+fp/hard/libc_nano.a(libc_a-fwalk.o)
                0x08006648                _fwalk_sglue
 .text.__swhatbuf_r
                0x08006684       0x4c /opt/ST/STM32CubeCLT_1.16.0/GNU-tools-for-STM32/bin/../lib/gcc/arm-none-eabi/12.3.1/../../../../arm-none-eabi/lib/thumb/v7e-m+fp/hard/libc_nano.a(libc_a-makebuf.o)
                0x08006684                __swhatbuf_r
 .text.__smakebuf_r
                0x080066d0       0x78 /opt/ST/STM32CubeCLT_1.16.0/GNU-tools-for-STM32/bin/../lib/gcc/arm-none-eabi/12.3.1/../../../../arm-none-eabi/lib/thumb/v7e-m+fp/hard/libc_nano.a(libc_a-makebuf.o)
                0x080066d0                __smakebuf_r
 .text.printf   0x08006748       0x24 /opt/ST/STM32CubeCLT_1.16.0/GNU-tools-for-STM32/bin/../lib/gcc/arm-none-eabi/12.3.1/../../../../arm-none-eabi/lib/thumb/v7e-m+fp/hard/libc_nano.a(libc_a-printf.o)
                0x08006748                printf
                0x08006748                iprintf
 .text._puts_r  0x0800676c       0xaa /opt/ST/STM32CubeCLT_1.16.0/GNU-tools-for-STM32/bin/../lib/gcc/arm-none-eabi/12.3.1/../../../../arm-none-eabi/lib/thumb/v7e-m+fp/hard/libc_nano.a(libc_a-puts.o)
                0x0800676c                _puts_r
 *fill*         0x08006816        0x2 
 .text.puts     0x08006818       0x10 /opt/ST/STM32CubeCLT_1.16.0/GNU-tools-for-STM32/bin/../lib/gcc/arm-none-eabi/12.3.1/../../../../arm-none-eabi/lib/thumb/v7e-m+fp/hard/libc_nano.a(libc_a-puts.o)
                0x08006818                puts
 .text.memset   0x08006828       0x10 /opt/ST/STM32CubeCLT_1.16.0/GNU-tools-for-STM32/bin/../lib/gcc/arm-none-eabi/12.3.1/../../../../arm-none-eabi/lib/thumb/v7e-m+fp/hard/libc_nano.a(libc_a-memset.o)
                0x08006828                memset
 .text._localeconv_r
                0x08006838        0x8 /opt/ST/STM32CubeCLT_1.16.0/GNU-tools-for-STM32/bin/../lib/gcc/arm-none-eabi/12.3.1/../../../../arm-none-eabi/lib/thumb/v7e-m+fp/hard/libc_nano.a(libc_a-localeconv.o)
                0x08006838                _localeconv_r
 .text._fstat_r
                0x08006840       0x24 /opt/ST/STM32CubeCLT_1.16.0/GNU-tools-for-STM32/bin/../lib/gcc/arm-none-eabi/12.3.1/../../../../arm-none-eabi/lib/thumb/v7e-m+fp/hard/libc_nano.a(libc_a-fstatr.o)
                0x08006840                _fstat_r
 .text._isatty_r
                0x08006864       0x20 /opt/ST/STM32CubeCLT_1.16.0/GNU-tools-for-STM32/bin/../lib/gcc/arm-none-eabi/12.3.1/../../../../arm-none-eabi/lib/thumb/v7e-m+fp/hard/libc_nano.a(libc_a-isattyr.o)
                0x08006864                _isatty_r
 .text.__errno  0x08006884        0xc /opt/ST/STM32CubeCLT_1.16.0/GNU-tools-for-STM32/bin/../lib/gcc/arm-none-eabi/12.3.1/../../../../arm-none-eabi/lib/thumb/v7e-m+fp/hard/libc_nano.a(libc_a-errno.o)
                0x08006884                __errno
 .text.__libc_init_array
                0x08006890       0x48 /opt/ST/STM32CubeCLT_1.16.0/GNU-tools-for-STM32/bin/../lib/gcc/arm-none-eabi/12.3.1/../../../../arm-none-eabi/lib/thumb/v7e-m+fp/hard/libc_nano.a(libc_a-init.o)
                0x08006890                __libc_init_array
 .text.__retarget_lock_init_recursive
                0x080068d8        0x2 /opt/ST/STM32CubeCLT_1.16.0/GNU-tools-for-STM32/bin/../lib/gcc/arm-none-eabi/12.3.1/../../../../arm-none-eabi/lib/thumb/v7e-m+fp/hard/libc_nano.a(libc_a-lock.o)
                0x080068d8                __retarget_lock_init_recursive
 .text.__retarget_lock_acquire_recursive
                0x080068da        0x2 /opt/ST/STM32CubeCLT_1.16.0/GNU-tools-for-STM32/bin/../lib/gcc/arm-none-eabi/12.3.1/../../../../arm-none-eabi/lib/thumb/v7e-m+fp/hard/libc_nano.a(libc_a-lock.o)
                0x080068da                __retarget_lock_acquire_recursive
 .text.__retarget_lock_release_recursive
                0x080068dc        0x2 /opt/ST/STM32CubeCLT_1.16.0/GNU-tools-for-STM32/bin/../lib/gcc/arm-none-eabi/12.3.1/../../../../arm-none-eabi/lib/thumb/v7e-m+fp/hard/libc_nano.a(libc_a-lock.o)
                0x080068dc                __retarget_lock_release_recursive
 .text.quorem   0x080068de      0x110 /opt/ST/STM32CubeCLT_1.16.0/GNU-tools-for-STM32/bin/../lib/gcc/arm-none-eabi/12.3.1/../../../../arm-none-eabi/lib/thumb/v7e-m+fp/hard/libc_nano.a(libc_a-dtoa.o)
 *fill*         0x080069ee        0x2 
 .text._dtoa_r  0x080069f0      0xb88 /opt/ST/STM32CubeCLT_1.16.0/GNU-tools-for-STM32/bin/../lib/gcc/arm-none-eabi/12.3.1/../../../../arm-none-eabi/lib/thumb/v7e-m+fp/hard/libc_nano.a(libc_a-dtoa.o)
                0x080069f0                _dtoa_r
 .text._free_r  0x08007578       0x94 /opt/ST/STM32CubeCLT_1.16.0/GNU-tools-for-STM32/bin/../lib/gcc/arm-none-eabi/12.3.1/../../../../arm-none-eabi/lib/thumb/v7e-m+fp/hard/libc_nano.a(libc_a-freer.o)
                0x08007578                _free_r
 .text.__sfputc_r
                0x0800760c       0x2e /opt/ST/STM32CubeCLT_1.16.0/GNU-tools-for-STM32/bin/../lib/gcc/arm-none-eabi/12.3.1/../../../../arm-none-eabi/lib/thumb/v7e-m+fp/hard/libc_nano.a(libc_a-nano-vfprintf.o)
 .text.__sfputs_r
                0x0800763a       0x24 /opt/ST/STM32CubeCLT_1.16.0/GNU-tools-for-STM32/bin/../lib/gcc/arm-none-eabi/12.3.1/../../../../arm-none-eabi/lib/thumb/v7e-m+fp/hard/libc_nano.a(libc_a-nano-vfprintf.o)
                0x0800763a                __sfputs_r
 *fill*         0x0800765e        0x2 
 .text._vfprintf_r
                0x08007660      0x230 /opt/ST/STM32CubeCLT_1.16.0/GNU-tools-for-STM32/bin/../lib/gcc/arm-none-eabi/12.3.1/../../../../arm-none-eabi/lib/thumb/v7e-m+fp/hard/libc_nano.a(libc_a-nano-vfprintf.o)
                0x08007660                _vfiprintf_r
                0x08007660                _vfprintf_r
 .text.malloc   0x08007890       0x10 /opt/ST/STM32CubeCLT_1.16.0/GNU-tools-for-STM32/bin/../lib/gcc/arm-none-eabi/12.3.1/../../../../arm-none-eabi/lib/thumb/v7e-m+fp/hard/libc_nano.a(libc_a-malloc.o)
                0x08007890                malloc
 .text.sbrk_aligned
                0x080078a0       0x44 /opt/ST/STM32CubeCLT_1.16.0/GNU-tools-for-STM32/bin/../lib/gcc/arm-none-eabi/12.3.1/../../../../arm-none-eabi/lib/thumb/v7e-m+fp/hard/libc_nano.a(libc_a-mallocr.o)
 .text._malloc_r
                0x080078e4      0x100 /opt/ST/STM32CubeCLT_1.16.0/GNU-tools-for-STM32/bin/../lib/gcc/arm-none-eabi/12.3.1/../../../../arm-none-eabi/lib/thumb/v7e-m+fp/hard/libc_nano.a(libc_a-mallocr.o)
                0x080078e4                _malloc_r
 .text.__sflush_r
                0x080079e4      0x108 /opt/ST/STM32CubeCLT_1.16.0/GNU-tools-for-STM32/bin/../lib/gcc/arm-none-eabi/12.3.1/../../../../arm-none-eabi/lib/thumb/v7e-m+fp/hard/libc_nano.a(libc_a-fflush.o)
                0x080079e4                __sflush_r
 .text._fflush_r
                0x08007aec       0x50 /opt/ST/STM32CubeCLT_1.16.0/GNU-tools-for-STM32/bin/../lib/gcc/arm-none-eabi/12.3.1/../../../../arm-none-eabi/lib/thumb/v7e-m+fp/hard/libc_nano.a(libc_a-fflush.o)
                0x08007aec                _fflush_r
 .text.__malloc_lock
                0x08007b3c        0xc /opt/ST/STM32CubeCLT_1.16.0/GNU-tools-for-STM32/bin/../lib/gcc/arm-none-eabi/12.3.1/../../../../arm-none-eabi/lib/thumb/v7e-m+fp/hard/libc_nano.a(libc_a-mlock.o)
                0x08007b3c                __malloc_lock
 .text.__malloc_unlock
                0x08007b48        0xc /opt/ST/STM32CubeCLT_1.16.0/GNU-tools-for-STM32/bin/../lib/gcc/arm-none-eabi/12.3.1/../../../../arm-none-eabi/lib/thumb/v7e-m+fp/hard/libc_nano.a(libc_a-mlock.o)
                0x08007b48                __malloc_unlock
 .text._Balloc  0x08007b54       0x80 /opt/ST/STM32CubeCLT_1.16.0/GNU-tools-for-STM32/bin/../lib/gcc/arm-none-eabi/12.3.1/../../../../arm-none-eabi/lib/thumb/v7e-m+fp/hard/libc_nano.a(libc_a-mprec.o)
                0x08007b54                _Balloc
 .text._Bfree   0x08007bd4       0x44 /opt/ST/STM32CubeCLT_1.16.0/GNU-tools-for-STM32/bin/../lib/gcc/arm-none-eabi/12.3.1/../../../../arm-none-eabi/lib/thumb/v7e-m+fp/hard/libc_nano.a(libc_a-mprec.o)
                0x08007bd4                _Bfree
 .text.__multadd
                0x08007c18       0x8c /opt/ST/STM32CubeCLT_1.16.0/GNU-tools-for-STM32/bin/../lib/gcc/arm-none-eabi/12.3.1/../../../../arm-none-eabi/lib/thumb/v7e-m+fp/hard/libc_nano.a(libc_a-mprec.o)
                0x08007c18                __multadd
 .text.__hi0bits
                0x08007ca4       0x3e /opt/ST/STM32CubeCLT_1.16.0/GNU-tools-for-STM32/bin/../lib/gcc/arm-none-eabi/12.3.1/../../../../arm-none-eabi/lib/thumb/v7e-m+fp/hard/libc_nano.a(libc_a-mprec.o)
                0x08007ca4                __hi0bits
 .text.__lo0bits
                0x08007ce2       0x5a /opt/ST/STM32CubeCLT_1.16.0/GNU-tools-for-STM32/bin/../lib/gcc/arm-none-eabi/12.3.1/../../../../arm-none-eabi/lib/thumb/v7e-m+fp/hard/libc_nano.a(libc_a-mprec.o)
                0x08007ce2                __lo0bits
 .text.__i2b    0x08007d3c       0x2c /opt/ST/STM32CubeCLT_1.16.0/GNU-tools-for-STM32/bin/../lib/gcc/arm-none-eabi/12.3.1/../../../../arm-none-eabi/lib/thumb/v7e-m+fp/hard/libc_nano.a(libc_a-mprec.o)
                0x08007d3c                __i2b
 .text.__multiply
                0x08007d68      0x154 /opt/ST/STM32CubeCLT_1.16.0/GNU-tools-for-STM32/bin/../lib/gcc/arm-none-eabi/12.3.1/../../../../arm-none-eabi/lib/thumb/v7e-m+fp/hard/libc_nano.a(libc_a-mprec.o)
                0x08007d68                __multiply
 .text.__pow5mult
                0x08007ebc       0xb4 /opt/ST/STM32CubeCLT_1.16.0/GNU-tools-for-STM32/bin/../lib/gcc/arm-none-eabi/12.3.1/../../../../arm-none-eabi/lib/thumb/v7e-m+fp/hard/libc_nano.a(libc_a-mprec.o)
                0x08007ebc                __pow5mult
 .text.__lshift
                0x08007f70       0xd8 /opt/ST/STM32CubeCLT_1.16.0/GNU-tools-for-STM32/bin/../lib/gcc/arm-none-eabi/12.3.1/../../../../arm-none-eabi/lib/thumb/v7e-m+fp/hard/libc_nano.a(libc_a-mprec.o)
                0x08007f70                __lshift
 .text.__mcmp   0x08008048       0x36 /opt/ST/STM32CubeCLT_1.16.0/GNU-tools-for-STM32/bin/../lib/gcc/arm-none-eabi/12.3.1/../../../../arm-none-eabi/lib/thumb/v7e-m+fp/hard/libc_nano.a(libc_a-mprec.o)
                0x08008048                __mcmp
 *fill*         0x0800807e        0x2 
 .text.__mdiff  0x08008080      0x128 /opt/ST/STM32CubeCLT_1.16.0/GNU-tools-for-STM32/bin/../lib/gcc/arm-none-eabi/12.3.1/../../../../arm-none-eabi/lib/thumb/v7e-m+fp/hard/libc_nano.a(libc_a-mprec.o)
                0x08008080                __mdiff
 .text.__d2b    0x080081a8       0xb0 /opt/ST/STM32CubeCLT_1.16.0/GNU-tools-for-STM32/bin/../lib/gcc/arm-none-eabi/12.3.1/../../../../arm-none-eabi/lib/thumb/v7e-m+fp/hard/libc_nano.a(libc_a-mprec.o)
                0x080081a8                __d2b
 .text.__sread  0x08008258       0x22 /opt/ST/STM32CubeCLT_1.16.0/GNU-tools-for-STM32/bin/../lib/gcc/arm-none-eabi/12.3.1/../../../../arm-none-eabi/lib/thumb/v7e-m+fp/hard/libc_nano.a(libc_a-stdio.o)
                0x08008258                __sread
 .text.__swrite
                0x0800827a       0x38 /opt/ST/STM32CubeCLT_1.16.0/GNU-tools-for-STM32/bin/../lib/gcc/arm-none-eabi/12.3.1/../../../../arm-none-eabi/lib/thumb/v7e-m+fp/hard/libc_nano.a(libc_a-stdio.o)
                0x0800827a                __swrite
 .text.__sseek  0x080082b2       0x24 /opt/ST/STM32CubeCLT_1.16.0/GNU-tools-for-STM32/bin/../lib/gcc/arm-none-eabi/12.3.1/../../../../arm-none-eabi/lib/thumb/v7e-m+fp/hard/libc_nano.a(libc_a-stdio.o)
                0x080082b2                __sseek
 .text.__sclose
                0x080082d6        0x8 /opt/ST/STM32CubeCLT_1.16.0/GNU-tools-for-STM32/bin/../lib/gcc/arm-none-eabi/12.3.1/../../../../arm-none-eabi/lib/thumb/v7e-m+fp/hard/libc_nano.a(libc_a-stdio.o)
                0x080082d6                __sclose
 .text.__swbuf_r
                0x080082de       0x7c /opt/ST/STM32CubeCLT_1.16.0/GNU-tools-for-STM32/bin/../lib/gcc/arm-none-eabi/12.3.1/../../../../arm-none-eabi/lib/thumb/v7e-m+fp/hard/libc_nano.a(libc_a-wbuf.o)
                0x080082de                __swbuf_r
 *fill*         0x0800835a        0x2 
 .text.__swsetup_r
                0x0800835c       0xac /opt/ST/STM32CubeCLT_1.16.0/GNU-tools-for-STM32/bin/../lib/gcc/arm-none-eabi/12.3.1/../../../../arm-none-eabi/lib/thumb/v7e-m+fp/hard/libc_nano.a(libc_a-wsetup.o)
                0x0800835c                __swsetup_r
 .text._close_r
                0x08008408       0x20 /opt/ST/STM32CubeCLT_1.16.0/GNU-tools-for-STM32/bin/../lib/gcc/arm-none-eabi/12.3.1/../../../../arm-none-eabi/lib/thumb/v7e-m+fp/hard/libc_nano.a(libc_a-closer.o)
                0x08008408                _close_r
 .text._lseek_r
                0x08008428       0x24 /opt/ST/STM32CubeCLT_1.16.0/GNU-tools-for-STM32/bin/../lib/gcc/arm-none-eabi/12.3.1/../../../../arm-none-eabi/lib/thumb/v7e-m+fp/hard/libc_nano.a(libc_a-lseekr.o)
                0x08008428                _lseek_r
 .text._read_r  0x0800844c       0x24 /opt/ST/STM32CubeCLT_1.16.0/GNU-tools-for-STM32/bin/../lib/gcc/arm-none-eabi/12.3.1/../../../../arm-none-eabi/lib/thumb/v7e-m+fp/hard/libc_nano.a(libc_a-readr.o)
                0x0800844c                _read_r
 .text._sbrk_r  0x08008470       0x20 /opt/ST/STM32CubeCLT_1.16.0/GNU-tools-for-STM32/bin/../lib/gcc/arm-none-eabi/12.3.1/../../../../arm-none-eabi/lib/thumb/v7e-m+fp/hard/libc_nano.a(libc_a-sbrkr.o)
                0x08008470                _sbrk_r
 .text._write_r
                0x08008490       0x24 /opt/ST/STM32CubeCLT_1.16.0/GNU-tools-for-STM32/bin/../lib/gcc/arm-none-eabi/12.3.1/../../../../arm-none-eabi/lib/thumb/v7e-m+fp/hard/libc_nano.a(libc_a-writer.o)
                0x08008490                _write_r
 .text.memcpy   0x080084b4       0x1c /opt/ST/STM32CubeCLT_1.16.0/GNU-tools-for-STM32/bin/../lib/gcc/arm-none-eabi/12.3.1/../../../../arm-none-eabi/lib/thumb/v7e-m+fp/hard/libc_nano.a(libc_a-memcpy-stub.o)
                0x080084b4                memcpy
 .text.__assert_func
                0x080084d0       0x3c /opt/ST/STM32CubeCLT_1.16.0/GNU-tools-for-STM32/bin/../lib/gcc/arm-none-eabi/12.3.1/../../../../arm-none-eabi/lib/thumb/v7e-m+fp/hard/libc_nano.a(libc_a-assert.o)
                0x080084d0                __assert_func
 .text._calloc_r
                0x0800850c       0x28 /opt/ST/STM32CubeCLT_1.16.0/GNU-tools-for-STM32/bin/../lib/gcc/arm-none-eabi/12.3.1/../../../../arm-none-eabi/lib/thumb/v7e-m+fp/hard/libc_nano.a(libc_a-callocr.o)
                0x0800850c                _calloc_r
 .text.__ascii_mbtowc
                0x08008534       0x24 /opt/ST/STM32CubeCLT_1.16.0/GNU-tools-for-STM32/bin/../lib/gcc/arm-none-eabi/12.3.1/../../../../arm-none-eabi/lib/thumb/v7e-m+fp/hard/libc_nano.a(libc_a-mbtowc_r.o)
                0x08008534                __ascii_mbtowc
 .text.fprintf  0x08008558       0x24 /opt/ST/STM32CubeCLT_1.16.0/GNU-tools-for-STM32/bin/../lib/gcc/arm-none-eabi/12.3.1/../../../../arm-none-eabi/lib/thumb/v7e-m+fp/hard/libc_nano.a(libc_a-fprintf.o)
                0x08008558                fprintf
                0x08008558                fiprintf
 .text.__ascii_wctomb
                0x0800857c       0x1a /opt/ST/STM32CubeCLT_1.16.0/GNU-tools-for-STM32/bin/../lib/gcc/arm-none-eabi/12.3.1/../../../../arm-none-eabi/lib/thumb/v7e-m+fp/hard/libc_nano.a(libc_a-wctomb_r.o)
                0x0800857c                __ascii_wctomb
 .text.abort    0x08008596        0xe /opt/ST/STM32CubeCLT_1.16.0/GNU-tools-for-STM32/bin/../lib/gcc/arm-none-eabi/12.3.1/../../../../arm-none-eabi/lib/thumb/v7e-m+fp/hard/libc_nano.a(libc_a-abort.o)
                0x08008596                abort
 .text._raise_r
                0x080085a4       0x50 /opt/ST/STM32CubeCLT_1.16.0/GNU-tools-for-STM32/bin/../lib/gcc/arm-none-eabi/12.3.1/../../../../arm-none-eabi/lib/thumb/v7e-m+fp/hard/libc_nano.a(libc_a-signal.o)
                0x080085a4                _raise_r
 .text.raise    0x080085f4       0x10 /opt/ST/STM32CubeCLT_1.16.0/GNU-tools-for-STM32/bin/../lib/gcc/arm-none-eabi/12.3.1/../../../../arm-none-eabi/lib/thumb/v7e-m+fp/hard/libc_nano.a(libc_a-signal.o)
                0x080085f4                raise
 .text._kill_r  0x08008604       0x24 /opt/ST/STM32CubeCLT_1.16.0/GNU-tools-for-STM32/bin/../lib/gcc/arm-none-eabi/12.3.1/../../../../arm-none-eabi/lib/thumb/v7e-m+fp/hard/libc_nano.a(libc_a-signalr.o)
                0x08008604                _kill_r
 .text._getpid_r
                0x08008628        0x4 /opt/ST/STM32CubeCLT_1.16.0/GNU-tools-for-STM32/bin/../lib/gcc/arm-none-eabi/12.3.1/../../../../arm-none-eabi/lib/thumb/v7e-m+fp/hard/libc_nano.a(libc_a-signalr.o)
                0x08008628                _getpid_r
 *fill*         0x0800862c        0x4 
 .text.cos      0x08008630       0xa8 /opt/ST/STM32CubeCLT_1.16.0/GNU-tools-for-STM32/bin/../lib/gcc/arm-none-eabi/12.3.1/../../../../arm-none-eabi/lib/thumb/v7e-m+fp/hard/libm.a(libm_a-s_cos.o)
                0x08008630                cos
 .text.__ieee754_rem_pio2
                0x080086d8      0x3f8 /opt/ST/STM32CubeCLT_1.16.0/GNU-tools-for-STM32/bin/../lib/gcc/arm-none-eabi/12.3.1/../../../../arm-none-eabi/lib/thumb/v7e-m+fp/hard/libm.a(libm_a-e_rem_pio2.o)
                0x080086d8                __ieee754_rem_pio2
 .text.__kernel_rem_pio2
                0x08008ad0      0x6b0 /opt/ST/STM32CubeCLT_1.16.0/GNU-tools-for-STM32/bin/../lib/gcc/arm-none-eabi/12.3.1/../../../../arm-none-eabi/lib/thumb/v7e-m+fp/hard/libm.a(libm_a-k_rem_pio2.o)
                0x08008ad0                __kernel_rem_pio2
 .text.__kernel_cos
                0x08009180      0x18c /opt/ST/STM32CubeCLT_1.16.0/GNU-tools-for-STM32/bin/../lib/gcc/arm-none-eabi/12.3.1/../../../../arm-none-eabi/lib/thumb/v7e-m+fp/hard/libm.a(libm_a-k_cos.o)
                0x08009180                __kernel_cos
 *fill*         0x0800930c        0x4 
 .text.__kernel_sin
                0x08009310      0x174 /opt/ST/STM32CubeCLT_1.16.0/GNU-tools-for-STM32/bin/../lib/gcc/arm-none-eabi/12.3.1/../../../../arm-none-eabi/lib/thumb/v7e-m+fp/hard/libm.a(libm_a-k_sin.o)
                0x08009310                __kernel_sin
 .text.fabs     0x08009484       0x10 /opt/ST/STM32CubeCLT_1.16.0/GNU-tools-for-STM32/bin/../lib/gcc/arm-none-eabi/12.3.1/../../../../arm-none-eabi/lib/thumb/v7e-m+fp/hard/libm.a(libm_a-s_fabs.o)
                0x08009484                fabs
 *fill*         0x08009494        0x4 
 .text.scalbn   0x08009498       0xfc /opt/ST/STM32CubeCLT_1.16.0/GNU-tools-for-STM32/bin/../lib/gcc/arm-none-eabi/12.3.1/../../../../arm-none-eabi/lib/thumb/v7e-m+fp/hard/libm.a(libm_a-s_scalbn.o)
                0x08009498                scalbn
 *fill*         0x08009594        0x4 
 .text.floor    0x08009598       0xf8 /opt/ST/STM32CubeCLT_1.16.0/GNU-tools-for-STM32/bin/../lib/gcc/arm-none-eabi/12.3.1/../../../../arm-none-eabi/lib/thumb/v7e-m+fp/hard/libm.a(libm_a-s_floor.o)
                0x08009598                floor
 *(.glue_7)
 .glue_7        0x08009690        0x0 linker stubs
 *(.glue_7t)
 .glue_7t       0x08009690        0x0 linker stubs
 *(.eh_frame)
 .eh_frame      0x08009690        0x0 /opt/ST/STM32CubeCLT_1.16.0/GNU-tools-for-STM32/bin/../lib/gcc/arm-none-eabi/12.3.1/thumb/v7e-m+fp/hard/crtbegin.o
 *(.init)
 .init          0x08009690        0x4 /opt/ST/STM32CubeCLT_1.16.0/GNU-tools-for-STM32/bin/../lib/gcc/arm-none-eabi/12.3.1/thumb/v7e-m+fp/hard/crti.o
                0x08009690                _init
 .init          0x08009694        0x8 /opt/ST/STM32CubeCLT_1.16.0/GNU-tools-for-STM32/bin/../lib/gcc/arm-none-eabi/12.3.1/thumb/v7e-m+fp/hard/crtn.o
 *(.fini)
 .fini          0x0800969c        0x4 /opt/ST/STM32CubeCLT_1.16.0/GNU-tools-for-STM32/bin/../lib/gcc/arm-none-eabi/12.3.1/thumb/v7e-m+fp/hard/crti.o
                0x0800969c                _fini
 .fini          0x080096a0        0x8 /opt/ST/STM32CubeCLT_1.16.0/GNU-tools-for-STM32/bin/../lib/gcc/arm-none-eabi/12.3.1/thumb/v7e-m+fp/hard/crtn.o
                0x080096a8                        . = ALIGN (0x4)
                0x080096a8                        _etext = .

.vfp11_veneer   0x080096a8        0x0
 .vfp11_veneer  0x080096a8        0x0 linker stubs

.v4_bx          0x080096a8        0x0
 .v4_bx         0x080096a8        0x0 linker stubs

.iplt           0x080096a8        0x0
 .iplt          0x080096a8        0x0 /opt/ST/STM32CubeCLT_1.16.0/GNU-tools-for-STM32/bin/../lib/gcc/arm-none-eabi/12.3.1/thumb/v7e-m+fp/hard/crtbegin.o

.rodata         0x080096a8      0x5e0
                0x080096a8                        . = ALIGN (0x4)
 *(.rodata)
 *(.rodata*)
 .rodata.main.str1.4
                0x080096a8       0x5f build/main.o
 *fill*         0x08009707        0x1 
 .rodata.aPredivFactorTable
                0x08009708       0x10 build/stm32f3xx_hal_rcc.o
 .rodata.aPLLMULFactorTable
                0x08009718       0x10 build/stm32f3xx_hal_rcc.o
 .rodata.APBPrescTable
                0x08009728        0x8 build/system_stm32f3xx.o
                0x08009728                APBPrescTable
 .rodata.AHBPrescTable
                0x08009730       0x10 build/system_stm32f3xx.o
                0x08009730                AHBPrescTable
 .rodata._printf_float.str1.1
                0x08009740       0x12 /opt/ST/STM32CubeCLT_1.16.0/GNU-tools-for-STM32/bin/../lib/gcc/arm-none-eabi/12.3.1/../../../../arm-none-eabi/lib/thumb/v7e-m+fp/hard/libc_nano.a(libc_a-nano-vfprintf_float.o)
 .rodata._printf_i.str1.1
                0x08009752       0x22 /opt/ST/STM32CubeCLT_1.16.0/GNU-tools-for-STM32/bin/../lib/gcc/arm-none-eabi/12.3.1/../../../../arm-none-eabi/lib/thumb/v7e-m+fp/hard/libc_nano.a(libc_a-nano-vfprintf_i.o)
 .rodata._dtoa_r.str1.1
                0x08009774       0x8d /opt/ST/STM32CubeCLT_1.16.0/GNU-tools-for-STM32/bin/../lib/gcc/arm-none-eabi/12.3.1/../../../../arm-none-eabi/lib/thumb/v7e-m+fp/hard/libc_nano.a(libc_a-dtoa.o)
                                 0x8f (size before relaxing)
 .rodata._vfprintf_r.str1.1
                0x08009801       0x11 /opt/ST/STM32CubeCLT_1.16.0/GNU-tools-for-STM32/bin/../lib/gcc/arm-none-eabi/12.3.1/../../../../arm-none-eabi/lib/thumb/v7e-m+fp/hard/libc_nano.a(libc_a-nano-vfprintf.o)
 .rodata._Balloc.str1.1
                0x08009812       0x59 /opt/ST/STM32CubeCLT_1.16.0/GNU-tools-for-STM32/bin/../lib/gcc/arm-none-eabi/12.3.1/../../../../arm-none-eabi/lib/thumb/v7e-m+fp/hard/libc_nano.a(libc_a-mprec.o)
                                 0x70 (size before relaxing)
 .rodata.__multadd.str1.1
                0x0800986b       0x11 /opt/ST/STM32CubeCLT_1.16.0/GNU-tools-for-STM32/bin/../lib/gcc/arm-none-eabi/12.3.1/../../../../arm-none-eabi/lib/thumb/v7e-m+fp/hard/libc_nano.a(libc_a-mprec.o)
 *fill*         0x0800986b        0x1 
 .rodata.p05.0  0x0800986c        0xc /opt/ST/STM32CubeCLT_1.16.0/GNU-tools-for-STM32/bin/../lib/gcc/arm-none-eabi/12.3.1/../../../../arm-none-eabi/lib/thumb/v7e-m+fp/hard/libc_nano.a(libc_a-mprec.o)
 .rodata.__mprec_bigtens
                0x08009878       0x28 /opt/ST/STM32CubeCLT_1.16.0/GNU-tools-for-STM32/bin/../lib/gcc/arm-none-eabi/12.3.1/../../../../arm-none-eabi/lib/thumb/v7e-m+fp/hard/libc_nano.a(libc_a-mprec.o)
                0x08009878                __mprec_bigtens
 .rodata.__mprec_tens
                0x080098a0       0xc8 /opt/ST/STM32CubeCLT_1.16.0/GNU-tools-for-STM32/bin/../lib/gcc/arm-none-eabi/12.3.1/../../../../arm-none-eabi/lib/thumb/v7e-m+fp/hard/libc_nano.a(libc_a-mprec.o)
                0x080098a0                __mprec_tens
 .rodata._setlocale_r.str1.1
                0x08009968        0x8 /opt/ST/STM32CubeCLT_1.16.0/GNU-tools-for-STM32/bin/../lib/gcc/arm-none-eabi/12.3.1/../../../../arm-none-eabi/lib/thumb/v7e-m+fp/hard/libc_nano.a(libc_a-locale.o)
                                  0x9 (size before relaxing)
 .rodata.str1.1
                0x08009970        0x2 /opt/ST/STM32CubeCLT_1.16.0/GNU-tools-for-STM32/bin/../lib/gcc/arm-none-eabi/12.3.1/../../../../arm-none-eabi/lib/thumb/v7e-m+fp/hard/libc_nano.a(libc_a-locale.o)
 .rodata._ctype_
                0x08009972      0x101 /opt/ST/STM32CubeCLT_1.16.0/GNU-tools-for-STM32/bin/../lib/gcc/arm-none-eabi/12.3.1/../../../../arm-none-eabi/lib/thumb/v7e-m+fp/hard/libc_nano.a(libc_a-ctype_.o)
                0x08009972                _ctype_
 .rodata.__assert_func.str1.1
                0x08009a73       0x3c /opt/ST/STM32CubeCLT_1.16.0/GNU-tools-for-STM32/bin/../lib/gcc/arm-none-eabi/12.3.1/../../../../arm-none-eabi/lib/thumb/v7e-m+fp/hard/libc_nano.a(libc_a-assert.o)
                                 0x3d (size before relaxing)
 *fill*         0x08009aaf        0x1 
 .rodata.npio2_hw
                0x08009ab0       0x80 /opt/ST/STM32CubeCLT_1.16.0/GNU-tools-for-STM32/bin/../lib/gcc/arm-none-eabi/12.3.1/../../../../arm-none-eabi/lib/thumb/v7e-m+fp/hard/libm.a(libm_a-e_rem_pio2.o)
 .rodata.two_over_pi
                0x08009b30      0x108 /opt/ST/STM32CubeCLT_1.16.0/GNU-tools-for-STM32/bin/../lib/gcc/arm-none-eabi/12.3.1/../../../../arm-none-eabi/lib/thumb/v7e-m+fp/hard/libm.a(libm_a-e_rem_pio2.o)
 .rodata.PIo2   0x08009c38       0x40 /opt/ST/STM32CubeCLT_1.16.0/GNU-tools-for-STM32/bin/../lib/gcc/arm-none-eabi/12.3.1/../../../../arm-none-eabi/lib/thumb/v7e-m+fp/hard/libm.a(libm_a-k_rem_pio2.o)
 .rodata.init_jk
                0x08009c78       0x10 /opt/ST/STM32CubeCLT_1.16.0/GNU-tools-for-STM32/bin/../lib/gcc/arm-none-eabi/12.3.1/../../../../arm-none-eabi/lib/thumb/v7e-m+fp/hard/libm.a(libm_a-k_rem_pio2.o)
                0x08009c88                        . = ALIGN (0x4)

.ARM.extab
 *(.ARM.extab* .gnu.linkonce.armextab.*)

.ARM            0x08009c88        0x8
                0x08009c88                        __exidx_start = .
 *(.ARM.exidx*)
 .ARM.exidx     0x08009c88        0x8 /opt/ST/STM32CubeCLT_1.16.0/GNU-tools-for-STM32/bin/../lib/gcc/arm-none-eabi/12.3.1/../../../../arm-none-eabi/lib/thumb/v7e-m+fp/hard/libc_nano.a(libc_a-memchr.o)
 .ARM.exidx     0x08009c90        0x0 /opt/ST/STM32CubeCLT_1.16.0/GNU-tools-for-STM32/bin/../lib/gcc/arm-none-eabi/12.3.1/../../../../arm-none-eabi/lib/thumb/v7e-m+fp/hard/libc_nano.a(libc_a-strlen.o)
                                  0x8 (size before relaxing)
                0x08009c90                        __exidx_end = .

.rel.dyn        0x08009c90        0x0
 .rel.iplt      0x08009c90        0x0 /opt/ST/STM32CubeCLT_1.16.0/GNU-tools-for-STM32/bin/../lib/gcc/arm-none-eabi/12.3.1/thumb/v7e-m+fp/hard/crtbegin.o

.preinit_array  0x08009c90        0x0
                0x08009c90                        PROVIDE (__preinit_array_start = .)
 *(.preinit_array*)
                0x08009c90                        PROVIDE (__preinit_array_end = .)

.init_array     0x08009c90        0x4
                0x08009c90                        PROVIDE (__init_array_start = .)
 *(SORT_BY_NAME(.init_array.*))
 *(.init_array*)
 .init_array    0x08009c90        0x4 /opt/ST/STM32CubeCLT_1.16.0/GNU-tools-for-STM32/bin/../lib/gcc/arm-none-eabi/12.3.1/thumb/v7e-m+fp/hard/crtbegin.o
                0x08009c94                        PROVIDE (__init_array_end = .)

.fini_array     0x08009c94        0x4
                [!provide]                        PROVIDE (__fini_array_start = .)
 *(SORT_BY_NAME(.fini_array.*))
 *(.fini_array*)
 .fini_array    0x08009c94        0x4 /opt/ST/STM32CubeCLT_1.16.0/GNU-tools-for-STM32/bin/../lib/gcc/arm-none-eabi/12.3.1/thumb/v7e-m+fp/hard/crtbegin.o
                [!provide]                        PROVIDE (__fini_array_end = .)
                0x08009c98                        _sidata = LOADADDR (.data)

.data           0x20000000      0x1d4 load address 0x08009c98
                0x20000000                        . = ALIGN (0x4)
                0x20000000                        _sdata = .
 *(.data)
 *(.data*)
 .data.isReleased
                0x20000000        0x1 build/main.o
                0x20000000                isReleased
 .data.uwTickFreq
                0x20000001        0x1 build/stm32f3xx_hal.o
                0x20000001                uwTickFreq
 *fill*         0x20000002        0x2 
 .data.uwTickPrio
                0x20000004        0x4 build/stm32f3xx_hal.o
                0x20000004                uwTickPrio
 .data.SystemCoreClock
                0x20000008        0x4 build/system_stm32f3xx.o
                0x20000008                SystemCoreClock
 .data.__sglue  0x2000000c        0xc /opt/ST/STM32CubeCLT_1.16.0/GNU-tools-for-STM32/bin/../lib/gcc/arm-none-eabi/12.3.1/../../../../arm-none-eabi/lib/thumb/v7e-m+fp/hard/libc_nano.a(libc_a-findfp.o)
                0x2000000c                __sglue
 .data._impure_ptr
                0x20000018        0x4 /opt/ST/STM32CubeCLT_1.16.0/GNU-tools-for-STM32/bin/../lib/gcc/arm-none-eabi/12.3.1/../../../../arm-none-eabi/lib/thumb/v7e-m+fp/hard/libc_nano.a(libc_a-impure.o)
                0x20000018                _impure_ptr
 .data._impure_data
                0x2000001c       0x4c /opt/ST/STM32CubeCLT_1.16.0/GNU-tools-for-STM32/bin/../lib/gcc/arm-none-eabi/12.3.1/../../../../arm-none-eabi/lib/thumb/v7e-m+fp/hard/libc_nano.a(libc_a-impure.o)
                0x2000001c                _impure_data
 .data.__global_locale
                0x20000068      0x16c /opt/ST/STM32CubeCLT_1.16.0/GNU-tools-for-STM32/bin/../lib/gcc/arm-none-eabi/12.3.1/../../../../arm-none-eabi/lib/thumb/v7e-m+fp/hard/libc_nano.a(libc_a-locale.o)
                0x20000068                __global_locale
                0x200001d4                        . = ALIGN (0x4)
                0x200001d4                        _edata = .
                0x08009e6c                        _siccmram = LOADADDR (.ccmram)

.igot.plt       0x200001d4        0x0 load address 0x08009e6c
 .igot.plt      0x200001d4        0x0 /opt/ST/STM32CubeCLT_1.16.0/GNU-tools-for-STM32/bin/../lib/gcc/arm-none-eabi/12.3.1/thumb/v7e-m+fp/hard/crtbegin.o

.ccmram         0x10000000        0x0 load address 0x08009e6c
                0x10000000                        . = ALIGN (0x4)
                0x10000000                        _sccmram = .
 *(.ccmram)
 *(.ccmram*)
                0x10000000                        . = ALIGN (0x4)
                0x10000000                        _eccmram = .
                0x10000000                        . = ALIGN (0x4)

.bss            0x200001d4     0x2044
                0x200001d4                        _sbss = .
                0x200001d4                        __bss_start__ = _sbss
 *(.bss)
 .bss           0x200001d4       0x1c /opt/ST/STM32CubeCLT_1.16.0/GNU-tools-for-STM32/bin/../lib/gcc/arm-none-eabi/12.3.1/thumb/v7e-m+fp/hard/crtbegin.o
 *(.bss*)
 .bss.dmi       0x200001f0      0x418 build/dma_printf.o
                0x200001f0                dmi
 .bss.dsi       0x20000608      0x410 build/dma_scanf.o
                0x20000608                dsi
 .bss.int_err_vel.0
                0x20000a18        0x4 build/main.o
 .bss.old_real_angle.1
                0x20000a1c        0x2 build/main.o
 .bss.count.2   0x20000a1e        0x1 build/main.o
 *fill*         0x20000a1f        0x1 
 .bss.pwm       0x20000a20        0x2 build/main.o
                0x20000a20                pwm
 .bss.velocity_ref
                0x20000a22        0x2 build/main.o
                0x20000a22                velocity_ref
 .bss.velocity  0x20000a24        0x2 build/main.o
                0x20000a24                velocity
 *fill*         0x20000a26        0x2 
 .bss.adcBuffer
                0x20000a28        0x6 build/main.o
                0x20000a28                adcBuffer
 *fill*         0x20000a2e        0x2 
 .bss.cos_table
                0x20000a30     0x1248 build/main.o
                0x20000a30                cos_table
 .bss.offset    0x20001c78        0x4 build/main.o
                0x20001c78                offset
 .bss.htim16    0x20001c7c       0x4c build/tim.o
                0x20001c7c                htim16
 .bss.htim3     0x20001cc8       0x4c build/tim.o
                0x20001cc8                htim3
 .bss.htim2     0x20001d14       0x4c build/tim.o
                0x20001d14                htim2
 .bss.htim1     0x20001d60       0x4c build/tim.o
                0x20001d60                htim1
 .bss.uwTick    0x20001dac        0x4 build/stm32f3xx_hal.o
                0x20001dac                uwTick
 .bss.__sbrk_heap_end
                0x20001db0        0x4 build/sysmem.o
 .bss.hspi1     0x20001db4       0x64 build/spi.o
                0x20001db4                hspi1
 .bss.hdma_usart2_tx
                0x20001e18       0x44 build/usart.o
                0x20001e18                hdma_usart2_tx
 .bss.hdma_usart2_rx
                0x20001e5c       0x44 build/usart.o
                0x20001e5c                hdma_usart2_rx
 .bss.hdma_usart1_tx
                0x20001ea0       0x44 build/usart.o
                0x20001ea0                hdma_usart1_tx
 .bss.hdma_usart1_rx
                0x20001ee4       0x44 build/usart.o
                0x20001ee4                hdma_usart1_rx
 .bss.huart2    0x20001f28       0x88 build/usart.o
                0x20001f28                huart2
 .bss.huart1    0x20001fb0       0x88 build/usart.o
                0x20001fb0                huart1
 .bss.hdma_adc1
                0x20002038       0x44 build/adc.o
                0x20002038                hdma_adc1
 .bss.hadc1     0x2000207c       0x50 build/adc.o
                0x2000207c                hadc1
 .bss.__sf      0x200020cc      0x138 /opt/ST/STM32CubeCLT_1.16.0/GNU-tools-for-STM32/bin/../lib/gcc/arm-none-eabi/12.3.1/../../../../arm-none-eabi/lib/thumb/v7e-m+fp/hard/libc_nano.a(libc_a-findfp.o)
                0x200020cc                __sf
 .bss.__stdio_exit_handler
                0x20002204        0x4 /opt/ST/STM32CubeCLT_1.16.0/GNU-tools-for-STM32/bin/../lib/gcc/arm-none-eabi/12.3.1/../../../../arm-none-eabi/lib/thumb/v7e-m+fp/hard/libc_nano.a(libc_a-findfp.o)
                0x20002204                __stdio_exit_handler
 .bss.__lock___malloc_recursive_mutex
                0x20002208        0x1 /opt/ST/STM32CubeCLT_1.16.0/GNU-tools-for-STM32/bin/../lib/gcc/arm-none-eabi/12.3.1/../../../../arm-none-eabi/lib/thumb/v7e-m+fp/hard/libc_nano.a(libc_a-lock.o)
                0x20002208                __lock___malloc_recursive_mutex
 .bss.__lock___sfp_recursive_mutex
                0x20002209        0x1 /opt/ST/STM32CubeCLT_1.16.0/GNU-tools-for-STM32/bin/../lib/gcc/arm-none-eabi/12.3.1/../../../../arm-none-eabi/lib/thumb/v7e-m+fp/hard/libc_nano.a(libc_a-lock.o)
                0x20002209                __lock___sfp_recursive_mutex
 *fill*         0x2000220a        0x2 
 .bss.__malloc_sbrk_start
                0x2000220c        0x4 /opt/ST/STM32CubeCLT_1.16.0/GNU-tools-for-STM32/bin/../lib/gcc/arm-none-eabi/12.3.1/../../../../arm-none-eabi/lib/thumb/v7e-m+fp/hard/libc_nano.a(libc_a-mallocr.o)
                0x2000220c                __malloc_sbrk_start
 .bss.__malloc_free_list
                0x20002210        0x4 /opt/ST/STM32CubeCLT_1.16.0/GNU-tools-for-STM32/bin/../lib/gcc/arm-none-eabi/12.3.1/../../../../arm-none-eabi/lib/thumb/v7e-m+fp/hard/libc_nano.a(libc_a-mallocr.o)
                0x20002210                __malloc_free_list
 .bss.errno     0x20002214        0x4 /opt/ST/STM32CubeCLT_1.16.0/GNU-tools-for-STM32/bin/../lib/gcc/arm-none-eabi/12.3.1/../../../../arm-none-eabi/lib/thumb/v7e-m+fp/hard/libc_nano.a(libc_a-reent.o)
                0x20002214                errno
 *(COMMON)
                0x20002218                        . = ALIGN (0x4)
                0x20002218                        _ebss = .
                0x20002218                        __bss_end__ = _ebss

._user_heap_stack
                0x20002218      0x600
                0x20002218                        . = ALIGN (0x8)
                [!provide]                        PROVIDE (end = .)
                0x20002218                        PROVIDE (_end = .)
                0x20002418                        . = (. + _Min_Heap_Size)
 *fill*         0x20002218      0x200 
                0x20002818                        . = (. + _Min_Stack_Size)
 *fill*         0x20002418      0x400 
                0x20002818                        . = ALIGN (0x8)

/DISCARD/
 libc.a(*)
 libm.a(*)
 libgcc.a(*)

.ARM.attributes
                0x00000000       0x30
 *(.ARM.attributes)
 .ARM.attributes
                0x00000000       0x22 /opt/ST/STM32CubeCLT_1.16.0/GNU-tools-for-STM32/bin/../lib/gcc/arm-none-eabi/12.3.1/thumb/v7e-m+fp/hard/crti.o
 .ARM.attributes
                0x00000022       0x34 /opt/ST/STM32CubeCLT_1.16.0/GNU-tools-for-STM32/bin/../lib/gcc/arm-none-eabi/12.3.1/thumb/v7e-m+fp/hard/crtbegin.o
 .ARM.attributes
                0x00000056       0x34 build/dma_printf.o
 .ARM.attributes
                0x0000008a       0x34 build/dma_scanf.o
 .ARM.attributes
                0x000000be       0x34 build/dma_ring.o
 .ARM.attributes
                0x000000f2       0x34 build/main.o
 .ARM.attributes
                0x00000126       0x34 build/gpio.o
 .ARM.attributes
                0x0000015a       0x34 build/tim.o
 .ARM.attributes
                0x0000018e       0x34 build/stm32f3xx_it.o
 .ARM.attributes
                0x000001c2       0x34 build/stm32f3xx_hal_msp.o
 .ARM.attributes
                0x000001f6       0x34 build/stm32f3xx_hal_tim.o
 .ARM.attributes
                0x0000022a       0x34 build/stm32f3xx_hal_tim_ex.o
 .ARM.attributes
                0x0000025e       0x34 build/stm32f3xx_hal.o
 .ARM.attributes
                0x00000292       0x34 build/stm32f3xx_hal_rcc.o
 .ARM.attributes
                0x000002c6       0x34 build/stm32f3xx_hal_rcc_ex.o
 .ARM.attributes
                0x000002fa       0x34 build/stm32f3xx_hal_gpio.o
 .ARM.attributes
                0x0000032e       0x34 build/stm32f3xx_hal_dma.o
 .ARM.attributes
                0x00000362       0x34 build/stm32f3xx_hal_cortex.o
 .ARM.attributes
                0x00000396       0x34 build/stm32f3xx_hal_i2c_ex.o
 .ARM.attributes
                0x000003ca       0x34 build/system_stm32f3xx.o
 .ARM.attributes
                0x000003fe       0x34 build/sysmem.o
 .ARM.attributes
                0x00000432       0x34 build/syscalls.o
 .ARM.attributes
                0x00000466       0x34 build/spi.o
 .ARM.attributes
                0x0000049a       0x34 build/stm32f3xx_hal_spi.o
 .ARM.attributes
                0x000004ce       0x34 build/usart.o
 .ARM.attributes
                0x00000502       0x34 build/stm32f3xx_hal_uart.o
 .ARM.attributes
                0x00000536       0x34 build/stm32f3xx_hal_uart_ex.o
 .ARM.attributes
                0x0000056a       0x34 build/dma.o
 .ARM.attributes
                0x0000059e       0x34 build/adc.o
 .ARM.attributes
                0x000005d2       0x34 build/stm32f3xx_hal_adc.o
 .ARM.attributes
                0x00000606       0x34 build/stm32f3xx_hal_adc_ex.o
 .ARM.attributes
                0x0000063a       0x21 build/startup_stm32f303x8.o
 .ARM.attributes
                0x0000065b       0x34 /opt/ST/STM32CubeCLT_1.16.0/GNU-tools-for-STM32/bin/../lib/gcc/arm-none-eabi/12.3.1/../../../../arm-none-eabi/lib/thumb/v7e-m+fp/hard/libc_nano.a(libc_a-nano-vfprintf_float.o)
 .ARM.attributes
                0x0000068f       0x34 /opt/ST/STM32CubeCLT_1.16.0/GNU-tools-for-STM32/bin/../lib/gcc/arm-none-eabi/12.3.1/../../../../arm-none-eabi/lib/thumb/v7e-m+fp/hard/libc_nano.a(libc_a-nano-vfprintf_i.o)
 .ARM.attributes
                0x000006c3       0x34 /opt/ST/STM32CubeCLT_1.16.0/GNU-tools-for-STM32/bin/../lib/gcc/arm-none-eabi/12.3.1/../../../../arm-none-eabi/lib/thumb/v7e-m+fp/hard/libc_nano.a(libc_a-setbuf.o)
 .ARM.attributes
                0x000006f7       0x34 /opt/ST/STM32CubeCLT_1.16.0/GNU-tools-for-STM32/bin/../lib/gcc/arm-none-eabi/12.3.1/../../../../arm-none-eabi/lib/thumb/v7e-m+fp/hard/libc_nano.a(libc_a-setvbuf.o)
 .ARM.attributes
                0x0000072b       0x34 /opt/ST/STM32CubeCLT_1.16.0/GNU-tools-for-STM32/bin/../lib/gcc/arm-none-eabi/12.3.1/../../../../arm-none-eabi/lib/thumb/v7e-m+fp/hard/libc_nano.a(libc_a-findfp.o)
 .ARM.attributes
                0x0000075f       0x34 /opt/ST/STM32CubeCLT_1.16.0/GNU-tools-for-STM32/bin/../lib/gcc/arm-none-eabi/12.3.1/../../../../arm-none-eabi/lib/thumb/v7e-m+fp/hard/libc_nano.a(libc_a-fwalk.o)
 .ARM.attributes
                0x00000793       0x34 /opt/ST/STM32CubeCLT_1.16.0/GNU-tools-for-STM32/bin/../lib/gcc/arm-none-eabi/12.3.1/../../../../arm-none-eabi/lib/thumb/v7e-m+fp/hard/libc_nano.a(libc_a-makebuf.o)
 .ARM.attributes
                0x000007c7       0x34 /opt/ST/STM32CubeCLT_1.16.0/GNU-tools-for-STM32/bin/../lib/gcc/arm-none-eabi/12.3.1/../../../../arm-none-eabi/lib/thumb/v7e-m+fp/hard/libc_nano.a(libc_a-printf.o)
 .ARM.attributes
                0x000007fb       0x34 /opt/ST/STM32CubeCLT_1.16.0/GNU-tools-for-STM32/bin/../lib/gcc/arm-none-eabi/12.3.1/../../../../arm-none-eabi/lib/thumb/v7e-m+fp/hard/libc_nano.a(libc_a-puts.o)
 .ARM.attributes
                0x0000082f       0x34 /opt/ST/STM32CubeCLT_1.16.0/GNU-tools-for-STM32/bin/../lib/gcc/arm-none-eabi/12.3.1/../../../../arm-none-eabi/lib/thumb/v7e-m+fp/hard/libc_nano.a(libc_a-memset.o)
 .ARM.attributes
                0x00000863       0x34 /opt/ST/STM32CubeCLT_1.16.0/GNU-tools-for-STM32/bin/../lib/gcc/arm-none-eabi/12.3.1/../../../../arm-none-eabi/lib/thumb/v7e-m+fp/hard/libc_nano.a(libc_a-localeconv.o)
 .ARM.attributes
                0x00000897       0x34 /opt/ST/STM32CubeCLT_1.16.0/GNU-tools-for-STM32/bin/../lib/gcc/arm-none-eabi/12.3.1/../../../../arm-none-eabi/lib/thumb/v7e-m+fp/hard/libc_nano.a(libc_a-impure.o)
 .ARM.attributes
                0x000008cb       0x34 /opt/ST/STM32CubeCLT_1.16.0/GNU-tools-for-STM32/bin/../lib/gcc/arm-none-eabi/12.3.1/../../../../arm-none-eabi/lib/thumb/v7e-m+fp/hard/libc_nano.a(libc_a-fstatr.o)
 .ARM.attributes
                0x000008ff       0x34 /opt/ST/STM32CubeCLT_1.16.0/GNU-tools-for-STM32/bin/../lib/gcc/arm-none-eabi/12.3.1/../../../../arm-none-eabi/lib/thumb/v7e-m+fp/hard/libc_nano.a(libc_a-isattyr.o)
 .ARM.attributes
                0x00000933       0x34 /opt/ST/STM32CubeCLT_1.16.0/GNU-tools-for-STM32/bin/../lib/gcc/arm-none-eabi/12.3.1/../../../../arm-none-eabi/lib/thumb/v7e-m+fp/hard/libc_nano.a(libc_a-errno.o)
 .ARM.attributes
                0x00000967       0x34 /opt/ST/STM32CubeCLT_1.16.0/GNU-tools-for-STM32/bin/../lib/gcc/arm-none-eabi/12.3.1/../../../../arm-none-eabi/lib/thumb/v7e-m+fp/hard/libc_nano.a(libc_a-init.o)
 .ARM.attributes
                0x0000099b       0x34 /opt/ST/STM32CubeCLT_1.16.0/GNU-tools-for-STM32/bin/../lib/gcc/arm-none-eabi/12.3.1/../../../../arm-none-eabi/lib/thumb/v7e-m+fp/hard/libc_nano.a(libc_a-lock.o)
 .ARM.attributes
                0x000009cf       0x1c /opt/ST/STM32CubeCLT_1.16.0/GNU-tools-for-STM32/bin/../lib/gcc/arm-none-eabi/12.3.1/../../../../arm-none-eabi/lib/thumb/v7e-m+fp/hard/libc_nano.a(libc_a-memchr.o)
 .ARM.attributes
                0x000009eb       0x17 /opt/ST/STM32CubeCLT_1.16.0/GNU-tools-for-STM32/bin/../lib/gcc/arm-none-eabi/12.3.1/../../../../arm-none-eabi/lib/thumb/v7e-m+fp/hard/libc_nano.a(libc_a-strlen.o)
 .ARM.attributes
                0x00000a02       0x34 /opt/ST/STM32CubeCLT_1.16.0/GNU-tools-for-STM32/bin/../lib/gcc/arm-none-eabi/12.3.1/../../../../arm-none-eabi/lib/thumb/v7e-m+fp/hard/libc_nano.a(libc_a-dtoa.o)
 .ARM.attributes
                0x00000a36       0x34 /opt/ST/STM32CubeCLT_1.16.0/GNU-tools-for-STM32/bin/../lib/gcc/arm-none-eabi/12.3.1/../../../../arm-none-eabi/lib/thumb/v7e-m+fp/hard/libc_nano.a(libc_a-freer.o)
 .ARM.attributes
                0x00000a6a       0x34 /opt/ST/STM32CubeCLT_1.16.0/GNU-tools-for-STM32/bin/../lib/gcc/arm-none-eabi/12.3.1/../../../../arm-none-eabi/lib/thumb/v7e-m+fp/hard/libc_nano.a(libc_a-nano-vfprintf.o)
 .ARM.attributes
                0x00000a9e       0x34 /opt/ST/STM32CubeCLT_1.16.0/GNU-tools-for-STM32/bin/../lib/gcc/arm-none-eabi/12.3.1/../../../../arm-none-eabi/lib/thumb/v7e-m+fp/hard/libc_nano.a(libc_a-malloc.o)
 .ARM.attributes
                0x00000ad2       0x34 /opt/ST/STM32CubeCLT_1.16.0/GNU-tools-for-STM32/bin/../lib/gcc/arm-none-eabi/12.3.1/../../../../arm-none-eabi/lib/thumb/v7e-m+fp/hard/libc_nano.a(libc_a-mallocr.o)
 .ARM.attributes
                0x00000b06       0x34 /opt/ST/STM32CubeCLT_1.16.0/GNU-tools-for-STM32/bin/../lib/gcc/arm-none-eabi/12.3.1/../../../../arm-none-eabi/lib/thumb/v7e-m+fp/hard/libc_nano.a(libc_a-fflush.o)
 .ARM.attributes
                0x00000b3a       0x34 /opt/ST/STM32CubeCLT_1.16.0/GNU-tools-for-STM32/bin/../lib/gcc/arm-none-eabi/12.3.1/../../../../arm-none-eabi/lib/thumb/v7e-m+fp/hard/libc_nano.a(libc_a-mlock.o)
 .ARM.attributes
                0x00000b6e       0x34 /opt/ST/STM32CubeCLT_1.16.0/GNU-tools-for-STM32/bin/../lib/gcc/arm-none-eabi/12.3.1/../../../../arm-none-eabi/lib/thumb/v7e-m+fp/hard/libc_nano.a(libc_a-mprec.o)
 .ARM.attributes
                0x00000ba2       0x34 /opt/ST/STM32CubeCLT_1.16.0/GNU-tools-for-STM32/bin/../lib/gcc/arm-none-eabi/12.3.1/../../../../arm-none-eabi/lib/thumb/v7e-m+fp/hard/libc_nano.a(libc_a-stdio.o)
 .ARM.attributes
                0x00000bd6       0x34 /opt/ST/STM32CubeCLT_1.16.0/GNU-tools-for-STM32/bin/../lib/gcc/arm-none-eabi/12.3.1/../../../../arm-none-eabi/lib/thumb/v7e-m+fp/hard/libc_nano.a(libc_a-wbuf.o)
 .ARM.attributes
                0x00000c0a       0x34 /opt/ST/STM32CubeCLT_1.16.0/GNU-tools-for-STM32/bin/../lib/gcc/arm-none-eabi/12.3.1/../../../../arm-none-eabi/lib/thumb/v7e-m+fp/hard/libc_nano.a(libc_a-wsetup.o)
 .ARM.attributes
                0x00000c3e       0x34 /opt/ST/STM32CubeCLT_1.16.0/GNU-tools-for-STM32/bin/../lib/gcc/arm-none-eabi/12.3.1/../../../../arm-none-eabi/lib/thumb/v7e-m+fp/hard/libc_nano.a(libc_a-locale.o)
 .ARM.attributes
                0x00000c72       0x34 /opt/ST/STM32CubeCLT_1.16.0/GNU-tools-for-STM32/bin/../lib/gcc/arm-none-eabi/12.3.1/../../../../arm-none-eabi/lib/thumb/v7e-m+fp/hard/libc_nano.a(libc_a-closer.o)
 .ARM.attributes
                0x00000ca6       0x34 /opt/ST/STM32CubeCLT_1.16.0/GNU-tools-for-STM32/bin/../lib/gcc/arm-none-eabi/12.3.1/../../../../arm-none-eabi/lib/thumb/v7e-m+fp/hard/libc_nano.a(libc_a-reent.o)
 .ARM.attributes
                0x00000cda       0x34 /opt/ST/STM32CubeCLT_1.16.0/GNU-tools-for-STM32/bin/../lib/gcc/arm-none-eabi/12.3.1/../../../../arm-none-eabi/lib/thumb/v7e-m+fp/hard/libc_nano.a(libc_a-lseekr.o)
 .ARM.attributes
                0x00000d0e       0x34 /opt/ST/STM32CubeCLT_1.16.0/GNU-tools-for-STM32/bin/../lib/gcc/arm-none-eabi/12.3.1/../../../../arm-none-eabi/lib/thumb/v7e-m+fp/hard/libc_nano.a(libc_a-readr.o)
 .ARM.attributes
                0x00000d42       0x34 /opt/ST/STM32CubeCLT_1.16.0/GNU-tools-for-STM32/bin/../lib/gcc/arm-none-eabi/12.3.1/../../../../arm-none-eabi/lib/thumb/v7e-m+fp/hard/libc_nano.a(libc_a-sbrkr.o)
 .ARM.attributes
                0x00000d76       0x34 /opt/ST/STM32CubeCLT_1.16.0/GNU-tools-for-STM32/bin/../lib/gcc/arm-none-eabi/12.3.1/../../../../arm-none-eabi/lib/thumb/v7e-m+fp/hard/libc_nano.a(libc_a-writer.o)
 .ARM.attributes
                0x00000daa       0x34 /opt/ST/STM32CubeCLT_1.16.0/GNU-tools-for-STM32/bin/../lib/gcc/arm-none-eabi/12.3.1/../../../../arm-none-eabi/lib/thumb/v7e-m+fp/hard/libc_nano.a(libc_a-memcpy-stub.o)
 .ARM.attributes
                0x00000dde       0x34 /opt/ST/STM32CubeCLT_1.16.0/GNU-tools-for-STM32/bin/../lib/gcc/arm-none-eabi/12.3.1/../../../../arm-none-eabi/lib/thumb/v7e-m+fp/hard/libc_nano.a(libc_a-ctype_.o)
 .ARM.attributes
                0x00000e12       0x34 /opt/ST/STM32CubeCLT_1.16.0/GNU-tools-for-STM32/bin/../lib/gcc/arm-none-eabi/12.3.1/../../../../arm-none-eabi/lib/thumb/v7e-m+fp/hard/libc_nano.a(libc_a-assert.o)
 .ARM.attributes
                0x00000e46       0x34 /opt/ST/STM32CubeCLT_1.16.0/GNU-tools-for-STM32/bin/../lib/gcc/arm-none-eabi/12.3.1/../../../../arm-none-eabi/lib/thumb/v7e-m+fp/hard/libc_nano.a(libc_a-callocr.o)
 .ARM.attributes
                0x00000e7a       0x34 /opt/ST/STM32CubeCLT_1.16.0/GNU-tools-for-STM32/bin/../lib/gcc/arm-none-eabi/12.3.1/../../../../arm-none-eabi/lib/thumb/v7e-m+fp/hard/libc_nano.a(libc_a-mbtowc_r.o)
 .ARM.attributes
                0x00000eae       0x34 /opt/ST/STM32CubeCLT_1.16.0/GNU-tools-for-STM32/bin/../lib/gcc/arm-none-eabi/12.3.1/../../../../arm-none-eabi/lib/thumb/v7e-m+fp/hard/libc_nano.a(libc_a-fprintf.o)
 .ARM.attributes
                0x00000ee2       0x34 /opt/ST/STM32CubeCLT_1.16.0/GNU-tools-for-STM32/bin/../lib/gcc/arm-none-eabi/12.3.1/../../../../arm-none-eabi/lib/thumb/v7e-m+fp/hard/libc_nano.a(libc_a-wctomb_r.o)
 .ARM.attributes
                0x00000f16       0x34 /opt/ST/STM32CubeCLT_1.16.0/GNU-tools-for-STM32/bin/../lib/gcc/arm-none-eabi/12.3.1/../../../../arm-none-eabi/lib/thumb/v7e-m+fp/hard/libc_nano.a(libc_a-abort.o)
 .ARM.attributes
                0x00000f4a       0x34 /opt/ST/STM32CubeCLT_1.16.0/GNU-tools-for-STM32/bin/../lib/gcc/arm-none-eabi/12.3.1/../../../../arm-none-eabi/lib/thumb/v7e-m+fp/hard/libc_nano.a(libc_a-signal.o)
 .ARM.attributes
                0x00000f7e       0x34 /opt/ST/STM32CubeCLT_1.16.0/GNU-tools-for-STM32/bin/../lib/gcc/arm-none-eabi/12.3.1/../../../../arm-none-eabi/lib/thumb/v7e-m+fp/hard/libc_nano.a(libc_a-signalr.o)
 .ARM.attributes
                0x00000fb2       0x34 /opt/ST/STM32CubeCLT_1.16.0/GNU-tools-for-STM32/bin/../lib/gcc/arm-none-eabi/12.3.1/../../../../arm-none-eabi/lib/thumb/v7e-m+fp/hard/libm.a(libm_a-s_cos.o)
 .ARM.attributes
                0x00000fe6       0x34 /opt/ST/STM32CubeCLT_1.16.0/GNU-tools-for-STM32/bin/../lib/gcc/arm-none-eabi/12.3.1/../../../../arm-none-eabi/lib/thumb/v7e-m+fp/hard/libm.a(libm_a-e_rem_pio2.o)
 .ARM.attributes
                0x0000101a       0x34 /opt/ST/STM32CubeCLT_1.16.0/GNU-tools-for-STM32/bin/../lib/gcc/arm-none-eabi/12.3.1/../../../../arm-none-eabi/lib/thumb/v7e-m+fp/hard/libm.a(libm_a-k_rem_pio2.o)
 .ARM.attributes
                0x0000104e       0x34 /opt/ST/STM32CubeCLT_1.16.0/GNU-tools-for-STM32/bin/../lib/gcc/arm-none-eabi/12.3.1/../../../../arm-none-eabi/lib/thumb/v7e-m+fp/hard/libm.a(libm_a-k_cos.o)
 .ARM.attributes
                0x00001082       0x34 /opt/ST/STM32CubeCLT_1.16.0/GNU-tools-for-STM32/bin/../lib/gcc/arm-none-eabi/12.3.1/../../../../arm-none-eabi/lib/thumb/v7e-m+fp/hard/libm.a(libm_a-k_sin.o)
 .ARM.attributes
                0x000010b6       0x34 /opt/ST/STM32CubeCLT_1.16.0/GNU-tools-for-STM32/bin/../lib/gcc/arm-none-eabi/12.3.1/../../../../arm-none-eabi/lib/thumb/v7e-m+fp/hard/libm.a(libm_a-s_fabs.o)
 .ARM.attributes
                0x000010ea       0x34 /opt/ST/STM32CubeCLT_1.16.0/GNU-tools-for-STM32/bin/../lib/gcc/arm-none-eabi/12.3.1/../../../../arm-none-eabi/lib/thumb/v7e-m+fp/hard/libm.a(libm_a-s_scalbn.o)
 .ARM.attributes
                0x0000111e       0x34 /opt/ST/STM32CubeCLT_1.16.0/GNU-tools-for-STM32/bin/../lib/gcc/arm-none-eabi/12.3.1/../../../../arm-none-eabi/lib/thumb/v7e-m+fp/hard/libm.a(libm_a-s_floor.o)
 .ARM.attributes
                0x00001152       0x22 /opt/ST/STM32CubeCLT_1.16.0/GNU-tools-for-STM32/bin/../lib/gcc/arm-none-eabi/12.3.1/thumb/v7e-m+fp/hard/libgcc.a(_arm_addsubdf3.o)
 .ARM.attributes
                0x00001174       0x22 /opt/ST/STM32CubeCLT_1.16.0/GNU-tools-for-STM32/bin/../lib/gcc/arm-none-eabi/12.3.1/thumb/v7e-m+fp/hard/libgcc.a(_arm_muldivdf3.o)
 .ARM.attributes
                0x00001196       0x22 /opt/ST/STM32CubeCLT_1.16.0/GNU-tools-for-STM32/bin/../lib/gcc/arm-none-eabi/12.3.1/thumb/v7e-m+fp/hard/libgcc.a(_arm_cmpdf2.o)
 .ARM.attributes
                0x000011b8       0x22 /opt/ST/STM32CubeCLT_1.16.0/GNU-tools-for-STM32/bin/../lib/gcc/arm-none-eabi/12.3.1/thumb/v7e-m+fp/hard/libgcc.a(_arm_unorddf2.o)
 .ARM.attributes
                0x000011da       0x22 /opt/ST/STM32CubeCLT_1.16.0/GNU-tools-for-STM32/bin/../lib/gcc/arm-none-eabi/12.3.1/thumb/v7e-m+fp/hard/libgcc.a(_arm_fixdfsi.o)
 .ARM.attributes
                0x000011fc       0x22 /opt/ST/STM32CubeCLT_1.16.0/GNU-tools-for-STM32/bin/../lib/gcc/arm-none-eabi/12.3.1/thumb/v7e-m+fp/hard/libgcc.a(_arm_truncdfsf2.o)
 .ARM.attributes
                0x0000121e       0x22 /opt/ST/STM32CubeCLT_1.16.0/GNU-tools-for-STM32/bin/../lib/gcc/arm-none-eabi/12.3.1/thumb/v7e-m+fp/hard/crtn.o
OUTPUT(build/BLDRV_Gen2_Firmware.elf elf32-littlearm)
LOAD linker stubs
LOAD /opt/ST/STM32CubeCLT_1.16.0/GNU-tools-for-STM32/bin/../lib/gcc/arm-none-eabi/12.3.1/../../../../arm-none-eabi/lib/thumb/v7e-m+fp/hard/libc.a
LOAD /opt/ST/STM32CubeCLT_1.16.0/GNU-tools-for-STM32/bin/../lib/gcc/arm-none-eabi/12.3.1/../../../../arm-none-eabi/lib/thumb/v7e-m+fp/hard/libm.a
LOAD /opt/ST/STM32CubeCLT_1.16.0/GNU-tools-for-STM32/bin/../lib/gcc/arm-none-eabi/12.3.1/thumb/v7e-m+fp/hard/libgcc.a

.debug_info     0x00000000    0x20f46
 .debug_info    0x00000000      0xa80 build/dma_printf.o
 .debug_info    0x00000a80      0x958 build/dma_scanf.o
 .debug_info    0x000013d8      0xac9 build/dma_ring.o
 .debug_info    0x00001ea1     0x2c18 build/main.o
 .debug_info    0x00004ab9      0x41d build/gpio.o
 .debug_info    0x00004ed6     0x15c4 build/tim.o
 .debug_info    0x0000649a      0xda1 build/stm32f3xx_it.o
 .debug_info    0x0000723b      0x1c9 build/stm32f3xx_hal_msp.o
 .debug_info    0x00007404     0x41ec build/stm32f3xx_hal_tim.o
 .debug_info    0x0000b5f0     0x1e27 build/stm32f3xx_hal_tim_ex.o
 .debug_info    0x0000d417      0x8d3 build/stm32f3xx_hal.o
 .debug_info    0x0000dcea     0x1661 build/stm32f3xx_hal_rcc.o
 .debug_info    0x0000f34b      0x66e build/stm32f3xx_hal_rcc_ex.o
 .debug_info    0x0000f9b9      0x824 build/stm32f3xx_hal_gpio.o
 .debug_info    0x000101dd      0x8f4 build/stm32f3xx_hal_dma.o
 .debug_info    0x00010ad1      0xe14 build/stm32f3xx_hal_cortex.o
 .debug_info    0x000118e5      0xa58 build/stm32f3xx_hal_i2c_ex.o
 .debug_info    0x0001233d      0x47d build/system_stm32f3xx.o
 .debug_info    0x000127ba      0x18c build/sysmem.o
 .debug_info    0x00012946      0x842 build/syscalls.o
 .debug_info    0x00013188      0x9e9 build/spi.o
 .debug_info    0x00013b71     0x231d build/stm32f3xx_hal_spi.o
 .debug_info    0x00015e8e      0xef8 build/usart.o
 .debug_info    0x00016d86     0x52f1 build/stm32f3xx_hal_uart.o
 .debug_info    0x0001c077     0x101f build/stm32f3xx_hal_uart_ex.o
 .debug_info    0x0001d096      0x425 build/dma.o
 .debug_info    0x0001d4bb      0xd4c build/adc.o
 .debug_info    0x0001e207      0xd01 build/stm32f3xx_hal_adc.o
 .debug_info    0x0001ef08     0x200e build/stm32f3xx_hal_adc_ex.o
 .debug_info    0x00020f16       0x30 build/startup_stm32f303x8.o

.debug_abbrev   0x00000000     0x4318
 .debug_abbrev  0x00000000      0x22c build/dma_printf.o
 .debug_abbrev  0x0000022c      0x1ff build/dma_scanf.o
 .debug_abbrev  0x0000042b      0x268 build/dma_ring.o
 .debug_abbrev  0x00000693      0x55d build/main.o
 .debug_abbrev  0x00000bf0      0x160 build/gpio.o
 .debug_abbrev  0x00000d50      0x29b build/tim.o
 .debug_abbrev  0x00000feb      0x1b3 build/stm32f3xx_it.o
 .debug_abbrev  0x0000119e       0xc1 build/stm32f3xx_hal_msp.o
 .debug_abbrev  0x0000125f      0x2bd build/stm32f3xx_hal_tim.o
 .debug_abbrev  0x0000151c      0x2b7 build/stm32f3xx_hal_tim_ex.o
 .debug_abbrev  0x000017d3      0x245 build/stm32f3xx_hal.o
 .debug_abbrev  0x00001a18      0x353 build/stm32f3xx_hal_rcc.o
 .debug_abbrev  0x00001d6b      0x266 build/stm32f3xx_hal_rcc_ex.o
 .debug_abbrev  0x00001fd1      0x222 build/stm32f3xx_hal_gpio.o
 .debug_abbrev  0x000021f3      0x26a build/stm32f3xx_hal_dma.o
 .debug_abbrev  0x0000245d      0x3aa build/stm32f3xx_hal_cortex.o
 .debug_abbrev  0x00002807      0x1b5 build/stm32f3xx_hal_i2c_ex.o
 .debug_abbrev  0x000029bc      0x11b build/system_stm32f3xx.o
 .debug_abbrev  0x00002ad7       0xeb build/sysmem.o
 .debug_abbrev  0x00002bc2      0x1e3 build/syscalls.o
 .debug_abbrev  0x00002da5      0x208 build/spi.o
 .debug_abbrev  0x00002fad      0x2b9 build/stm32f3xx_hal_spi.o
 .debug_abbrev  0x00003266      0x22b build/usart.o
 .debug_abbrev  0x00003491      0x334 build/stm32f3xx_hal_uart.o
 .debug_abbrev  0x000037c5      0x32e build/stm32f3xx_hal_uart_ex.o
 .debug_abbrev  0x00003af3      0x11d build/dma.o
 .debug_abbrev  0x00003c10      0x227 build/adc.o
 .debug_abbrev  0x00003e37      0x18d build/stm32f3xx_hal_adc.o
 .debug_abbrev  0x00003fc4      0x337 build/stm32f3xx_hal_adc_ex.o
 .debug_abbrev  0x000042fb       0x1d build/startup_stm32f303x8.o

.debug_loc      0x00000000    0x17bcb
 .debug_loc     0x00000000      0x148 build/dma_printf.o
 .debug_loc     0x00000148       0x8a build/dma_scanf.o
 .debug_loc     0x000001d2      0x212 build/dma_ring.o
 .debug_loc     0x000003e4      0x70b build/main.o
 .debug_loc     0x00000aef       0x38 build/gpio.o
 .debug_loc     0x00000b27      0x315 build/tim.o
 .debug_loc     0x00000e3c      0x120 build/stm32f3xx_it.o
 .debug_loc     0x00000f5c       0x2c build/stm32f3xx_hal_msp.o
 .debug_loc     0x00000f88     0x60ef build/stm32f3xx_hal_tim.o
 .debug_loc     0x00007077     0x2561 build/stm32f3xx_hal_tim_ex.o
 .debug_loc     0x000095d8      0x1e1 build/stm32f3xx_hal.o
 .debug_loc     0x000097b9      0xed5 build/stm32f3xx_hal_rcc.o
 .debug_loc     0x0000a68e      0x795 build/stm32f3xx_hal_rcc_ex.o
 .debug_loc     0x0000ae23      0x46f build/stm32f3xx_hal_gpio.o
 .debug_loc     0x0000b292      0x93c build/stm32f3xx_hal_dma.o
 .debug_loc     0x0000bbce      0x782 build/stm32f3xx_hal_cortex.o
 .debug_loc     0x0000c350      0x237 build/stm32f3xx_hal_i2c_ex.o